Archive member included to satisfy reference by file (symbol)

c:/arm-gnu-toolchain-12.2.mpacbti-rel1-mingw-w64-i686-arm-none-eabi/bin/../lib/gcc/arm-none-eabi/12.2.1/thumb/v7e-m+fp/hard\libgcc.a(_arm_muldf3.o)
                              CMakeFiles/dji_driver_v2.0.elf.dir/Core/Src/command.c.obj (__aeabi_dmul)
c:/arm-gnu-toolchain-12.2.mpacbti-rel1-mingw-w64-i686-arm-none-eabi/bin/../lib/gcc/arm-none-eabi/12.2.1/thumb/v7e-m+fp/hard\libgcc.a(_arm_addsubdf3.o)
                              CMakeFiles/dji_driver_v2.0.elf.dir/Core/Src/command.c.obj (__aeabi_i2d)
c:/arm-gnu-toolchain-12.2.mpacbti-rel1-mingw-w64-i686-arm-none-eabi/bin/../lib/gcc/arm-none-eabi/12.2.1/thumb/v7e-m+fp/hard\libgcc.a(_arm_muldivdf3.o)
                              CMakeFiles/dji_driver_v2.0.elf.dir/Core/Src/command.c.obj (__aeabi_ddiv)
c:/arm-gnu-toolchain-12.2.mpacbti-rel1-mingw-w64-i686-arm-none-eabi/bin/../lib/gcc/arm-none-eabi/12.2.1/thumb/v7e-m+fp/hard\libgcc.a(_arm_cmpdf2.o)
                              CMakeFiles/dji_driver_v2.0.elf.dir/BUPT_RobotTeam_Libraries/SimpleLib/utils/utils.c.obj (__aeabi_dcmplt)
c:/arm-gnu-toolchain-12.2.mpacbti-rel1-mingw-w64-i686-arm-none-eabi/bin/../lib/gcc/arm-none-eabi/12.2.1/thumb/v7e-m+fp/hard\libgcc.a(_arm_fixdfsi.o)
                              CMakeFiles/dji_driver_v2.0.elf.dir/Core/Src/motorTask.c.obj (__aeabi_d2iz)
c:/arm-gnu-toolchain-12.2.mpacbti-rel1-mingw-w64-i686-arm-none-eabi/bin/../lib/gcc/arm-none-eabi/12.2.1/thumb/v7e-m+fp/hard\libgcc.a(_arm_truncdfsf2.o)
                              CMakeFiles/dji_driver_v2.0.elf.dir/Core/Src/command.c.obj (__aeabi_d2f)
c:/arm-gnu-toolchain-12.2.mpacbti-rel1-mingw-w64-i686-arm-none-eabi/bin/../lib/gcc/arm-none-eabi/12.2.1/thumb/v7e-m+fp/hard\libgcc.a(_aeabi_uldivmod.o)
                              CMakeFiles/dji_driver_v2.0.elf.dir/Drivers/STM32F4xx_HAL_Driver/Src/stm32f4xx_hal_rcc.c.obj (__aeabi_uldivmod)
c:/arm-gnu-toolchain-12.2.mpacbti-rel1-mingw-w64-i686-arm-none-eabi/bin/../lib/gcc/arm-none-eabi/12.2.1/thumb/v7e-m+fp/hard\libgcc.a(_udivmoddi4.o)
                              c:/arm-gnu-toolchain-12.2.mpacbti-rel1-mingw-w64-i686-arm-none-eabi/bin/../lib/gcc/arm-none-eabi/12.2.1/thumb/v7e-m+fp/hard\libgcc.a(_aeabi_uldivmod.o) (__udivmoddi4)
c:/arm-gnu-toolchain-12.2.mpacbti-rel1-mingw-w64-i686-arm-none-eabi/bin/../lib/gcc/arm-none-eabi/12.2.1/thumb/v7e-m+fp/hard\libgcc.a(_dvmd_tls.o)
                              c:/arm-gnu-toolchain-12.2.mpacbti-rel1-mingw-w64-i686-arm-none-eabi/bin/../lib/gcc/arm-none-eabi/12.2.1/thumb/v7e-m+fp/hard\libgcc.a(_aeabi_uldivmod.o) (__aeabi_ldiv0)
c:/arm-gnu-toolchain-12.2.mpacbti-rel1-mingw-w64-i686-arm-none-eabi/bin/../lib/gcc/arm-none-eabi/12.2.1/thumb/v7e-m+fp/hard\libg.a(libc_a-assert.o)
                              CMakeFiles/dji_driver_v2.0.elf.dir/oslib/utils/oslib_hash.c.obj (__assert_func)
c:/arm-gnu-toolchain-12.2.mpacbti-rel1-mingw-w64-i686-arm-none-eabi/bin/../lib/gcc/arm-none-eabi/12.2.1/thumb/v7e-m+fp/hard\libg.a(libc_a-atof.o)
                              CMakeFiles/dji_driver_v2.0.elf.dir/oslib/example/cmd_func.c.obj (atof)
c:/arm-gnu-toolchain-12.2.mpacbti-rel1-mingw-w64-i686-arm-none-eabi/bin/../lib/gcc/arm-none-eabi/12.2.1/thumb/v7e-m+fp/hard\libg.a(libc_a-atoi.o)
                              CMakeFiles/dji_driver_v2.0.elf.dir/oslib/components/easylogger/port/elog_cmd.c.obj (atoi)
c:/arm-gnu-toolchain-12.2.mpacbti-rel1-mingw-w64-i686-arm-none-eabi/bin/../lib/gcc/arm-none-eabi/12.2.1/thumb/v7e-m+fp/hard\libg.a(libc_a-exit.o)
                              c:/arm-gnu-toolchain-12.2.mpacbti-rel1-mingw-w64-i686-arm-none-eabi/bin/../lib/gcc/arm-none-eabi/12.2.1/thumb/v7e-m+fp/hard/crt0.o (exit)
c:/arm-gnu-toolchain-12.2.mpacbti-rel1-mingw-w64-i686-arm-none-eabi/bin/../lib/gcc/arm-none-eabi/12.2.1/thumb/v7e-m+fp/hard\libg.a(libc_a-strtod.o)
                              c:/arm-gnu-toolchain-12.2.mpacbti-rel1-mingw-w64-i686-arm-none-eabi/bin/../lib/gcc/arm-none-eabi/12.2.1/thumb/v7e-m+fp/hard\libg.a(libc_a-atof.o) (strtod)
c:/arm-gnu-toolchain-12.2.mpacbti-rel1-mingw-w64-i686-arm-none-eabi/bin/../lib/gcc/arm-none-eabi/12.2.1/thumb/v7e-m+fp/hard\libg.a(libc_a-strtol.o)
                              c:/arm-gnu-toolchain-12.2.mpacbti-rel1-mingw-w64-i686-arm-none-eabi/bin/../lib/gcc/arm-none-eabi/12.2.1/thumb/v7e-m+fp/hard\libg.a(libc_a-atoi.o) (_strtol_r)
c:/arm-gnu-toolchain-12.2.mpacbti-rel1-mingw-w64-i686-arm-none-eabi/bin/../lib/gcc/arm-none-eabi/12.2.1/thumb/v7e-m+fp/hard\libg.a(libc_a-ctype_.o)
                              CMakeFiles/dji_driver_v2.0.elf.dir/oslib/components/easylogger/port/elog_cmd.c.obj (_ctype_)
c:/arm-gnu-toolchain-12.2.mpacbti-rel1-mingw-w64-i686-arm-none-eabi/bin/../lib/gcc/arm-none-eabi/12.2.1/thumb/v7e-m+fp/hard\libg.a(libc_a-fiprintf.o)
                              c:/arm-gnu-toolchain-12.2.mpacbti-rel1-mingw-w64-i686-arm-none-eabi/bin/../lib/gcc/arm-none-eabi/12.2.1/thumb/v7e-m+fp/hard\libg.a(libc_a-assert.o) (fiprintf)
[...]
Memory Configuration

Name             Origin             Length             Attributes
CCMRAM           0x10000000         0x00010000         xrw
RAM              0x20000000         0x00020000         xrw
FLASH            0x08000000         0x00100000         xr
*default*        0x00000000         0xffffffff

Linker script and memory map

LOAD c:/arm-gnu-toolchain-12.2.mpacbti-rel1-mingw-w64-i686-arm-none-eabi/bin/../lib/gcc/arm-none-eabi/12.2.1/thumb/v7e-m+fp/hard/crti.o
LOAD c:/arm-gnu-toolchain-12.2.mpacbti-rel1-mingw-w64-i686-arm-none-eabi/bin/../lib/gcc/arm-none-eabi/12.2.1/thumb/v7e-m+fp/hard/crtbegin.o
LOAD c:/arm-gnu-toolchain-12.2.mpacbti-rel1-mingw-w64-i686-arm-none-eabi/bin/../lib/gcc/arm-none-eabi/12.2.1/thumb/v7e-m+fp/hard/crt0.o
LOAD CMakeFiles/dji_driver_v2.0.elf.dir/Core/Src/can.c.obj
LOAD CMakeFiles/dji_driver_v2.0.elf.dir/Core/Src/command.c.obj
LOAD CMakeFiles/dji_driver_v2.0.elf.dir/Core/Src/ctrl.c.obj
LOAD CMakeFiles/dji_driver_v2.0.elf.dir/Core/Src/dma.c.obj
LOAD CMakeFiles/dji_driver_v2.0.elf.dir/Core/Src/freertos.c.obj
LOAD CMakeFiles/dji_driver_v2.0.elf.dir/Core/Src/gpio.c.obj
LOAD CMakeFiles/dji_driver_v2.0.elf.dir/Core/Src/main.c.obj
LOAD CMakeFiles/dji_driver_v2.0.elf.dir/Core/Src/motorTask.c.obj
LOAD CMakeFiles/dji_driver_v2.0.elf.dir/Core/Src/motorflash.c.obj
LOAD CMakeFiles/dji_driver_v2.0.elf.dir/Core/Src/stm32f4xx_hal_msp.c.obj
LOAD CMakeFiles/dji_driver_v2.0.elf.dir/Core/Src/stm32f4xx_hal_timebase_tim.c.obj
LOAD CMakeFiles/dji_driver_v2.0.elf.dir/Core/Src/stm32f4xx_it.c.obj
LOAD CMakeFiles/dji_driver_v2.0.elf.dir/Core/Src/syscalls.c.obj
LOAD CMakeFiles/dji_driver_v2.0.elf.dir/Core/Src/sysmem.c.obj
LOAD CMakeFiles/dji_driver_v2.0.elf.dir/Core/Src/system_stm32f4xx.c.obj
LOAD CMakeFiles/dji_driver_v2.0.elf.dir/Core/Src/tim.c.obj
LOAD CMakeFiles/dji_driver_v2.0.elf.dir/Core/Src/toolBoxScope.c.obj
LOAD CMakeFiles/dji_driver_v2.0.elf.dir/Core/Src/usart.c.obj
LOAD CMakeFiles/dji_driver_v2.0.elf.dir/BUPT_RobotTeam_Libraries/SimpleLib/utils/utils.c.obj
LOAD CMakeFiles/dji_driver_v2.0.elf.dir/Core/Startup/startup_stm32f405rgtx.s.obj
LOAD CMakeFiles/dji_driver_v2.0.elf.dir/Middlewares/Third_Party/FreeRTOS/Source/CMSIS_RTOS_V2/cmsis_os2.c.obj
LOAD CMakeFiles/dji_driver_v2.0.elf.dir/Middlewares/Third_Party/FreeRTOS/Source/croutine.c.obj
LOAD CMakeFiles/dji_driver_v2.0.elf.dir/Middlewares/Third_Party/FreeRTOS/Source/event_groups.c.obj
LOAD CMakeFiles/dji_driver_v2.0.elf.dir/Middlewares/Third_Party/FreeRTOS/Source/list.c.obj
LOAD CMakeFiles/dji_driver_v2.0.elf.dir/Middlewares/Third_Party/FreeRTOS/Source/portable/GCC/ARM_CM4F/port.c.obj
LOAD CMakeFiles/dji_driver_v2.0.elf.dir/Middlewares/Third_Party/FreeRTOS/Source/portable/MemMang/heap_4.c.obj
LOAD CMakeFiles/dji_driver_v2.0.elf.dir/Middlewares/Third_Party/FreeRTOS/Source/queue.c.obj
LOAD CMakeFiles/dji_driver_v2.0.elf.dir/Middlewares/Third_Party/FreeRTOS/Source/stream_buffer.c.obj
LOAD CMakeFiles/dji_driver_v2.0.elf.dir/Middlewares/Third_Party/FreeRTOS/Source/tasks.c.obj
LOAD CMakeFiles/dji_driver_v2.0.elf.dir/Middlewares/Third_Party/FreeRTOS/Source/timers.c.obj
LOAD CMakeFiles/dji_driver_v2.0.elf.dir/Drivers/STM32F4xx_HAL_Driver/Src/stm32f4xx_hal.c.obj
LOAD CMakeFiles/dji_driver_v2.0.elf.dir/Drivers/STM32F4xx_HAL_Driver/Src/stm32f4xx_hal_can.c.obj
LOAD CMakeFiles/dji_driver_v2.0.elf.dir/Drivers/STM32F4xx_HAL_Driver/Src/stm32f4xx_hal_cortex.c.obj
LOAD CMakeFiles/dji_driver_v2.0.elf.dir/Drivers/STM32F4xx_HAL_Driver/Src/stm32f4xx_hal_dma.c.obj
LOAD CMakeFiles/dji_driver_v2.0.elf.dir/Drivers/STM32F4xx_HAL_Driver/Src/stm32f4xx_hal_dma_ex.c.obj
LOAD CMakeFiles/dji_driver_v2.0.elf.dir/Drivers/STM32F4xx_HAL_Driver/Src/stm32f4xx_hal_exti.c.obj
LOAD CMakeFiles/dji_driver_v2.0.elf.dir/Drivers/STM32F4xx_HAL_Driver/Src/stm32f4xx_hal_flash.c.obj
LOAD CMakeFiles/dji_driver_v2.0.elf.dir/Drivers/STM32F4xx_HAL_Driver/Src/stm32f4xx_hal_flash_ex.c.obj
LOAD CMakeFiles/dji_driver_v2.0.elf.dir/Drivers/STM32F4xx_HAL_Driver/Src/stm32f4xx_hal_flash_ramfunc.c.obj
LOAD CMakeFiles/dji_driver_v2.0.elf.dir/Drivers/STM32F4xx_HAL_Driver/Src/stm32f4xx_hal_gpio.c.obj
LOAD CMakeFiles/dji_driver_v2.0.elf.dir/Drivers/STM32F4xx_HAL_Driver/Src/stm32f4xx_hal_pwr.c.obj
LOAD CMakeFiles/dji_driver_v2.0.elf.dir/Drivers/STM32F4xx_HAL_Driver/Src/stm32f4xx_hal_pwr_ex.c.obj
LOAD CMakeFiles/dji_driver_v2.0.elf.dir/Drivers/STM32F4xx_HAL_Driver/Src/stm32f4xx_hal_rcc.c.obj
LOAD CMakeFiles/dji_driver_v2.0.elf.dir/Drivers/STM32F4xx_HAL_Driver/Src/stm32f4xx_hal_rcc_ex.c.obj
LOAD CMakeFiles/dji_driver_v2.0.elf.dir/Drivers/STM32F4xx_HAL_Driver/Src/stm32f4xx_hal_tim.c.obj
LOAD CMakeFiles/dji_driver_v2.0.elf.dir/Drivers/STM32F4xx_HAL_Driver/Src/stm32f4xx_hal_tim_ex.c.obj
LOAD CMakeFiles/dji_driver_v2.0.elf.dir/Drivers/STM32F4xx_HAL_Driver/Src/stm32f4xx_hal_uart.c.obj
LOAD CMakeFiles/dji_driver_v2.0.elf.dir/oslib/oslib.c.obj
LOAD CMakeFiles/dji_driver_v2.0.elf.dir/oslib/port/stm32f407zg/oslib_can_port.c.obj
LOAD CMakeFiles/dji_driver_v2.0.elf.dir/oslib/port/stm32f407zg/oslib_uart_port.c.obj
LOAD CMakeFiles/dji_driver_v2.0.elf.dir/oslib/can/oslib_can.c.obj
LOAD CMakeFiles/dji_driver_v2.0.elf.dir/oslib/can/oslib_can_dispatch.c.obj
LOAD CMakeFiles/dji_driver_v2.0.elf.dir/oslib/uart/oslib_uart.c.obj
LOAD CMakeFiles/dji_driver_v2.0.elf.dir/oslib/uart/oslib_uart_cmd.c.obj
LOAD CMakeFiles/dji_driver_v2.0.elf.dir/oslib/utils/oslib_hash.c.obj
LOAD CMakeFiles/dji_driver_v2.0.elf.dir/oslib/debug/SEGGER_RTT.c.obj
LOAD CMakeFiles/dji_driver_v2.0.elf.dir/oslib/debug/SEGGER_RTT_ASM_ARMv7M.S.obj
LOAD CMakeFiles/dji_driver_v2.0.elf.dir/oslib/debug/SEGGER_RTT_printf.c.obj
LOAD CMakeFiles/dji_driver_v2.0.elf.dir/oslib/components/easylogger/port/elog_port.c.obj
LOAD CMakeFiles/dji_driver_v2.0.elf.dir/oslib/components/easylogger/port/elog_cmd.c.obj
LOAD CMakeFiles/dji_driver_v2.0.elf.dir/oslib/components/easylogger/src/elog.c.obj
LOAD CMakeFiles/dji_driver_v2.0.elf.dir/oslib/components/easylogger/src/elog_async.c.obj
LOAD CMakeFiles/dji_driver_v2.0.elf.dir/oslib/components/easylogger/src/elog_utils.c.obj
LOAD CMakeFiles/dji_driver_v2.0.elf.dir/oslib/components/vofaDataDriver/vofaDataDriver.c.obj
LOAD CMakeFiles/dji_driver_v2.0.elf.dir/oslib/example/can_func.c.obj
LOAD CMakeFiles/dji_driver_v2.0.elf.dir/oslib/example/cmd_func.c.obj
START GROUP
LOAD c:/arm-gnu-toolchain-12.2.mpacbti-rel1-mingw-w64-i686-arm-none-eabi/bin/../lib/gcc/arm-none-eabi/12.2.1/thumb/v7e-m+fp/hard\libgcc.a
LOAD c:/arm-gnu-toolchain-12.2.mpacbti-rel1-mingw-w64-i686-arm-none-eabi/bin/../lib/gcc/arm-none-eabi/12.2.1/thumb/v7e-m+fp/hard\libg.a
LOAD c:/arm-gnu-toolchain-12.2.mpacbti-rel1-mingw-w64-i686-arm-none-eabi/bin/../lib/gcc/arm-none-eabi/12.2.1/thumb/v7e-m+fp/hard\libc.a
END GROUP
LOAD c:/arm-gnu-toolchain-12.2.mpacbti-rel1-mingw-w64-i686-arm-none-eabi/bin/../lib/gcc/arm-none-eabi/12.2.1/thumb/v7e-m+fp/hard/crtend.o
LOAD c:/arm-gnu-toolchain-12.2.mpacbti-rel1-mingw-w64-i686-arm-none-eabi/bin/../lib/gcc/arm-none-eabi/12.2.1/thumb/v7e-m+fp/hard/crtn.o
                0x20020000                        _estack = (ORIGIN (RAM) + LENGTH (RAM))
                0x00001000                        _Min_Heap_Size = 0x1000
                0x00001200                        _Min_Stack_Size = 0x1200

.isr_vector     0x08000000      0x188
                0x08000000                        . = ALIGN (0x4)
 *(.isr_vector)
 .isr_vector    0x08000000      0x188 CMakeFiles/dji_driver_v2.0.elf.dir/Core/Startup/startup_stm32f405rgtx.s.obj
                0x08000000                g_pfnVectors
                0x08000188                        . = ALIGN (0x4)

.text           0x080001c0    0x13b88
                0x080001c0                        . = ALIGN (0x4)
 *(.text)
 .text          0x080001c0      0x378 c:/arm-gnu-toolchain-12.2.mpacbti-rel1-mingw-w64-i686-arm-none-eabi/bin/../lib/gcc/arm-none-eabi/12.2.1/thumb/v7e-m+fp/hard\libgcc.a(_arm_addsubdf3.o)
                0x080001c0                __aeabi_drsub
                0x080001c8                __aeabi_dsub
                0x080001c8                __subdf3
                0x080001cc                __aeabi_dadd
                0x080001cc                __adddf3
                0x08000444                __floatunsidf
                0x08000444                __aeabi_ui2d
                0x08000464                __floatsidf
                0x08000464                __aeabi_i2d
                0x08000488                __aeabi_f2d
                0x08000488                __extendsfdf2
                0x080004cc                __floatundidf
                0x080004cc                __aeabi_ul2d
                0x080004dc                __floatdidf
                0x080004dc                __aeabi_l2d
 .text          0x08000538      0x424 c:/arm-gnu-toolchain-12.2.mpacbti-rel1-mingw-w64-i686-arm-none-eabi/bin/../lib/gcc/arm-none-eabi/12.2.1/thumb/v7e-m+fp/hard\libgcc.a(_arm_muldivdf3.o)
                0x08000538                __aeabi_dmul
                0x08000538                __muldf3
                0x0800078c                __divdf3
                0x0800078c                __aeabi_ddiv
 .text          0x0800095c      0x110 c:/arm-gnu-toolchain-12.2.mpacbti-rel1-mingw-w64-i686-arm-none-eabi/bin/../lib/gcc/arm-none-eabi/12.2.1/thumb/v7e-m+fp/hard\libgcc.a(_arm_cmpdf2.o)
                0x0800095c                __gtdf2
                0x0800095c                __gedf2
                0x08000964                __ltdf2
                0x08000964                __ledf2
                0x0800096c                __nedf2
                0x0800096c                __eqdf2
                0x0800096c                __cmpdf2
                0x080009e8                __aeabi_cdrcmple
                0x080009f8                __aeabi_cdcmpeq
                0x080009f8                __aeabi_cdcmple
                0x08000a08                __aeabi_dcmpeq
                0x08000a1c                __aeabi_dcmplt
                0x08000a30                __aeabi_dcmple
                0x08000a44                __aeabi_dcmpge
                0x08000a58                __aeabi_dcmpgt
 .text          0x08000a6c       0x50 c:/arm-gnu-toolchain-12.2.mpacbti-rel1-mingw-w64-i686-arm-none-eabi/bin/../lib/gcc/arm-none-eabi/12.2.1/thumb/v7e-m+fp/hard\libgcc.a(_arm_fixdfsi.o)
                0x08000a6c                __aeabi_d2iz
                0x08000a6c                __fixdfsi
 .text          0x08000abc       0xa0 c:/arm-gnu-toolchain-12.2.mpacbti-rel1-mingw-w64-i686-arm-none-eabi/bin/../lib/gcc/arm-none-eabi/12.2.1/thumb/v7e-m+fp/hard\libgcc.a(_arm_truncdfsf2.o)
                0x08000abc                __truncdfsf2
                0x08000abc                __aeabi_d2f
 .text          0x08000b5c       0x30 c:/arm-gnu-toolchain-12.2.mpacbti-rel1-mingw-w64-i686-arm-none-eabi/bin/../lib/gcc/arm-none-eabi/12.2.1/thumb/v7e-m+fp/hard\libgcc.a(_aeabi_uldivmod.o)
                0x08000b5c                __aeabi_uldivmod
 .text          0x08000b8c        0x4 c:/arm-gnu-toolchain-12.2.mpacbti-rel1-mingw-w64-i686-arm-none-eabi/bin/../lib/gcc/arm-none-eabi/12.2.1/thumb/v7e-m+fp/hard\libgcc.a(_dvmd_tls.o)
                0x08000b8c                __aeabi_idiv0
                0x08000b8c                __aeabi_ldiv0
 *fill*         0x08000b90       0x10 
 .text          0x08000ba0      0x2e0 c:/arm-gnu-toolchain-12.2.mpacbti-rel1-mingw-w64-i686-arm-none-eabi/bin/../lib/gcc/arm-none-eabi/12.2.1/thumb/v7e-m+fp/hard\libg.a(libc_a-strcmp.o)
                0x08000ba0                strcmp
 .text          0x08000e80       0xa0 c:/arm-gnu-toolchain-12.2.mpacbti-rel1-mingw-w64-i686-arm-none-eabi/bin/../lib/gcc/arm-none-eabi/12.2.1/thumb/v7e-m+fp/hard\libg.a(libc_a-memchr.o)
                0x08000e80                memchr
 .text          0x08000f20      0x134 c:/arm-gnu-toolchain-12.2.mpacbti-rel1-mingw-w64-i686-arm-none-eabi/bin/../lib/gcc/arm-none-eabi/12.2.1/thumb/v7e-m+fp/hard\libg.a(libc_a-memcpy.o)
                0x08000f20                memcpy
 *fill*         0x08001054       0x2c 
 .text          0x08001080       0xd8 c:/arm-gnu-toolchain-12.2.mpacbti-rel1-mingw-w64-i686-arm-none-eabi/bin/../lib/gcc/arm-none-eabi/12.2.1/thumb/v7e-m+fp/hard\libg.a(libc_a-strlen.o)
                0x08001080                strlen
 .text          0x08001158       0x2c c:/arm-gnu-toolchain-12.2.mpacbti-rel1-mingw-w64-i686-arm-none-eabi/bin/../lib/gcc/arm-none-eabi/12.2.1/thumb/v7e-m+fp/hard\libgcc.a(_arm_unorddf2.o)
                0x08001158                __unorddf2
                0x08001158                __aeabi_dcmpun
 .text          0x08001184       0x40 c:/arm-gnu-toolchain-12.2.mpacbti-rel1-mingw-w64-i686-arm-none-eabi/bin/../lib/gcc/arm-none-eabi/12.2.1/thumb/v7e-m+fp/hard\libgcc.a(_arm_fixunsdfsi.o)
                0x08001184                __aeabi_d2uiz
                0x08001184                __fixunsdfsi
 *(.text*)
 .text.deregister_tm_clones
                0x080011c4       0x1c c:/arm-gnu-toolchain-12.2.mpacbti-rel1-mingw-w64-i686-arm-none-eabi/bin/../lib/gcc/arm-none-eabi/12.2.1/thumb/v7e-m+fp/hard/crtbegin.o
 .text.register_tm_clones
                0x080011e0       0x24 c:/arm-gnu-toolchain-12.2.mpacbti-rel1-mingw-w64-i686-arm-none-eabi/bin/../lib/gcc/arm-none-eabi/12.2.1/thumb/v7e-m+fp/hard/crtbegin.o
 .text.__do_global_dtors_aux
                0x08001204       0x28 c:/arm-gnu-toolchain-12.2.mpacbti-rel1-mingw-w64-i686-arm-none-eabi/bin/../lib/gcc/arm-none-eabi/12.2.1/thumb/v7e-m+fp/hard/crtbegin.o
 .text.frame_dummy
                0x0800122c       0x24 c:/arm-gnu-toolchain-12.2.mpacbti-rel1-mingw-w64-i686-arm-none-eabi/bin/../lib/gcc/arm-none-eabi/12.2.1/thumb/v7e-m+fp/hard/crtbegin.o
 .text.MX_CAN1_Init
                0x08001250       0x44 CMakeFiles/dji_driver_v2.0.elf.dir/Core/Src/can.c.obj
                0x08001250                MX_CAN1_Init
 .text.MX_CAN2_Init
                0x08001294       0x44 CMakeFiles/dji_driver_v2.0.elf.dir/Core/Src/can.c.obj
                0x08001294                MX_CAN2_Init
 .text.HAL_CAN_MspInit
                0x080012d8      0x160 CMakeFiles/dji_driver_v2.0.elf.dir/Core/Src/can.c.obj
                0x080012d8                HAL_CAN_MspInit
 .text.MotorOn  0x08001438       0x5c CMakeFiles/dji_driver_v2.0.elf.dir/Core/Src/command.c.obj
                0x08001438                MotorOn
 .text.MotorOff
                0x08001494       0x14 CMakeFiles/dji_driver_v2.0.elf.dir/Core/Src/command.c.obj
                0x08001494                MotorOff
 .text.VelLoopCfg
                0x080014a8       0x54 CMakeFiles/dji_driver_v2.0.elf.dir/Core/Src/command.c.obj
                0x080014a8                VelLoopCfg
 .text.PosLoopCfg
                0x080014fc       0x6c CMakeFiles/dji_driver_v2.0.elf.dir/Core/Src/command.c.obj
                0x080014fc                PosLoopCfg
 .text.NoInitPosCfg
                0x08001568       0x60 CMakeFiles/dji_driver_v2.0.elf.dir/Core/Src/command.c.obj
                0x08001568                NoInitPosCfg
 .text.CurLoopCfg
                0x080015c8       0x54 CMakeFiles/dji_driver_v2.0.elf.dir/Core/Src/command.c.obj
                0x080015c8                CurLoopCfg
 .text.LimitVelCfg
                0x0800161c       0x48 CMakeFiles/dji_driver_v2.0.elf.dir/Core/Src/command.c.obj
                0x0800161c                LimitVelCfg
 .text.HomingModeCfg
                0x08001664       0xe4 CMakeFiles/dji_driver_v2.0.elf.dir/Core/Src/command.c.obj
                0x08001664                HomingModeCfg
 .text.SetVelCtrl
                0x08001748       0x34 CMakeFiles/dji_driver_v2.0.elf.dir/Core/Src/command.c.obj
                0x08001748                SetVelCtrl
 .text.SetPosCtrl
                0x0800177c       0x54 CMakeFiles/dji_driver_v2.0.elf.dir/Core/Src/command.c.obj
                0x0800177c                SetPosCtrl
 .text.SetCurCtrl
                0x080017d0       0x34 CMakeFiles/dji_driver_v2.0.elf.dir/Core/Src/command.c.obj
                0x080017d0                SetCurCtrl
 .text.GetVel   0x08001804       0x20 CMakeFiles/dji_driver_v2.0.elf.dir/Core/Src/command.c.obj
                0x08001804                GetVel
 .text.GetCur   0x08001824       0x1c CMakeFiles/dji_driver_v2.0.elf.dir/Core/Src/command.c.obj
                0x08001824                GetCur
 .text.GetPos   0x08001840       0x2c CMakeFiles/dji_driver_v2.0.elf.dir/Core/Src/command.c.obj
                0x08001840                GetPos
 .text.RM_3508_init
                0x0800186c       0xb8 CMakeFiles/dji_driver_v2.0.elf.dir/Core/Src/ctrl.c.obj
                0x0800186c                RM_3508_init
 .text.M_2006_init
                0x08001924       0xa8 CMakeFiles/dji_driver_v2.0.elf.dir/Core/Src/ctrl.c.obj
                0x08001924                M_2006_init
 .text.GM_6020_init
                0x080019cc       0xa4 CMakeFiles/dji_driver_v2.0.elf.dir/Core/Src/ctrl.c.obj
                0x080019cc                GM_6020_init
 .text.DriverInit
                0x08001a70      0x11c CMakeFiles/dji_driver_v2.0.elf.dir/Core/Src/ctrl.c.obj
                0x08001a70                DriverInit
 .text.UpdateSpeedPos
                0x08001b8c       0x58 CMakeFiles/dji_driver_v2.0.elf.dir/Core/Src/ctrl.c.obj
                0x08001b8c                UpdateSpeedPos
 .text.InformPosArrival
                0x08001be4       0x3c CMakeFiles/dji_driver_v2.0.elf.dir/Core/Src/ctrl.c.obj
                0x08001be4                InformPosArrival
 .text.InformHomingOver
                0x08001c20       0x3c CMakeFiles/dji_driver_v2.0.elf.dir/Core/Src/ctrl.c.obj
                0x08001c20                InformHomingOver
 .text.MaxMinLimit
                0x08001c5c       0x26 CMakeFiles/dji_driver_v2.0.elf.dir/Core/Src/ctrl.c.obj
                0x08001c5c                MaxMinLimit
 *fill*         0x08001c82        0x2 
 .text.PosCtrl  0x08001c84       0x54 CMakeFiles/dji_driver_v2.0.elf.dir/Core/Src/ctrl.c.obj
                0x08001c84                PosCtrl
 .text.VelCtrl  0x08001cd8       0x20 CMakeFiles/dji_driver_v2.0.elf.dir/Core/Src/ctrl.c.obj
                0x08001cd8                VelCtrl
 .text.SpeedLimitMode
                0x08001cf8       0xe8 CMakeFiles/dji_driver_v2.0.elf.dir/Core/Src/ctrl.c.obj
                0x08001cf8                SpeedLimitMode
 .text.HomingMode
                0x08001de0       0xc0 CMakeFiles/dji_driver_v2.0.elf.dir/Core/Src/ctrl.c.obj
                0x08001de0                HomingMode
 .text.MotorCtrl
                0x08001ea0      0x23c CMakeFiles/dji_driver_v2.0.elf.dir/Core/Src/ctrl.c.obj
                0x08001ea0                MotorCtrl
 .text.MX_DMA_Init
                0x080020dc       0x44 CMakeFiles/dji_driver_v2.0.elf.dir/Core/Src/dma.c.obj
                0x080020dc                MX_DMA_Init
 .text.StartDefaultTask
                0x08002120        0x6 CMakeFiles/dji_driver_v2.0.elf.dir/Core/Src/freertos.c.obj
                0x08002120                StartDefaultTask
 *fill*         0x08002126        0x2 
 .text.MX_FREERTOS_Init
                0x08002128       0xc4 CMakeFiles/dji_driver_v2.0.elf.dir/Core/Src/freertos.c.obj
                0x08002128                MX_FREERTOS_Init
 .text.MX_GPIO_Init
                0x080021ec       0x94 CMakeFiles/dji_driver_v2.0.elf.dir/Core/Src/gpio.c.obj
                0x080021ec                MX_GPIO_Init
 .text.HAL_TIM_PeriodElapsedCallback
                0x08002280       0x58 CMakeFiles/dji_driver_v2.0.elf.dir/Core/Src/main.c.obj
                0x08002280                HAL_TIM_PeriodElapsedCallback
 .text.Error_Handler
                0x080022d8        0x4 CMakeFiles/dji_driver_v2.0.elf.dir/Core/Src/main.c.obj
                0x080022d8                Error_Handler
 .text.SystemClock_Config
                0x080022dc       0xa8 CMakeFiles/dji_driver_v2.0.elf.dir/Core/Src/main.c.obj
                0x080022dc                SystemClock_Config
 .text.main     0x08002384       0x3c CMakeFiles/dji_driver_v2.0.elf.dir/Core/Src/main.c.obj
                0x08002384                main
 .text.can1ReceiveFunc
                0x080023c0       0xcc CMakeFiles/dji_driver_v2.0.elf.dir/Core/Src/motorTask.c.obj
                0x080023c0                can1ReceiveFunc
 .text.can1SendFunc
                0x0800248c        0x6 CMakeFiles/dji_driver_v2.0.elf.dir/Core/Src/motorTask.c.obj
                0x0800248c                can1SendFunc
 *fill*         0x08002492        0x2 
 .text.SetCur   0x08002494       0x84 CMakeFiles/dji_driver_v2.0.elf.dir/Core/Src/motorTask.c.obj
                0x08002494                SetCur
 .text.returnInfo
                0x08002518       0x8c CMakeFiles/dji_driver_v2.0.elf.dir/Core/Src/motorTask.c.obj
                0x08002518                returnInfo
 .text.can2Handle
                0x080025a4       0x90 CMakeFiles/dji_driver_v2.0.elf.dir/Core/Src/motorTask.c.obj
                0x080025a4                can2Handle
 .text.VelCtrlAll
                0x08002634       0x3c CMakeFiles/dji_driver_v2.0.elf.dir/Core/Src/motorTask.c.obj
                0x08002634                VelCtrlAll
 .text.PosCtrlAll
                0x08002670       0x68 CMakeFiles/dji_driver_v2.0.elf.dir/Core/Src/motorTask.c.obj
                0x08002670                PosCtrlAll
 .text.can2ReceiveFunc
                0x080026d8       0x54 CMakeFiles/dji_driver_v2.0.elf.dir/Core/Src/motorTask.c.obj
                0x080026d8                can2ReceiveFunc
 .text.motor_WriteParam
                0x0800272c       0xa4 CMakeFiles/dji_driver_v2.0.elf.dir/Core/Src/motorflash.c.obj
                0x0800272c                motor_WriteParam
 .text.motor_ReadParam
                0x080027d0       0x5c CMakeFiles/dji_driver_v2.0.elf.dir/Core/Src/motorflash.c.obj
                0x080027d0                motor_ReadParam
 .text.HAL_MspInit
                0x0800282c       0x44 CMakeFiles/dji_driver_v2.0.elf.dir/Core/Src/stm32f4xx_hal_msp.c.obj
                0x0800282c                HAL_MspInit
 .text.HAL_InitTick
                0x08002870       0xa4 CMakeFiles/dji_driver_v2.0.elf.dir/Core/Src/stm32f4xx_hal_timebase_tim.c.obj
                0x08002870                HAL_InitTick
 .text.NMI_Handler
                0x08002914        0x2 CMakeFiles/dji_driver_v2.0.elf.dir/Core/Src/stm32f4xx_it.c.obj
                0x08002914                NMI_Handler
 .text.HardFault_Handler
                0x08002916        0x2 CMakeFiles/dji_driver_v2.0.elf.dir/Core/Src/stm32f4xx_it.c.obj
                0x08002916                HardFault_Handler
 .text.MemManage_Handler
                0x08002918        0x2 CMakeFiles/dji_driver_v2.0.elf.dir/Core/Src/stm32f4xx_it.c.obj
                0x08002918                MemManage_Handler
 .text.BusFault_Handler
                0x0800291a        0x2 CMakeFiles/dji_driver_v2.0.elf.dir/Core/Src/stm32f4xx_it.c.obj
                0x0800291a                BusFault_Handler
 .text.UsageFault_Handler
                0x0800291c        0x2 CMakeFiles/dji_driver_v2.0.elf.dir/Core/Src/stm32f4xx_it.c.obj
                0x0800291c                UsageFault_Handler
 .text.DebugMon_Handler
                0x0800291e        0x2 CMakeFiles/dji_driver_v2.0.elf.dir/Core/Src/stm32f4xx_it.c.obj
                0x0800291e                DebugMon_Handler
 .text.DMA1_Stream1_IRQHandler
                0x08002920       0x10 CMakeFiles/dji_driver_v2.0.elf.dir/Core/Src/stm32f4xx_it.c.obj
                0x08002920                DMA1_Stream1_IRQHandler
 .text.DMA1_Stream3_IRQHandler
                0x08002930       0x10 CMakeFiles/dji_driver_v2.0.elf.dir/Core/Src/stm32f4xx_it.c.obj
                0x08002930                DMA1_Stream3_IRQHandler
 .text.CAN1_TX_IRQHandler
                0x08002940       0x10 CMakeFiles/dji_driver_v2.0.elf.dir/Core/Src/stm32f4xx_it.c.obj
                0x08002940                CAN1_TX_IRQHandler
 .text.CAN1_RX0_IRQHandler
                0x08002950       0x10 CMakeFiles/dji_driver_v2.0.elf.dir/Core/Src/stm32f4xx_it.c.obj
                0x08002950                CAN1_RX0_IRQHandler
 .text.CAN1_RX1_IRQHandler
                0x08002960       0x10 CMakeFiles/dji_driver_v2.0.elf.dir/Core/Src/stm32f4xx_it.c.obj
                0x08002960                CAN1_RX1_IRQHandler
 .text.TIM2_IRQHandler
                0x08002970       0x10 CMakeFiles/dji_driver_v2.0.elf.dir/Core/Src/stm32f4xx_it.c.obj
                0x08002970                TIM2_IRQHandler
 .text.USART3_IRQHandler
                0x08002980       0x24 CMakeFiles/dji_driver_v2.0.elf.dir/Core/Src/stm32f4xx_it.c.obj
                0x08002980                USART3_IRQHandler
 .text.TIM8_TRG_COM_TIM14_IRQHandler
                0x080029a4       0x10 CMakeFiles/dji_driver_v2.0.elf.dir/Core/Src/stm32f4xx_it.c.obj
                0x080029a4                TIM8_TRG_COM_TIM14_IRQHandler
 .text.CAN2_TX_IRQHandler
                0x080029b4       0x10 CMakeFiles/dji_driver_v2.0.elf.dir/Core/Src/stm32f4xx_it.c.obj
                0x080029b4                CAN2_TX_IRQHandler
 .text.CAN2_RX0_IRQHandler
                0x080029c4       0x10 CMakeFiles/dji_driver_v2.0.elf.dir/Core/Src/stm32f4xx_it.c.obj
                0x080029c4                CAN2_RX0_IRQHandler
 .text.CAN2_RX1_IRQHandler
                0x080029d4       0x10 CMakeFiles/dji_driver_v2.0.elf.dir/Core/Src/stm32f4xx_it.c.obj
                0x080029d4                CAN2_RX1_IRQHandler
 .text._getpid  0x080029e4        0x4 CMakeFiles/dji_driver_v2.0.elf.dir/Core/Src/syscalls.c.obj
                0x080029e4                _getpid
 .text._kill    0x080029e8       0x10 CMakeFiles/dji_driver_v2.0.elf.dir/Core/Src/syscalls.c.obj
                0x080029e8                _kill
 .text._exit    0x080029f8        0xc CMakeFiles/dji_driver_v2.0.elf.dir/Core/Src/syscalls.c.obj
                0x080029f8                _exit
 .text._read    0x08002a04       0x20 CMakeFiles/dji_driver_v2.0.elf.dir/Core/Src/syscalls.c.obj
                0x08002a04                _read
 .text._write   0x08002a24       0x1c CMakeFiles/dji_driver_v2.0.elf.dir/Core/Src/syscalls.c.obj
                0x08002a24                _write
 .text._close   0x08002a40        0x6 CMakeFiles/dji_driver_v2.0.elf.dir/Core/Src/syscalls.c.obj
                0x08002a40                _close
 .text._fstat   0x08002a46        0xa CMakeFiles/dji_driver_v2.0.elf.dir/Core/Src/syscalls.c.obj
                0x08002a46                _fstat
 .text._isatty  0x08002a50        0x4 CMakeFiles/dji_driver_v2.0.elf.dir/Core/Src/syscalls.c.obj
                0x08002a50                _isatty
 .text._lseek   0x08002a54        0x4 CMakeFiles/dji_driver_v2.0.elf.dir/Core/Src/syscalls.c.obj
                0x08002a54                _lseek
 .text._sbrk    0x08002a58       0x48 CMakeFiles/dji_driver_v2.0.elf.dir/Core/Src/sysmem.c.obj
                0x08002a58                _sbrk
 .text.SystemInit
                0x08002aa0       0x1c CMakeFiles/dji_driver_v2.0.elf.dir/Core/Src/system_stm32f4xx.c.obj
                0x08002aa0                SystemInit
 .text.MX_TIM2_Init
                0x08002abc       0x6c CMakeFiles/dji_driver_v2.0.elf.dir/Core/Src/tim.c.obj
                0x08002abc                MX_TIM2_Init
 .text.HAL_TIM_Base_MspInit
                0x08002b28       0x3c CMakeFiles/dji_driver_v2.0.elf.dir/Core/Src/tim.c.obj
                0x08002b28                HAL_TIM_Base_MspInit
 .text.crc16    0x08002b64       0x34 CMakeFiles/dji_driver_v2.0.elf.dir/Core/Src/toolBoxScope.c.obj
                0x08002b64                crc16
 .text.toolBox_scope
                0x08002b98      0x108 CMakeFiles/dji_driver_v2.0.elf.dir/Core/Src/toolBoxScope.c.obj
                0x08002b98                toolBox_scope
 .text.MX_USART3_UART_Init
                0x08002ca0       0x34 CMakeFiles/dji_driver_v2.0.elf.dir/Core/Src/usart.c.obj
                0x08002ca0                MX_USART3_UART_Init
 .text.HAL_UART_MspInit
                0x08002cd4       0xfc CMakeFiles/dji_driver_v2.0.elf.dir/Core/Src/usart.c.obj
                0x08002cd4                HAL_UART_MspInit
 .text.PID_GetOutput
                0x08002dd0       0xb4 CMakeFiles/dji_driver_v2.0.elf.dir/BUPT_RobotTeam_Libraries/SimpleLib/utils/utils.c.obj
                0x08002dd0                PID_GetOutput
 .text.PID_Reset
                0x08002e84        0xa CMakeFiles/dji_driver_v2.0.elf.dir/BUPT_RobotTeam_Libraries/SimpleLib/utils/utils.c.obj
                0x08002e84                PID_Reset
 *fill*         0x08002e8e        0x2 
 .text.Reset_Handler
                0x08002e90       0x50 CMakeFiles/dji_driver_v2.0.elf.dir/Core/Startup/startup_stm32f405rgtx.s.obj
                0x08002e90                Reset_Handler
 .text.Default_Handler
                0x08002ee0        0x2 CMakeFiles/dji_driver_v2.0.elf.dir/Core/Startup/startup_stm32f405rgtx.s.obj
                0x08002ee0                RTC_Alarm_IRQHandler
                0x08002ee0                HASH_RNG_IRQHandler
                0x08002ee0                EXTI2_IRQHandler
                0x08002ee0                TIM8_CC_IRQHandler
                0x08002ee0                TIM1_CC_IRQHandler
                0x08002ee0                DMA2_Stream5_IRQHandler
                0x08002ee0                DMA1_Stream5_IRQHandler
                0x08002ee0                PVD_IRQHandler
                0x08002ee0                SDIO_IRQHandler
                0x08002ee0                TAMP_STAMP_IRQHandler
                0x08002ee0                EXTI3_IRQHandler
                0x08002ee0                TIM1_UP_TIM10_IRQHandler
                0x08002ee0                TIM8_UP_TIM13_IRQHandler
                0x08002ee0                I2C3_ER_IRQHandler
                0x08002ee0                EXTI0_IRQHandler
                0x08002ee0                I2C2_EV_IRQHandler
                0x08002ee0                DMA1_Stream2_IRQHandler
                0x08002ee0                FPU_IRQHandler
                0x08002ee0                OTG_HS_WKUP_IRQHandler
                0x08002ee0                CAN2_SCE_IRQHandler
                0x08002ee0                DMA2_Stream2_IRQHandler
                0x08002ee0                SPI1_IRQHandler
                0x08002ee0                TIM6_DAC_IRQHandler
                0x08002ee0                TIM1_BRK_TIM9_IRQHandler
                0x08002ee0                DMA2_Stream3_IRQHandler
                0x08002ee0                USART6_IRQHandler
                0x08002ee0                UART5_IRQHandler
                0x08002ee0                DMA2_Stream0_IRQHandler
                0x08002ee0                TIM4_IRQHandler
                0x08002ee0                I2C1_EV_IRQHandler
                0x08002ee0                DMA1_Stream6_IRQHandler
                0x08002ee0                UART4_IRQHandler
                0x08002ee0                TIM3_IRQHandler
                0x08002ee0                RCC_IRQHandler
                0x08002ee0                TIM8_BRK_TIM12_IRQHandler
                0x08002ee0                Default_Handler
                0x08002ee0                EXTI15_10_IRQHandler
                0x08002ee0                ADC_IRQHandler
                0x08002ee0                DMA1_Stream7_IRQHandler
                0x08002ee0                TIM7_IRQHandler
                0x08002ee0                TIM5_IRQHandler
                0x08002ee0                DMA2_Stream7_IRQHandler
                0x08002ee0                I2C3_EV_IRQHandler
                0x08002ee0                EXTI9_5_IRQHandler
                0x08002ee0                RTC_WKUP_IRQHandler
                0x08002ee0                SPI2_IRQHandler
                0x08002ee0                OTG_HS_EP1_IN_IRQHandler
                0x08002ee0                DMA1_Stream0_IRQHandler
                0x08002ee0                EXTI4_IRQHandler
                0x08002ee0                FSMC_IRQHandler
                0x08002ee0                OTG_HS_EP1_OUT_IRQHandler
                0x08002ee0                WWDG_IRQHandler
                0x08002ee0                OTG_FS_WKUP_IRQHandler
                0x08002ee0                TIM1_TRG_COM_TIM11_IRQHandler
                0x08002ee0                OTG_HS_IRQHandler
                0x08002ee0                EXTI1_IRQHandler
                0x08002ee0                USART2_IRQHandler
                0x08002ee0                I2C2_ER_IRQHandler
                0x08002ee0                DMA2_Stream1_IRQHandler
                0x08002ee0                CAN1_SCE_IRQHandler
                0x08002ee0                FLASH_IRQHandler
                0x08002ee0                DMA2_Stream4_IRQHandler
                0x08002ee0                USART1_IRQHandler
                0x08002ee0                OTG_FS_IRQHandler
                0x08002ee0                SPI3_IRQHandler
                0x08002ee0                DMA1_Stream4_IRQHandler
                0x08002ee0                I2C1_ER_IRQHandler
                0x08002ee0                DMA2_Stream6_IRQHandler
 .text.SysTick_Handler
                0x08002ee2       0x18 CMakeFiles/dji_driver_v2.0.elf.dir/Middlewares/Third_Party/FreeRTOS/Source/CMSIS_RTOS_V2/cmsis_os2.c.obj
                0x08002ee2                SysTick_Handler
 *fill*         0x08002efa        0x2 
 .text.osKernelInitialize
                0x08002efc       0x24 CMakeFiles/dji_driver_v2.0.elf.dir/Middlewares/Third_Party/FreeRTOS/Source/CMSIS_RTOS_V2/cmsis_os2.c.obj
                0x08002efc                osKernelInitialize
 .text.osKernelStart
                0x08002f20       0x38 CMakeFiles/dji_driver_v2.0.elf.dir/Middlewares/Third_Party/FreeRTOS/Source/CMSIS_RTOS_V2/cmsis_os2.c.obj
                0x08002f20                osKernelStart
 .text.osKernelGetTickCount
                0x08002f58       0x14 CMakeFiles/dji_driver_v2.0.elf.dir/Middlewares/Third_Party/FreeRTOS/Source/CMSIS_RTOS_V2/cmsis_os2.c.obj
                0x08002f58                osKernelGetTickCount
 .text.osThreadNew
                0x08002f6c       0xbe CMakeFiles/dji_driver_v2.0.elf.dir/Middlewares/Third_Party/FreeRTOS/Source/CMSIS_RTOS_V2/cmsis_os2.c.obj
                0x08002f6c                osThreadNew
 .text.osThreadExit
                0x0800302a        0xa CMakeFiles/dji_driver_v2.0.elf.dir/Middlewares/Third_Party/FreeRTOS/Source/CMSIS_RTOS_V2/cmsis_os2.c.obj
                0x0800302a                osThreadExit
 .text.osDelay  0x08003034       0x1c CMakeFiles/dji_driver_v2.0.elf.dir/Middlewares/Third_Party/FreeRTOS/Source/CMSIS_RTOS_V2/cmsis_os2.c.obj
                0x08003034                osDelay
 .text.osMutexNew
                0x08003050       0x92 CMakeFiles/dji_driver_v2.0.elf.dir/Middlewares/Third_Party/FreeRTOS/Source/CMSIS_RTOS_V2/cmsis_os2.c.obj
                0x08003050                osMutexNew
 .text.osMutexAcquire
                0x080030e2       0x5e CMakeFiles/dji_driver_v2.0.elf.dir/Middlewares/Third_Party/FreeRTOS/Source/CMSIS_RTOS_V2/cmsis_os2.c.obj
                0x080030e2                osMutexAcquire
 .text.osMutexRelease
                0x08003140       0x4e CMakeFiles/dji_driver_v2.0.elf.dir/Middlewares/Third_Party/FreeRTOS/Source/CMSIS_RTOS_V2/cmsis_os2.c.obj
                0x08003140                osMutexRelease
 .text.osSemaphoreNew
                0x0800318e       0xb2 CMakeFiles/dji_driver_v2.0.elf.dir/Middlewares/Third_Party/FreeRTOS/Source/CMSIS_RTOS_V2/cmsis_os2.c.obj
                0x0800318e                osSemaphoreNew
 .text.osSemaphoreAcquire
                0x08003240       0x68 CMakeFiles/dji_driver_v2.0.elf.dir/Middlewares/Third_Party/FreeRTOS/Source/CMSIS_RTOS_V2/cmsis_os2.c.obj
                0x08003240                osSemaphoreAcquire
 .text.osSemaphoreRelease
                0x080032a8       0x5e CMakeFiles/dji_driver_v2.0.elf.dir/Middlewares/Third_Party/FreeRTOS/Source/CMSIS_RTOS_V2/cmsis_os2.c.obj
                0x080032a8                osSemaphoreRelease
 .text.osMessageQueueNew
                0x08003306       0x96 CMakeFiles/dji_driver_v2.0.elf.dir/Middlewares/Third_Party/FreeRTOS/Source/CMSIS_RTOS_V2/cmsis_os2.c.obj
                0x08003306                osMessageQueueNew
 .text.osMessageQueuePut
                0x0800339c       0x84 CMakeFiles/dji_driver_v2.0.elf.dir/Middlewares/Third_Party/FreeRTOS/Source/CMSIS_RTOS_V2/cmsis_os2.c.obj
                0x0800339c                osMessageQueuePut
 .text.osMessageQueueGet
                0x08003420       0x82 CMakeFiles/dji_driver_v2.0.elf.dir/Middlewares/Third_Party/FreeRTOS/Source/CMSIS_RTOS_V2/cmsis_os2.c.obj
                0x08003420                osMessageQueueGet
 *fill*         0x080034a2        0x2 
 .text.vApplicationGetIdleTaskMemory
                0x080034a4       0x18 CMakeFiles/dji_driver_v2.0.elf.dir/Middlewares/Third_Party/FreeRTOS/Source/CMSIS_RTOS_V2/cmsis_os2.c.obj
                0x080034a4                vApplicationGetIdleTaskMemory
 .text.vApplicationGetTimerTaskMemory
                0x080034bc       0x18 CMakeFiles/dji_driver_v2.0.elf.dir/Middlewares/Third_Party/FreeRTOS/Source/CMSIS_RTOS_V2/cmsis_os2.c.obj
                0x080034bc                vApplicationGetTimerTaskMemory
 .text.vListInitialise
                0x080034d4       0x16 CMakeFiles/dji_driver_v2.0.elf.dir/Middlewares/Third_Party/FreeRTOS/Source/list.c.obj
                0x080034d4                vListInitialise
 .text.vListInitialiseItem
                0x080034ea        0x6 CMakeFiles/dji_driver_v2.0.elf.dir/Middlewares/Third_Party/FreeRTOS/Source/list.c.obj
                0x080034ea                vListInitialiseItem
 .text.vListInsertEnd
                0x080034f0       0x16 CMakeFiles/dji_driver_v2.0.elf.dir/Middlewares/Third_Party/FreeRTOS/Source/list.c.obj
                0x080034f0                vListInsertEnd
 .text.vListInsert
                0x08003506       0x32 CMakeFiles/dji_driver_v2.0.elf.dir/Middlewares/Third_Party/FreeRTOS/Source/list.c.obj
                0x08003506                vListInsert
 .text.uxListRemove
                0x08003538       0x26 CMakeFiles/dji_driver_v2.0.elf.dir/Middlewares/Third_Party/FreeRTOS/Source/list.c.obj
                0x08003538                uxListRemove
 *fill*         0x0800355e        0x2 
 .text.prvTaskExitError
                0x08003560       0x40 CMakeFiles/dji_driver_v2.0.elf.dir/Middlewares/Third_Party/FreeRTOS/Source/portable/GCC/ARM_CM4F/port.c.obj
 .text.prvPortStartFirstTask
                0x080035a0       0x28 CMakeFiles/dji_driver_v2.0.elf.dir/Middlewares/Third_Party/FreeRTOS/Source/portable/GCC/ARM_CM4F/port.c.obj
 .text.vPortEnableVFP
                0x080035c8       0x14 CMakeFiles/dji_driver_v2.0.elf.dir/Middlewares/Third_Party/FreeRTOS/Source/portable/GCC/ARM_CM4F/port.c.obj
 .text.pxPortInitialiseStack
                0x080035dc       0x2c CMakeFiles/dji_driver_v2.0.elf.dir/Middlewares/Third_Party/FreeRTOS/Source/portable/GCC/ARM_CM4F/port.c.obj
                0x080035dc                pxPortInitialiseStack
 *fill*         0x08003608        0x8 
 .text.SVC_Handler
                0x08003610       0x24 CMakeFiles/dji_driver_v2.0.elf.dir/Middlewares/Third_Party/FreeRTOS/Source/portable/GCC/ARM_CM4F/port.c.obj
                0x08003610                SVC_Handler
 .text.vPortEnterCritical
                0x08003634       0x44 CMakeFiles/dji_driver_v2.0.elf.dir/Middlewares/Third_Party/FreeRTOS/Source/portable/GCC/ARM_CM4F/port.c.obj
                0x08003634                vPortEnterCritical
 .text.vPortExitCritical
                0x08003678       0x2c CMakeFiles/dji_driver_v2.0.elf.dir/Middlewares/Third_Party/FreeRTOS/Source/portable/GCC/ARM_CM4F/port.c.obj
                0x08003678                vPortExitCritical
 *fill*         0x080036a4        0xc 
 .text.PendSV_Handler
                0x080036b0       0x64 CMakeFiles/dji_driver_v2.0.elf.dir/Middlewares/Third_Party/FreeRTOS/Source/portable/GCC/ARM_CM4F/port.c.obj
                0x080036b0                PendSV_Handler
 .text.xPortSysTickHandler
                0x08003714       0x2c CMakeFiles/dji_driver_v2.0.elf.dir/Middlewares/Third_Party/FreeRTOS/Source/portable/GCC/ARM_CM4F/port.c.obj
                0x08003714                xPortSysTickHandler
 .text.vPortSetupTimerInterrupt
                0x08003740       0x28 CMakeFiles/dji_driver_v2.0.elf.dir/Middlewares/Third_Party/FreeRTOS/Source/portable/GCC/ARM_CM4F/port.c.obj
                0x08003740                vPortSetupTimerInterrupt
 .text.xPortStartScheduler
                0x08003768      0x118 CMakeFiles/dji_driver_v2.0.elf.dir/Middlewares/Third_Party/FreeRTOS/Source/portable/GCC/ARM_CM4F/port.c.obj
                0x08003768                xPortStartScheduler
 .text.vPortValidateInterruptPriority
                0x08003880       0x5c CMakeFiles/dji_driver_v2.0.elf.dir/Middlewares/Third_Party/FreeRTOS/Source/portable/GCC/ARM_CM4F/port.c.obj
                0x08003880                vPortValidateInterruptPriority
 .text.prvHeapInit
                0x080038dc       0x64 CMakeFiles/dji_driver_v2.0.elf.dir/Middlewares/Third_Party/FreeRTOS/Source/portable/MemMang/heap_4.c.obj
 .text.prvInsertBlockIntoFreeList
                0x08003940       0x64 CMakeFiles/dji_driver_v2.0.elf.dir/Middlewares/Third_Party/FreeRTOS/Source/portable/MemMang/heap_4.c.obj
 .text.pvPortMalloc
                0x080039a4      0x104 CMakeFiles/dji_driver_v2.0.elf.dir/Middlewares/Third_Party/FreeRTOS/Source/portable/MemMang/heap_4.c.obj
                0x080039a4                pvPortMalloc
 .text.vPortFree
                0x08003aa8       0x7c CMakeFiles/dji_driver_v2.0.elf.dir/Middlewares/Third_Party/FreeRTOS/Source/portable/MemMang/heap_4.c.obj
                0x08003aa8                vPortFree
 .text.xPortGetFreeHeapSize
                0x08003b24        0xc CMakeFiles/dji_driver_v2.0.elf.dir/Middlewares/Third_Party/FreeRTOS/Source/portable/MemMang/heap_4.c.obj
                0x08003b24                xPortGetFreeHeapSize
 .text.prvGetDisinheritPriorityAfterTimeout
                0x08003b30       0x10 CMakeFiles/dji_driver_v2.0.elf.dir/Middlewares/Third_Party/FreeRTOS/Source/queue.c.obj
 .text.prvIsQueueFull
                0x08003b40       0x1e CMakeFiles/dji_driver_v2.0.elf.dir/Middlewares/Third_Party/FreeRTOS/Source/queue.c.obj
 .text.prvIsQueueEmpty
                0x08003b5e       0x1a CMakeFiles/dji_driver_v2.0.elf.dir/Middlewares/Third_Party/FreeRTOS/Source/queue.c.obj
 .text.prvCopyDataToQueue
                0x08003b78       0x76 CMakeFiles/dji_driver_v2.0.elf.dir/Middlewares/Third_Party/FreeRTOS/Source/queue.c.obj
 .text.prvCopyDataFromQueue
                0x08003bee       0x24 CMakeFiles/dji_driver_v2.0.elf.dir/Middlewares/Third_Party/FreeRTOS/Source/queue.c.obj
 .text.prvUnlockQueue
                0x08003c12       0x6e CMakeFiles/dji_driver_v2.0.elf.dir/Middlewares/Third_Party/FreeRTOS/Source/queue.c.obj
 .text.xQueueGenericReset
                0x08003c80       0x84 CMakeFiles/dji_driver_v2.0.elf.dir/Middlewares/Third_Party/FreeRTOS/Source/queue.c.obj
                0x08003c80                xQueueGenericReset
 .text.prvInitialiseNewQueue
                0x08003d04       0x22 CMakeFiles/dji_driver_v2.0.elf.dir/Middlewares/Third_Party/FreeRTOS/Source/queue.c.obj
 .text.xQueueGenericCreateStatic
                0x08003d26       0x94 CMakeFiles/dji_driver_v2.0.elf.dir/Middlewares/Third_Party/FreeRTOS/Source/queue.c.obj
                0x08003d26                xQueueGenericCreateStatic
 .text.xQueueGenericCreate
                0x08003dba       0x48 CMakeFiles/dji_driver_v2.0.elf.dir/Middlewares/Third_Party/FreeRTOS/Source/queue.c.obj
                0x08003dba                xQueueGenericCreate
 .text.xQueueCreateCountingSemaphoreStatic
                0x08003e02       0x46 CMakeFiles/dji_driver_v2.0.elf.dir/Middlewares/Third_Party/FreeRTOS/Source/queue.c.obj
                0x08003e02                xQueueCreateCountingSemaphoreStatic
 .text.xQueueCreateCountingSemaphore
                0x08003e48       0x3c CMakeFiles/dji_driver_v2.0.elf.dir/Middlewares/Third_Party/FreeRTOS/Source/queue.c.obj
                0x08003e48                xQueueCreateCountingSemaphore
 .text.xQueueGenericSend
                0x08003e84      0x188 CMakeFiles/dji_driver_v2.0.elf.dir/Middlewares/Third_Party/FreeRTOS/Source/queue.c.obj
                0x08003e84                xQueueGenericSend
 .text.prvInitialiseMutex
                0x0800400c       0x18 CMakeFiles/dji_driver_v2.0.elf.dir/Middlewares/Third_Party/FreeRTOS/Source/queue.c.obj
 .text.xQueueCreateMutex
                0x08004024       0x16 CMakeFiles/dji_driver_v2.0.elf.dir/Middlewares/Third_Party/FreeRTOS/Source/queue.c.obj
                0x08004024                xQueueCreateMutex
 .text.xQueueCreateMutexStatic
                0x0800403a       0x1e CMakeFiles/dji_driver_v2.0.elf.dir/Middlewares/Third_Party/FreeRTOS/Source/queue.c.obj
                0x0800403a                xQueueCreateMutexStatic
 .text.xQueueGiveMutexRecursive
                0x08004058       0x40 CMakeFiles/dji_driver_v2.0.elf.dir/Middlewares/Third_Party/FreeRTOS/Source/queue.c.obj
                0x08004058                xQueueGiveMutexRecursive
 .text.xQueueGenericSendFromISR
                0x08004098       0xce CMakeFiles/dji_driver_v2.0.elf.dir/Middlewares/Third_Party/FreeRTOS/Source/queue.c.obj
                0x08004098                xQueueGenericSendFromISR
 .text.xQueueGiveFromISR
                0x08004166       0xb2 CMakeFiles/dji_driver_v2.0.elf.dir/Middlewares/Third_Party/FreeRTOS/Source/queue.c.obj
                0x08004166                xQueueGiveFromISR
 .text.xQueueReceive
                0x08004218      0x15e CMakeFiles/dji_driver_v2.0.elf.dir/Middlewares/Third_Party/FreeRTOS/Source/queue.c.obj
                0x08004218                xQueueReceive
 .text.xQueueSemaphoreTake
                0x08004376      0x1a6 CMakeFiles/dji_driver_v2.0.elf.dir/Middlewares/Third_Party/FreeRTOS/Source/queue.c.obj
                0x08004376                xQueueSemaphoreTake
 .text.xQueueTakeMutexRecursive
                0x0800451c       0x40 CMakeFiles/dji_driver_v2.0.elf.dir/Middlewares/Third_Party/FreeRTOS/Source/queue.c.obj
                0x0800451c                xQueueTakeMutexRecursive
 .text.xQueueReceiveFromISR
                0x0800455c       0xae CMakeFiles/dji_driver_v2.0.elf.dir/Middlewares/Third_Party/FreeRTOS/Source/queue.c.obj
                0x0800455c                xQueueReceiveFromISR
 *fill*         0x0800460a        0x2 
 .text.vQueueAddToRegistry
                0x0800460c       0x28 CMakeFiles/dji_driver_v2.0.elf.dir/Middlewares/Third_Party/FreeRTOS/Source/queue.c.obj
                0x0800460c                vQueueAddToRegistry
 .text.vQueueUnregisterQueue
                0x08004634       0x2c CMakeFiles/dji_driver_v2.0.elf.dir/Middlewares/Third_Party/FreeRTOS/Source/queue.c.obj
                0x08004634                vQueueUnregisterQueue
 .text.vQueueDelete
                0x08004660       0x2c CMakeFiles/dji_driver_v2.0.elf.dir/Middlewares/Third_Party/FreeRTOS/Source/queue.c.obj
                0x08004660                vQueueDelete
 .text.vQueueWaitForMessageRestricted
                0x0800468c       0x52 CMakeFiles/dji_driver_v2.0.elf.dir/Middlewares/Third_Party/FreeRTOS/Source/queue.c.obj
                0x0800468c                vQueueWaitForMessageRestricted
 .text.prvTaskCheckFreeStackSpace
                0x080046de       0x14 CMakeFiles/dji_driver_v2.0.elf.dir/Middlewares/Third_Party/FreeRTOS/Source/tasks.c.obj
 *fill*         0x080046f2        0x2 
 .text.prvResetNextTaskUnblockTime
                0x080046f4       0x2c CMakeFiles/dji_driver_v2.0.elf.dir/Middlewares/Third_Party/FreeRTOS/Source/tasks.c.obj
 .text.prvInitialiseNewTask
                0x08004720      0x104 CMakeFiles/dji_driver_v2.0.elf.dir/Middlewares/Third_Party/FreeRTOS/Source/tasks.c.obj
 .text.prvInitialiseTaskLists
                0x08004824       0x68 CMakeFiles/dji_driver_v2.0.elf.dir/Middlewares/Third_Party/FreeRTOS/Source/tasks.c.obj
 .text.prvAddNewTaskToReadyList
                0x0800488c       0xac CMakeFiles/dji_driver_v2.0.elf.dir/Middlewares/Third_Party/FreeRTOS/Source/tasks.c.obj
 .text.prvDeleteTCB
                0x08004938       0x40 CMakeFiles/dji_driver_v2.0.elf.dir/Middlewares/Third_Party/FreeRTOS/Source/tasks.c.obj
 .text.prvCheckTasksWaitingTermination
                0x08004978       0x4c CMakeFiles/dji_driver_v2.0.elf.dir/Middlewares/Third_Party/FreeRTOS/Source/tasks.c.obj
 .text.prvIdleTask
                0x080049c4       0x28 CMakeFiles/dji_driver_v2.0.elf.dir/Middlewares/Third_Party/FreeRTOS/Source/tasks.c.obj
 .text.prvAddCurrentTaskToDelayedList
                0x080049ec       0x7c CMakeFiles/dji_driver_v2.0.elf.dir/Middlewares/Third_Party/FreeRTOS/Source/tasks.c.obj
 .text.prvWriteNameToBuffer
                0x08004a68       0x22 CMakeFiles/dji_driver_v2.0.elf.dir/Middlewares/Third_Party/FreeRTOS/Source/tasks.c.obj
 .text.xTaskCreateStatic
                0x08004a8a       0x7a CMakeFiles/dji_driver_v2.0.elf.dir/Middlewares/Third_Party/FreeRTOS/Source/tasks.c.obj
                0x08004a8a                xTaskCreateStatic
 .text.xTaskCreate
                0x08004b04       0x66 CMakeFiles/dji_driver_v2.0.elf.dir/Middlewares/Third_Party/FreeRTOS/Source/tasks.c.obj
                0x08004b04                xTaskCreate
 *fill*         0x08004b6a        0x2 
 .text.vTaskDelete
                0x08004b6c       0xb8 CMakeFiles/dji_driver_v2.0.elf.dir/Middlewares/Third_Party/FreeRTOS/Source/tasks.c.obj
                0x08004b6c                vTaskDelete
 .text.eTaskGetState
                0x08004c24       0x90 CMakeFiles/dji_driver_v2.0.elf.dir/Middlewares/Third_Party/FreeRTOS/Source/tasks.c.obj
                0x08004c24                eTaskGetState
 .text.vTaskStartScheduler
                0x08004cb4       0xac CMakeFiles/dji_driver_v2.0.elf.dir/Middlewares/Third_Party/FreeRTOS/Source/tasks.c.obj
                0x08004cb4                vTaskStartScheduler
 .text.vTaskSuspendAll
                0x08004d60       0x10 CMakeFiles/dji_driver_v2.0.elf.dir/Middlewares/Third_Party/FreeRTOS/Source/tasks.c.obj
                0x08004d60                vTaskSuspendAll
 .text.xTaskGetTickCount
                0x08004d70        0xc CMakeFiles/dji_driver_v2.0.elf.dir/Middlewares/Third_Party/FreeRTOS/Source/tasks.c.obj
                0x08004d70                xTaskGetTickCount
 .text.xTaskGetTickCountFromISR
                0x08004d7c       0x10 CMakeFiles/dji_driver_v2.0.elf.dir/Middlewares/Third_Party/FreeRTOS/Source/tasks.c.obj
                0x08004d7c                xTaskGetTickCountFromISR
 .text.xTaskIncrementTick
                0x08004d8c      0x118 CMakeFiles/dji_driver_v2.0.elf.dir/Middlewares/Third_Party/FreeRTOS/Source/tasks.c.obj
                0x08004d8c                xTaskIncrementTick
 .text.xTaskResumeAll
                0x08004ea4       0xf8 CMakeFiles/dji_driver_v2.0.elf.dir/Middlewares/Third_Party/FreeRTOS/Source/tasks.c.obj
                0x08004ea4                xTaskResumeAll
 .text.vTaskDelay
                0x08004f9c       0x4c CMakeFiles/dji_driver_v2.0.elf.dir/Middlewares/Third_Party/FreeRTOS/Source/tasks.c.obj
                0x08004f9c                vTaskDelay
 .text.vTaskSwitchContext
                0x08004fe8       0xa4 CMakeFiles/dji_driver_v2.0.elf.dir/Middlewares/Third_Party/FreeRTOS/Source/tasks.c.obj
                0x08004fe8                vTaskSwitchContext
 .text.vTaskPlaceOnEventList
                0x0800508c       0x30 CMakeFiles/dji_driver_v2.0.elf.dir/Middlewares/Third_Party/FreeRTOS/Source/tasks.c.obj
                0x0800508c                vTaskPlaceOnEventList
 .text.vTaskPlaceOnEventListRestricted
                0x080050bc       0x38 CMakeFiles/dji_driver_v2.0.elf.dir/Middlewares/Third_Party/FreeRTOS/Source/tasks.c.obj
                0x080050bc                vTaskPlaceOnEventListRestricted
 .text.xTaskRemoveFromEventList
                0x080050f4       0x8c CMakeFiles/dji_driver_v2.0.elf.dir/Middlewares/Third_Party/FreeRTOS/Source/tasks.c.obj
                0x080050f4                xTaskRemoveFromEventList
 .text.vTaskInternalSetTimeOutState
                0x08005180       0x18 CMakeFiles/dji_driver_v2.0.elf.dir/Middlewares/Third_Party/FreeRTOS/Source/tasks.c.obj
                0x08005180                vTaskInternalSetTimeOutState
 .text.xTaskCheckForTimeOut
                0x08005198       0x84 CMakeFiles/dji_driver_v2.0.elf.dir/Middlewares/Third_Party/FreeRTOS/Source/tasks.c.obj
                0x08005198                xTaskCheckForTimeOut
 .text.vTaskMissedYield
                0x0800521c        0xc CMakeFiles/dji_driver_v2.0.elf.dir/Middlewares/Third_Party/FreeRTOS/Source/tasks.c.obj
                0x0800521c                vTaskMissedYield
 .text.vTaskGetInfo
                0x08005228       0x78 CMakeFiles/dji_driver_v2.0.elf.dir/Middlewares/Third_Party/FreeRTOS/Source/tasks.c.obj
                0x08005228                vTaskGetInfo
 .text.prvListTasksWithinSingleList
                0x080052a0       0x5e CMakeFiles/dji_driver_v2.0.elf.dir/Middlewares/Third_Party/FreeRTOS/Source/tasks.c.obj
 *fill*         0x080052fe        0x2 
 .text.uxTaskGetSystemState
                0x08005300       0xb0 CMakeFiles/dji_driver_v2.0.elf.dir/Middlewares/Third_Party/FreeRTOS/Source/tasks.c.obj
                0x08005300                uxTaskGetSystemState
 .text.xTaskGetCurrentTaskHandle
                0x080053b0        0xc CMakeFiles/dji_driver_v2.0.elf.dir/Middlewares/Third_Party/FreeRTOS/Source/tasks.c.obj
                0x080053b0                xTaskGetCurrentTaskHandle
 .text.xTaskGetSchedulerState
                0x080053bc       0x20 CMakeFiles/dji_driver_v2.0.elf.dir/Middlewares/Third_Party/FreeRTOS/Source/tasks.c.obj
                0x080053bc                xTaskGetSchedulerState
 .text.xTaskPriorityInherit
                0x080053dc       0x98 CMakeFiles/dji_driver_v2.0.elf.dir/Middlewares/Third_Party/FreeRTOS/Source/tasks.c.obj
                0x080053dc                xTaskPriorityInherit
 .text.xTaskPriorityDisinherit
                0x08005474       0x90 CMakeFiles/dji_driver_v2.0.elf.dir/Middlewares/Third_Party/FreeRTOS/Source/tasks.c.obj
                0x08005474                xTaskPriorityDisinherit
 .text.vTaskPriorityDisinheritAfterTimeout
                0x08005504       0xa0 CMakeFiles/dji_driver_v2.0.elf.dir/Middlewares/Third_Party/FreeRTOS/Source/tasks.c.obj
                0x08005504                vTaskPriorityDisinheritAfterTimeout
 .text.vTaskList
                0x080055a4       0xbc CMakeFiles/dji_driver_v2.0.elf.dir/Middlewares/Third_Party/FreeRTOS/Source/tasks.c.obj
                0x080055a4                vTaskList
 .text.pvTaskIncrementMutexHeldCount
                0x08005660       0x1c CMakeFiles/dji_driver_v2.0.elf.dir/Middlewares/Third_Party/FreeRTOS/Source/tasks.c.obj
                0x08005660                pvTaskIncrementMutexHeldCount
 .text.prvGetNextExpireTime
                0x0800567c       0x20 CMakeFiles/dji_driver_v2.0.elf.dir/Middlewares/Third_Party/FreeRTOS/Source/timers.c.obj
 .text.prvInsertTimerInActiveList
                0x0800569c       0x48 CMakeFiles/dji_driver_v2.0.elf.dir/Middlewares/Third_Party/FreeRTOS/Source/timers.c.obj
 .text.prvCheckForValidListAndQueue
                0x080056e4       0x70 CMakeFiles/dji_driver_v2.0.elf.dir/Middlewares/Third_Party/FreeRTOS/Source/timers.c.obj
 .text.xTimerCreateTimerTask
                0x08005754       0x64 CMakeFiles/dji_driver_v2.0.elf.dir/Middlewares/Third_Party/FreeRTOS/Source/timers.c.obj
                0x08005754                xTimerCreateTimerTask
 .text.xTimerGenericCommand
                0x080057b8       0x6c CMakeFiles/dji_driver_v2.0.elf.dir/Middlewares/Third_Party/FreeRTOS/Source/timers.c.obj
                0x080057b8                xTimerGenericCommand
 .text.prvSwitchTimerLists
                0x08005824       0x7c CMakeFiles/dji_driver_v2.0.elf.dir/Middlewares/Third_Party/FreeRTOS/Source/timers.c.obj
 .text.prvSampleTimeNow
                0x080058a0       0x2c CMakeFiles/dji_driver_v2.0.elf.dir/Middlewares/Third_Party/FreeRTOS/Source/timers.c.obj
 .text.prvProcessExpiredTimer
                0x080058cc       0x6c CMakeFiles/dji_driver_v2.0.elf.dir/Middlewares/Third_Party/FreeRTOS/Source/timers.c.obj
 .text.prvProcessTimerOrBlockTask
                0x08005938       0x74 CMakeFiles/dji_driver_v2.0.elf.dir/Middlewares/Third_Party/FreeRTOS/Source/timers.c.obj
 .text.prvProcessReceivedCommands
                0x080059ac      0x10c CMakeFiles/dji_driver_v2.0.elf.dir/Middlewares/Third_Party/FreeRTOS/Source/timers.c.obj
 .text.prvTimerTask
                0x08005ab8       0x16 CMakeFiles/dji_driver_v2.0.elf.dir/Middlewares/Third_Party/FreeRTOS/Source/timers.c.obj
 *fill*         0x08005ace        0x2 
 .text.HAL_Init
                0x08005ad0       0x34 CMakeFiles/dji_driver_v2.0.elf.dir/Drivers/STM32F4xx_HAL_Driver/Src/stm32f4xx_hal.c.obj
                0x08005ad0                HAL_Init
 .text.HAL_IncTick
                0x08005b04       0x18 CMakeFiles/dji_driver_v2.0.elf.dir/Drivers/STM32F4xx_HAL_Driver/Src/stm32f4xx_hal.c.obj
                0x08005b04                HAL_IncTick
 .text.HAL_GetTick
                0x08005b1c        0xc CMakeFiles/dji_driver_v2.0.elf.dir/Drivers/STM32F4xx_HAL_Driver/Src/stm32f4xx_hal.c.obj
                0x08005b1c                HAL_GetTick
 .text.HAL_CAN_Init
                0x08005b28      0x14c CMakeFiles/dji_driver_v2.0.elf.dir/Drivers/STM32F4xx_HAL_Driver/Src/stm32f4xx_hal_can.c.obj
                0x08005b28                HAL_CAN_Init
 .text.HAL_CAN_ConfigFilter
                0x08005c74      0x138 CMakeFiles/dji_driver_v2.0.elf.dir/Drivers/STM32F4xx_HAL_Driver/Src/stm32f4xx_hal_can.c.obj
                0x08005c74                HAL_CAN_ConfigFilter
 .text.HAL_CAN_Start
                0x08005dac       0x5c CMakeFiles/dji_driver_v2.0.elf.dir/Drivers/STM32F4xx_HAL_Driver/Src/stm32f4xx_hal_can.c.obj
                0x08005dac                HAL_CAN_Start
 .text.HAL_CAN_AddTxMessage
                0x08005e08       0xfc CMakeFiles/dji_driver_v2.0.elf.dir/Drivers/STM32F4xx_HAL_Driver/Src/stm32f4xx_hal_can.c.obj
                0x08005e08                HAL_CAN_AddTxMessage
 .text.HAL_CAN_GetTxMailboxesFreeLevel
                0x08005f04       0x32 CMakeFiles/dji_driver_v2.0.elf.dir/Drivers/STM32F4xx_HAL_Driver/Src/stm32f4xx_hal_can.c.obj
                0x08005f04                HAL_CAN_GetTxMailboxesFreeLevel
 .text.HAL_CAN_GetRxMessage
                0x08005f36      0x14a CMakeFiles/dji_driver_v2.0.elf.dir/Drivers/STM32F4xx_HAL_Driver/Src/stm32f4xx_hal_can.c.obj
                0x08005f36                HAL_CAN_GetRxMessage
 .text.HAL_CAN_ActivateNotification
                0x08006080       0x24 CMakeFiles/dji_driver_v2.0.elf.dir/Drivers/STM32F4xx_HAL_Driver/Src/stm32f4xx_hal_can.c.obj
                0x08006080                HAL_CAN_ActivateNotification
 .text.HAL_CAN_TxMailbox0AbortCallback
                0x080060a4        0x2 CMakeFiles/dji_driver_v2.0.elf.dir/Drivers/STM32F4xx_HAL_Driver/Src/stm32f4xx_hal_can.c.obj
                0x080060a4                HAL_CAN_TxMailbox0AbortCallback
 .text.HAL_CAN_TxMailbox1AbortCallback
                0x080060a6        0x2 CMakeFiles/dji_driver_v2.0.elf.dir/Drivers/STM32F4xx_HAL_Driver/Src/stm32f4xx_hal_can.c.obj
                0x080060a6                HAL_CAN_TxMailbox1AbortCallback
 .text.HAL_CAN_TxMailbox2AbortCallback
                0x080060a8        0x2 CMakeFiles/dji_driver_v2.0.elf.dir/Drivers/STM32F4xx_HAL_Driver/Src/stm32f4xx_hal_can.c.obj
                0x080060a8                HAL_CAN_TxMailbox2AbortCallback
 .text.HAL_CAN_SleepCallback
                0x080060aa        0x2 CMakeFiles/dji_driver_v2.0.elf.dir/Drivers/STM32F4xx_HAL_Driver/Src/stm32f4xx_hal_can.c.obj
                0x080060aa                HAL_CAN_SleepCallback
 .text.HAL_CAN_WakeUpFromRxMsgCallback
                0x080060ac        0x2 CMakeFiles/dji_driver_v2.0.elf.dir/Drivers/STM32F4xx_HAL_Driver/Src/stm32f4xx_hal_can.c.obj
                0x080060ac                HAL_CAN_WakeUpFromRxMsgCallback
 .text.HAL_CAN_IRQHandler
                0x080060ae      0x24a CMakeFiles/dji_driver_v2.0.elf.dir/Drivers/STM32F4xx_HAL_Driver/Src/stm32f4xx_hal_can.c.obj
                0x080060ae                HAL_CAN_IRQHandler
 .text.__NVIC_SetPriority
                0x080062f8       0x28 CMakeFiles/dji_driver_v2.0.elf.dir/Drivers/STM32F4xx_HAL_Driver/Src/stm32f4xx_hal_cortex.c.obj
 .text.NVIC_EncodePriority
                0x08006320       0x3e CMakeFiles/dji_driver_v2.0.elf.dir/Drivers/STM32F4xx_HAL_Driver/Src/stm32f4xx_hal_cortex.c.obj
 *fill*         0x0800635e        0x2 
 .text.HAL_NVIC_SetPriorityGrouping
                0x08006360       0x24 CMakeFiles/dji_driver_v2.0.elf.dir/Drivers/STM32F4xx_HAL_Driver/Src/stm32f4xx_hal_cortex.c.obj
                0x08006360                HAL_NVIC_SetPriorityGrouping
 .text.HAL_NVIC_SetPriority
                0x08006384       0x20 CMakeFiles/dji_driver_v2.0.elf.dir/Drivers/STM32F4xx_HAL_Driver/Src/stm32f4xx_hal_cortex.c.obj
                0x08006384                HAL_NVIC_SetPriority
 .text.HAL_NVIC_EnableIRQ
                0x080063a4       0x1c CMakeFiles/dji_driver_v2.0.elf.dir/Drivers/STM32F4xx_HAL_Driver/Src/stm32f4xx_hal_cortex.c.obj
                0x080063a4                HAL_NVIC_EnableIRQ
 .text.DMA_SetConfig
                0x080063c0       0x2c CMakeFiles/dji_driver_v2.0.elf.dir/Drivers/STM32F4xx_HAL_Driver/Src/stm32f4xx_hal_dma.c.obj
 .text.DMA_CalcBaseAndBitshift
                0x080063ec       0x44 CMakeFiles/dji_driver_v2.0.elf.dir/Drivers/STM32F4xx_HAL_Driver/Src/stm32f4xx_hal_dma.c.obj
 .text.DMA_CheckFifoParam
                0x08006430       0x8e CMakeFiles/dji_driver_v2.0.elf.dir/Drivers/STM32F4xx_HAL_Driver/Src/stm32f4xx_hal_dma.c.obj
 *fill*         0x080064be        0x2 
 .text.HAL_DMA_Init
                0x080064c0       0xcc CMakeFiles/dji_driver_v2.0.elf.dir/Drivers/STM32F4xx_HAL_Driver/Src/stm32f4xx_hal_dma.c.obj
                0x080064c0                HAL_DMA_Init
 .text.HAL_DMA_Start_IT
                0x0800658c       0x6a CMakeFiles/dji_driver_v2.0.elf.dir/Drivers/STM32F4xx_HAL_Driver/Src/stm32f4xx_hal_dma.c.obj
                0x0800658c                HAL_DMA_Start_IT
 .text.HAL_DMA_Abort
                0x080065f6       0x94 CMakeFiles/dji_driver_v2.0.elf.dir/Drivers/STM32F4xx_HAL_Driver/Src/stm32f4xx_hal_dma.c.obj
                0x080065f6                HAL_DMA_Abort
 .text.HAL_DMA_Abort_IT
                0x0800668a       0x26 CMakeFiles/dji_driver_v2.0.elf.dir/Drivers/STM32F4xx_HAL_Driver/Src/stm32f4xx_hal_dma.c.obj
                0x0800668a                HAL_DMA_Abort_IT
 .text.HAL_DMA_IRQHandler
                0x080066b0      0x1dc CMakeFiles/dji_driver_v2.0.elf.dir/Drivers/STM32F4xx_HAL_Driver/Src/stm32f4xx_hal_dma.c.obj
                0x080066b0                HAL_DMA_IRQHandler
 .text.HAL_DMA_GetState
                0x0800688c        0x6 CMakeFiles/dji_driver_v2.0.elf.dir/Drivers/STM32F4xx_HAL_Driver/Src/stm32f4xx_hal_dma.c.obj
                0x0800688c                HAL_DMA_GetState
 *fill*         0x08006892        0x2 
 .text.FLASH_Program_DoubleWord
                0x08006894       0x30 CMakeFiles/dji_driver_v2.0.elf.dir/Drivers/STM32F4xx_HAL_Driver/Src/stm32f4xx_hal_flash.c.obj
 .text.FLASH_Program_Word
                0x080068c4       0x24 CMakeFiles/dji_driver_v2.0.elf.dir/Drivers/STM32F4xx_HAL_Driver/Src/stm32f4xx_hal_flash.c.obj
 .text.FLASH_Program_HalfWord
                0x080068e8       0x24 CMakeFiles/dji_driver_v2.0.elf.dir/Drivers/STM32F4xx_HAL_Driver/Src/stm32f4xx_hal_flash.c.obj
 .text.FLASH_Program_Byte
                0x0800690c       0x20 CMakeFiles/dji_driver_v2.0.elf.dir/Drivers/STM32F4xx_HAL_Driver/Src/stm32f4xx_hal_flash.c.obj
 .text.FLASH_SetErrorCode
                0x0800692c       0x8c CMakeFiles/dji_driver_v2.0.elf.dir/Drivers/STM32F4xx_HAL_Driver/Src/stm32f4xx_hal_flash.c.obj
 .text.HAL_FLASH_Unlock
                0x080069b8       0x30 CMakeFiles/dji_driver_v2.0.elf.dir/Drivers/STM32F4xx_HAL_Driver/Src/stm32f4xx_hal_flash.c.obj
                0x080069b8                HAL_FLASH_Unlock
 .text.HAL_FLASH_Lock
                0x080069e8       0x14 CMakeFiles/dji_driver_v2.0.elf.dir/Drivers/STM32F4xx_HAL_Driver/Src/stm32f4xx_hal_flash.c.obj
                0x080069e8                HAL_FLASH_Lock
 .text.FLASH_WaitForLastOperation
                0x080069fc       0x60 CMakeFiles/dji_driver_v2.0.elf.dir/Drivers/STM32F4xx_HAL_Driver/Src/stm32f4xx_hal_flash.c.obj
                0x080069fc                FLASH_WaitForLastOperation
 .text.HAL_FLASH_Program
                0x08006a5c       0x7c CMakeFiles/dji_driver_v2.0.elf.dir/Drivers/STM32F4xx_HAL_Driver/Src/stm32f4xx_hal_flash.c.obj
                0x08006a5c                HAL_FLASH_Program
 .text.FLASH_MassErase
                0x08006ad8       0x24 CMakeFiles/dji_driver_v2.0.elf.dir/Drivers/STM32F4xx_HAL_Driver/Src/stm32f4xx_hal_flash_ex.c.obj
 .text.FLASH_Erase_Sector
                0x08006afc       0x4c CMakeFiles/dji_driver_v2.0.elf.dir/Drivers/STM32F4xx_HAL_Driver/Src/stm32f4xx_hal_flash_ex.c.obj
                0x08006afc                FLASH_Erase_Sector
 .text.FLASH_FlushCaches
                0x08006b48       0x60 CMakeFiles/dji_driver_v2.0.elf.dir/Drivers/STM32F4xx_HAL_Driver/Src/stm32f4xx_hal_flash_ex.c.obj
                0x08006b48                FLASH_FlushCaches
 .text.HAL_FLASHEx_Erase
                0x08006ba8       0x94 CMakeFiles/dji_driver_v2.0.elf.dir/Drivers/STM32F4xx_HAL_Driver/Src/stm32f4xx_hal_flash_ex.c.obj
                0x08006ba8                HAL_FLASHEx_Erase
 .text.HAL_GPIO_Init
                0x08006c3c      0x1ec CMakeFiles/dji_driver_v2.0.elf.dir/Drivers/STM32F4xx_HAL_Driver/Src/stm32f4xx_hal_gpio.c.obj
                0x08006c3c                HAL_GPIO_Init
 .text.HAL_GPIO_WritePin
                0x08006e28        0xc CMakeFiles/dji_driver_v2.0.elf.dir/Drivers/STM32F4xx_HAL_Driver/Src/stm32f4xx_hal_gpio.c.obj
                0x08006e28                HAL_GPIO_WritePin
 .text.HAL_GPIO_TogglePin
                0x08006e34       0x12 CMakeFiles/dji_driver_v2.0.elf.dir/Drivers/STM32F4xx_HAL_Driver/Src/stm32f4xx_hal_gpio.c.obj
                0x08006e34                HAL_GPIO_TogglePin
 *fill*         0x08006e46        0x2 
 .text.HAL_RCC_OscConfig
                0x08006e48      0x3f8 CMakeFiles/dji_driver_v2.0.elf.dir/Drivers/STM32F4xx_HAL_Driver/Src/stm32f4xx_hal_rcc.c.obj
                0x08006e48                HAL_RCC_OscConfig
 .text.HAL_RCC_GetSysClockFreq
                0x08007240       0xdc CMakeFiles/dji_driver_v2.0.elf.dir/Drivers/STM32F4xx_HAL_Driver/Src/stm32f4xx_hal_rcc.c.obj
                0x08007240                HAL_RCC_GetSysClockFreq
 .text.HAL_RCC_ClockConfig
                0x0800731c      0x160 CMakeFiles/dji_driver_v2.0.elf.dir/Drivers/STM32F4xx_HAL_Driver/Src/stm32f4xx_hal_rcc.c.obj
                0x0800731c                HAL_RCC_ClockConfig
 .text.HAL_RCC_GetHCLKFreq
                0x0800747c        0xc CMakeFiles/dji_driver_v2.0.elf.dir/Drivers/STM32F4xx_HAL_Driver/Src/stm32f4xx_hal_rcc.c.obj
                0x0800747c                HAL_RCC_GetHCLKFreq
 .text.HAL_RCC_GetPCLK1Freq
                0x08007488       0x20 CMakeFiles/dji_driver_v2.0.elf.dir/Drivers/STM32F4xx_HAL_Driver/Src/stm32f4xx_hal_rcc.c.obj
                0x08007488                HAL_RCC_GetPCLK1Freq
 .text.HAL_RCC_GetPCLK2Freq
                0x080074a8       0x20 CMakeFiles/dji_driver_v2.0.elf.dir/Drivers/STM32F4xx_HAL_Driver/Src/stm32f4xx_hal_rcc.c.obj
                0x080074a8                HAL_RCC_GetPCLK2Freq
 .text.HAL_RCC_GetClockConfig
                0x080074c8       0x3c CMakeFiles/dji_driver_v2.0.elf.dir/Drivers/STM32F4xx_HAL_Driver/Src/stm32f4xx_hal_rcc.c.obj
                0x080074c8                HAL_RCC_GetClockConfig
 .text.TIM_TI1_ConfigInputStage
                0x08007504       0x26 CMakeFiles/dji_driver_v2.0.elf.dir/Drivers/STM32F4xx_HAL_Driver/Src/stm32f4xx_hal_tim.c.obj
 .text.TIM_TI2_ConfigInputStage
                0x0800752a       0x28 CMakeFiles/dji_driver_v2.0.elf.dir/Drivers/STM32F4xx_HAL_Driver/Src/stm32f4xx_hal_tim.c.obj
 .text.TIM_ITRx_SetConfig
                0x08007552       0x10 CMakeFiles/dji_driver_v2.0.elf.dir/Drivers/STM32F4xx_HAL_Driver/Src/stm32f4xx_hal_tim.c.obj
 *fill*         0x08007562        0x2 
 .text.HAL_TIM_Base_Start_IT
                0x08007564       0x88 CMakeFiles/dji_driver_v2.0.elf.dir/Drivers/STM32F4xx_HAL_Driver/Src/stm32f4xx_hal_tim.c.obj
                0x08007564                HAL_TIM_Base_Start_IT
 .text.HAL_TIM_OC_DelayElapsedCallback
                0x080075ec        0x2 CMakeFiles/dji_driver_v2.0.elf.dir/Drivers/STM32F4xx_HAL_Driver/Src/stm32f4xx_hal_tim.c.obj
                0x080075ec                HAL_TIM_OC_DelayElapsedCallback
 .text.HAL_TIM_IC_CaptureCallback
                0x080075ee        0x2 CMakeFiles/dji_driver_v2.0.elf.dir/Drivers/STM32F4xx_HAL_Driver/Src/stm32f4xx_hal_tim.c.obj
                0x080075ee                HAL_TIM_IC_CaptureCallback
 .text.HAL_TIM_PWM_PulseFinishedCallback
                0x080075f0        0x2 CMakeFiles/dji_driver_v2.0.elf.dir/Drivers/STM32F4xx_HAL_Driver/Src/stm32f4xx_hal_tim.c.obj
                0x080075f0                HAL_TIM_PWM_PulseFinishedCallback
 .text.HAL_TIM_TriggerCallback
                0x080075f2        0x2 CMakeFiles/dji_driver_v2.0.elf.dir/Drivers/STM32F4xx_HAL_Driver/Src/stm32f4xx_hal_tim.c.obj
                0x080075f2                HAL_TIM_TriggerCallback
 .text.HAL_TIM_IRQHandler
                0x080075f4      0x17a CMakeFiles/dji_driver_v2.0.elf.dir/Drivers/STM32F4xx_HAL_Driver/Src/stm32f4xx_hal_tim.c.obj
                0x080075f4                HAL_TIM_IRQHandler
 *fill*         0x0800776e        0x2 
 .text.TIM_Base_SetConfig
                0x08007770       0xc8 CMakeFiles/dji_driver_v2.0.elf.dir/Drivers/STM32F4xx_HAL_Driver/Src/stm32f4xx_hal_tim.c.obj
                0x08007770                TIM_Base_SetConfig
 .text.HAL_TIM_Base_Init
                0x08007838       0x58 CMakeFiles/dji_driver_v2.0.elf.dir/Drivers/STM32F4xx_HAL_Driver/Src/stm32f4xx_hal_tim.c.obj
                0x08007838                HAL_TIM_Base_Init
 .text.TIM_ETR_SetConfig
                0x08007890       0x1a CMakeFiles/dji_driver_v2.0.elf.dir/Drivers/STM32F4xx_HAL_Driver/Src/stm32f4xx_hal_tim.c.obj
                0x08007890                TIM_ETR_SetConfig
 .text.HAL_TIM_ConfigClockSource
                0x080078aa       0xfe CMakeFiles/dji_driver_v2.0.elf.dir/Drivers/STM32F4xx_HAL_Driver/Src/stm32f4xx_hal_tim.c.obj
                0x080078aa                HAL_TIM_ConfigClockSource
 .text.HAL_TIMEx_MasterConfigSynchronization
                0x080079a8       0x8c CMakeFiles/dji_driver_v2.0.elf.dir/Drivers/STM32F4xx_HAL_Driver/Src/stm32f4xx_hal_tim_ex.c.obj
                0x080079a8                HAL_TIMEx_MasterConfigSynchronization
 .text.HAL_TIMEx_CommutCallback
                0x08007a34        0x2 CMakeFiles/dji_driver_v2.0.elf.dir/Drivers/STM32F4xx_HAL_Driver/Src/stm32f4xx_hal_tim_ex.c.obj
                0x08007a34                HAL_TIMEx_CommutCallback
 .text.HAL_TIMEx_BreakCallback
                0x08007a36        0x2 CMakeFiles/dji_driver_v2.0.elf.dir/Drivers/STM32F4xx_HAL_Driver/Src/stm32f4xx_hal_tim_ex.c.obj
                0x08007a36                HAL_TIMEx_BreakCallback
 .text.UART_EndTxTransfer
                0x08007a38       0x20 CMakeFiles/dji_driver_v2.0.elf.dir/Drivers/STM32F4xx_HAL_Driver/Src/stm32f4xx_hal_uart.c.obj
 .text.UART_EndRxTransfer
                0x08007a58       0x5c CMakeFiles/dji_driver_v2.0.elf.dir/Drivers/STM32F4xx_HAL_Driver/Src/stm32f4xx_hal_uart.c.obj
 .text.UART_Transmit_IT
                0x08007ab4       0x60 CMakeFiles/dji_driver_v2.0.elf.dir/Drivers/STM32F4xx_HAL_Driver/Src/stm32f4xx_hal_uart.c.obj
 .text.UART_SetConfig
                0x08007b14      0x110 CMakeFiles/dji_driver_v2.0.elf.dir/Drivers/STM32F4xx_HAL_Driver/Src/stm32f4xx_hal_uart.c.obj
 .text.HAL_UART_Init
                0x08007c24       0x5e CMakeFiles/dji_driver_v2.0.elf.dir/Drivers/STM32F4xx_HAL_Driver/Src/stm32f4xx_hal_uart.c.obj
                0x08007c24                HAL_UART_Init
 *fill*         0x08007c82        0x2 
 .text.HAL_UART_Transmit_DMA
                0x08007c84       0x9c CMakeFiles/dji_driver_v2.0.elf.dir/Drivers/STM32F4xx_HAL_Driver/Src/stm32f4xx_hal_uart.c.obj
                0x08007c84                HAL_UART_Transmit_DMA
 .text.UART_DMATransmitCplt
                0x08007d20       0x4c CMakeFiles/dji_driver_v2.0.elf.dir/Drivers/STM32F4xx_HAL_Driver/Src/stm32f4xx_hal_uart.c.obj
 .text.UART_EndTransmit_IT
                0x08007d6c       0x1a CMakeFiles/dji_driver_v2.0.elf.dir/Drivers/STM32F4xx_HAL_Driver/Src/stm32f4xx_hal_uart.c.obj
 .text.HAL_UART_TxHalfCpltCallback
                0x08007d86        0x2 CMakeFiles/dji_driver_v2.0.elf.dir/Drivers/STM32F4xx_HAL_Driver/Src/stm32f4xx_hal_uart.c.obj
                0x08007d86                HAL_UART_TxHalfCpltCallback
 .text.UART_DMATxHalfCplt
                0x08007d88        0xa CMakeFiles/dji_driver_v2.0.elf.dir/Drivers/STM32F4xx_HAL_Driver/Src/stm32f4xx_hal_uart.c.obj
 .text.HAL_UART_RxHalfCpltCallback
                0x08007d92        0x2 CMakeFiles/dji_driver_v2.0.elf.dir/Drivers/STM32F4xx_HAL_Driver/Src/stm32f4xx_hal_uart.c.obj
                0x08007d92                HAL_UART_RxHalfCpltCallback
 .text.UART_DMAError
                0x08007d94       0x58 CMakeFiles/dji_driver_v2.0.elf.dir/Drivers/STM32F4xx_HAL_Driver/Src/stm32f4xx_hal_uart.c.obj
 .text.UART_DMAAbortOnError
                0x08007dec       0x10 CMakeFiles/dji_driver_v2.0.elf.dir/Drivers/STM32F4xx_HAL_Driver/Src/stm32f4xx_hal_uart.c.obj
 .text.HAL_UARTEx_RxEventCallback
                0x08007dfc        0x2 CMakeFiles/dji_driver_v2.0.elf.dir/Drivers/STM32F4xx_HAL_Driver/Src/stm32f4xx_hal_uart.c.obj
                0x08007dfc                HAL_UARTEx_RxEventCallback
 .text.UART_Receive_IT
                0x08007dfe       0xe2 CMakeFiles/dji_driver_v2.0.elf.dir/Drivers/STM32F4xx_HAL_Driver/Src/stm32f4xx_hal_uart.c.obj
 .text.HAL_UART_IRQHandler
                0x08007ee0      0x27c CMakeFiles/dji_driver_v2.0.elf.dir/Drivers/STM32F4xx_HAL_Driver/Src/stm32f4xx_hal_uart.c.obj
                0x08007ee0                HAL_UART_IRQHandler
 .text.UART_DMARxHalfCplt
                0x0800815c       0x1a CMakeFiles/dji_driver_v2.0.elf.dir/Drivers/STM32F4xx_HAL_Driver/Src/stm32f4xx_hal_uart.c.obj
 .text.UART_DMAReceiveCplt
                0x08008176       0x96 CMakeFiles/dji_driver_v2.0.elf.dir/Drivers/STM32F4xx_HAL_Driver/Src/stm32f4xx_hal_uart.c.obj
 .text.UART_Start_Receive_IT
                0x0800820c       0x3a CMakeFiles/dji_driver_v2.0.elf.dir/Drivers/STM32F4xx_HAL_Driver/Src/stm32f4xx_hal_uart.c.obj
                0x0800820c                UART_Start_Receive_IT
 .text.HAL_UART_Receive_IT
                0x08008246       0x38 CMakeFiles/dji_driver_v2.0.elf.dir/Drivers/STM32F4xx_HAL_Driver/Src/stm32f4xx_hal_uart.c.obj
                0x08008246                HAL_UART_Receive_IT
 *fill*         0x0800827e        0x2 
 .text.UART_Start_Receive_DMA
                0x08008280       0xa8 CMakeFiles/dji_driver_v2.0.elf.dir/Drivers/STM32F4xx_HAL_Driver/Src/stm32f4xx_hal_uart.c.obj
                0x08008280                UART_Start_Receive_DMA
 .text.HAL_UART_Receive_DMA
                0x08008328       0x38 CMakeFiles/dji_driver_v2.0.elf.dir/Drivers/STM32F4xx_HAL_Driver/Src/stm32f4xx_hal_uart.c.obj
                0x08008328                HAL_UART_Receive_DMA
 .text.OSLIB_Init
                0x08008360       0x34 CMakeFiles/dji_driver_v2.0.elf.dir/oslib/oslib.c.obj
                0x08008360                OSLIB_Init
 .text.OSLIB_CAN_Init
                0x08008394       0x6c CMakeFiles/dji_driver_v2.0.elf.dir/oslib/port/stm32f407zg/oslib_can_port.c.obj
                0x08008394                OSLIB_CAN_Init
 .text.OSLIB_UART_Init
                0x08008400       0x5c CMakeFiles/dji_driver_v2.0.elf.dir/oslib/port/stm32f407zg/oslib_uart_port.c.obj
                0x08008400                OSLIB_UART_Init
 .text.OSLIB_CAN_Handle_Get
                0x0800845c       0x18 CMakeFiles/dji_driver_v2.0.elf.dir/oslib/can/oslib_can.c.obj
 .text.OSLIB_CAN_Handle_Register
                0x08008474       0x28 CMakeFiles/dji_driver_v2.0.elf.dir/oslib/can/oslib_can.c.obj
 .text.HAL_CAN_TxMailbox0CompleteCallback
                0x0800849c       0x38 CMakeFiles/dji_driver_v2.0.elf.dir/oslib/can/oslib_can.c.obj
                0x0800849c                HAL_CAN_TxMailbox0CompleteCallback
 .text.HAL_CAN_TxMailbox1CompleteCallback
                0x080084d4       0x38 CMakeFiles/dji_driver_v2.0.elf.dir/oslib/can/oslib_can.c.obj
                0x080084d4                HAL_CAN_TxMailbox1CompleteCallback
 .text.HAL_CAN_TxMailbox2CompleteCallback
                0x0800850c       0x38 CMakeFiles/dji_driver_v2.0.elf.dir/oslib/can/oslib_can.c.obj
                0x0800850c                HAL_CAN_TxMailbox2CompleteCallback
 .text.HAL_CAN_RxFifo0MsgPendingCallback
                0x08008544       0x58 CMakeFiles/dji_driver_v2.0.elf.dir/oslib/can/oslib_can.c.obj
                0x08008544                HAL_CAN_RxFifo0MsgPendingCallback
 .text.HAL_CAN_RxFifo0FullCallback
                0x0800859c        0x2 CMakeFiles/dji_driver_v2.0.elf.dir/oslib/can/oslib_can.c.obj
                0x0800859c                HAL_CAN_RxFifo0FullCallback
 .text.HAL_CAN_RxFifo1MsgPendingCallback
                0x0800859e       0x5a CMakeFiles/dji_driver_v2.0.elf.dir/oslib/can/oslib_can.c.obj
                0x0800859e                HAL_CAN_RxFifo1MsgPendingCallback
 .text.HAL_CAN_RxFifo1FullCallback
                0x080085f8        0x2 CMakeFiles/dji_driver_v2.0.elf.dir/oslib/can/oslib_can.c.obj
                0x080085f8                HAL_CAN_RxFifo1FullCallback
 *fill*         0x080085fa        0x2 
 .text.HAL_CAN_ErrorCallback
                0x080085fc       0x8c CMakeFiles/dji_driver_v2.0.elf.dir/oslib/can/oslib_can.c.obj
                0x080085fc                HAL_CAN_ErrorCallback
 .text.OSLIB_CAN_Handle_Init
                0x08008688       0xa4 CMakeFiles/dji_driver_v2.0.elf.dir/oslib/can/oslib_can.c.obj
                0x08008688                OSLIB_CAN_Handle_Init
 .text.OSLIB_CAN_SendMessage
                0x0800872c       0x62 CMakeFiles/dji_driver_v2.0.elf.dir/oslib/can/oslib_can.c.obj
                0x0800872c                OSLIB_CAN_SendMessage
 *fill*         0x0800878e        0x2 
 .text.CAN_Dispatch_Task
                0x08008790       0x90 CMakeFiles/dji_driver_v2.0.elf.dir/oslib/can/oslib_can_dispatch.c.obj
 .text.OSLIB_CAN_List32FilterConfig
                0x08008820       0x68 CMakeFiles/dji_driver_v2.0.elf.dir/oslib/can/oslib_can_dispatch.c.obj
 .text.OSLIB_CAN_List16FilterConfig
                0x08008888       0x78 CMakeFiles/dji_driver_v2.0.elf.dir/oslib/can/oslib_can_dispatch.c.obj
 .text.OSLIB_CAN_MaskFilterConfig
                0x08008900       0x68 CMakeFiles/dji_driver_v2.0.elf.dir/oslib/can/oslib_can_dispatch.c.obj
 .text.OSLIB_CAN_Dispatch_Init
                0x08008968      0x3ac CMakeFiles/dji_driver_v2.0.elf.dir/oslib/can/oslib_can_dispatch.c.obj
                0x08008968                OSLIB_CAN_Dispatch_Init
 .text.OSLIB_UART_Handle_Register
                0x08008d14       0x28 CMakeFiles/dji_driver_v2.0.elf.dir/oslib/uart/oslib_uart.c.obj
 .text.OSLIB_UART_Handle_Get
                0x08008d3c       0x18 CMakeFiles/dji_driver_v2.0.elf.dir/oslib/uart/oslib_uart.c.obj
                0x08008d3c                OSLIB_UART_Handle_Get
 .text.HAL_UART_TxCpltCallback
                0x08008d54       0x38 CMakeFiles/dji_driver_v2.0.elf.dir/oslib/uart/oslib_uart.c.obj
                0x08008d54                HAL_UART_TxCpltCallback
 .text.HAL_UART_RxCpltCallback
                0x08008d8c       0x58 CMakeFiles/dji_driver_v2.0.elf.dir/oslib/uart/oslib_uart.c.obj
                0x08008d8c                HAL_UART_RxCpltCallback
 .text.HAL_UART_ErrorCallback
                0x08008de4       0xe4 CMakeFiles/dji_driver_v2.0.elf.dir/oslib/uart/oslib_uart.c.obj
                0x08008de4                HAL_UART_ErrorCallback
 .text.OSLIB_UART_RxIdleCallback
                0x08008ec8       0xb8 CMakeFiles/dji_driver_v2.0.elf.dir/oslib/uart/oslib_uart.c.obj
                0x08008ec8                OSLIB_UART_RxIdleCallback
 .text.OSLIB_UART_Handle_DMA_Init
                0x08008f80       0x68 CMakeFiles/dji_driver_v2.0.elf.dir/oslib/uart/oslib_uart.c.obj
                0x08008f80                OSLIB_UART_Handle_DMA_Init
 .text.OSLIB_UART_Printf
                0x08008fe8       0x88 CMakeFiles/dji_driver_v2.0.elf.dir/oslib/uart/oslib_uart.c.obj
                0x08008fe8                OSLIB_UART_Printf
 .text.OSLIB_UART_SendData
                0x08009070       0x78 CMakeFiles/dji_driver_v2.0.elf.dir/oslib/uart/oslib_uart.c.obj
                0x08009070                OSLIB_UART_SendData
 .text.OSLIB_UART_CLI_StrTok
                0x080090e8       0x5c CMakeFiles/dji_driver_v2.0.elf.dir/oslib/uart/oslib_uart_cmd.c.obj
 .text.OSLIB_UART_CLI_CommandSplit
                0x08009144       0x20 CMakeFiles/dji_driver_v2.0.elf.dir/oslib/uart/oslib_uart_cmd.c.obj
 .text.Command_Help
                0x08009164       0x14 CMakeFiles/dji_driver_v2.0.elf.dir/oslib/uart/oslib_uart_cmd.c.obj
 .text._Command_Help
                0x08009178       0x1c CMakeFiles/dji_driver_v2.0.elf.dir/oslib/uart/oslib_uart_cmd.c.obj
 .text.OSLIB_UART_CLI_ProcessCommand
                0x08009194       0x5c CMakeFiles/dji_driver_v2.0.elf.dir/oslib/uart/oslib_uart_cmd.c.obj
 .text.UART_CLI_Task
                0x080091f0       0x5c CMakeFiles/dji_driver_v2.0.elf.dir/oslib/uart/oslib_uart_cmd.c.obj
 .text.OSLIB_UART_CLI_AddCommand
                0x0800924c       0x24 CMakeFiles/dji_driver_v2.0.elf.dir/oslib/uart/oslib_uart_cmd.c.obj
                0x0800924c                OSLIB_UART_CLI_AddCommand
 .text.OSLIB_UART_CLI_Init
                0x08009270       0x78 CMakeFiles/dji_driver_v2.0.elf.dir/oslib/uart/oslib_uart_cmd.c.obj
                0x08009270                OSLIB_UART_CLI_Init
 .text.cmpAtom  0x080092e8        0x8 CMakeFiles/dji_driver_v2.0.elf.dir/oslib/utils/oslib_hash.c.obj
 .text.hashAtom
                0x080092f0        0x4 CMakeFiles/dji_driver_v2.0.elf.dir/oslib/utils/oslib_hash.c.obj
 .text.freeKeyAtom
                0x080092f4        0x2 CMakeFiles/dji_driver_v2.0.elf.dir/oslib/utils/oslib_hash.c.obj
 .text.cmpStr   0x080092f6        0xe CMakeFiles/dji_driver_v2.0.elf.dir/oslib/utils/oslib_hash.c.obj
                0x080092f6                cmpStr
 .text.hashStr  0x08009304       0x1a CMakeFiles/dji_driver_v2.0.elf.dir/oslib/utils/oslib_hash.c.obj
                0x08009304                hashStr
 *fill*         0x0800931e        0x2 
 .text.HashTable_create
                0x08009320       0x54 CMakeFiles/dji_driver_v2.0.elf.dir/oslib/utils/oslib_hash.c.obj
                0x08009320                HashTable_create
 .text.HashTable_insert
                0x08009374       0xa8 CMakeFiles/dji_driver_v2.0.elf.dir/oslib/utils/oslib_hash.c.obj
                0x08009374                HashTable_insert
 .text.HashTable_get
                0x0800941c       0x70 CMakeFiles/dji_driver_v2.0.elf.dir/oslib/utils/oslib_hash.c.obj
                0x0800941c                HashTable_get
 .text.HashTable_map
                0x0800948c       0x7c CMakeFiles/dji_driver_v2.0.elf.dir/oslib/utils/oslib_hash.c.obj
                0x0800948c                HashTable_map
 .text._GetAvailWriteSpace
                0x08009508       0x18 CMakeFiles/dji_driver_v2.0.elf.dir/oslib/debug/SEGGER_RTT.c.obj
 .text._WriteNoCheck
                0x08009520       0x4c CMakeFiles/dji_driver_v2.0.elf.dir/oslib/debug/SEGGER_RTT.c.obj
 .text._WriteBlocking
                0x0800956c       0x62 CMakeFiles/dji_driver_v2.0.elf.dir/oslib/debug/SEGGER_RTT.c.obj
 *fill*         0x080095ce        0x2 
 .text._DoInit  0x080095d0       0x70 CMakeFiles/dji_driver_v2.0.elf.dir/oslib/debug/SEGGER_RTT.c.obj
 .text.SEGGER_RTT_WriteNoLock
                0x08009640       0x6c CMakeFiles/dji_driver_v2.0.elf.dir/oslib/debug/SEGGER_RTT.c.obj
                0x08009640                SEGGER_RTT_WriteNoLock
 .text.SEGGER_RTT_Write
                0x080096ac       0x34 CMakeFiles/dji_driver_v2.0.elf.dir/oslib/debug/SEGGER_RTT.c.obj
                0x080096ac                SEGGER_RTT_Write
 .text._StoreChar
                0x080096e0       0x40 CMakeFiles/dji_driver_v2.0.elf.dir/oslib/debug/SEGGER_RTT_printf.c.obj
 .text._PrintUnsigned
                0x08009720       0xe0 CMakeFiles/dji_driver_v2.0.elf.dir/oslib/debug/SEGGER_RTT_printf.c.obj
 .text._PrintInt
                0x08009800       0xea CMakeFiles/dji_driver_v2.0.elf.dir/oslib/debug/SEGGER_RTT_printf.c.obj
 *fill*         0x080098ea        0x2 
 .text.SEGGER_RTT_vprintf
                0x080098ec      0x1f0 CMakeFiles/dji_driver_v2.0.elf.dir/oslib/debug/SEGGER_RTT_printf.c.obj
                0x080098ec                SEGGER_RTT_vprintf
 .text.SEGGER_RTT_printf
                0x08009adc       0x1e CMakeFiles/dji_driver_v2.0.elf.dir/oslib/debug/SEGGER_RTT_printf.c.obj
                0x08009adc                SEGGER_RTT_printf
 *fill*         0x08009afa        0x2 
 .text.OSLIB_Elog_Init
                0x08009afc       0x58 CMakeFiles/dji_driver_v2.0.elf.dir/oslib/components/easylogger/port/elog_port.c.obj
                0x08009afc                OSLIB_Elog_Init
 .text.elog_port_init
                0x08009b54       0x40 CMakeFiles/dji_driver_v2.0.elf.dir/oslib/components/easylogger/port/elog_port.c.obj
                0x08009b54                elog_port_init
 .text.elog_port_output
                0x08009b94       0x14 CMakeFiles/dji_driver_v2.0.elf.dir/oslib/components/easylogger/port/elog_port.c.obj
                0x08009b94                elog_port_output
 .text.StartElogTask
                0x08009ba8       0x3c CMakeFiles/dji_driver_v2.0.elf.dir/oslib/components/easylogger/port/elog_port.c.obj
                0x08009ba8                StartElogTask
 .text.elog_port_async_lock
                0x08009be4       0x18 CMakeFiles/dji_driver_v2.0.elf.dir/oslib/components/easylogger/port/elog_port.c.obj
                0x08009be4                elog_port_async_lock
 .text.elog_port_async_unlock
                0x08009bfc       0x10 CMakeFiles/dji_driver_v2.0.elf.dir/oslib/components/easylogger/port/elog_port.c.obj
                0x08009bfc                elog_port_async_unlock
 .text.elog_port_output_lock
                0x08009c0c       0x18 CMakeFiles/dji_driver_v2.0.elf.dir/oslib/components/easylogger/port/elog_port.c.obj
                0x08009c0c                elog_port_output_lock
 .text.elog_port_output_unlock
                0x08009c24       0x10 CMakeFiles/dji_driver_v2.0.elf.dir/oslib/components/easylogger/port/elog_port.c.obj
                0x08009c24                elog_port_output_unlock
 .text.elog_port_get_time
                0x08009c34       0x20 CMakeFiles/dji_driver_v2.0.elf.dir/oslib/components/easylogger/port/elog_port.c.obj
                0x08009c34                elog_port_get_time
 .text.elog_port_get_p_info
                0x08009c54        0x8 CMakeFiles/dji_driver_v2.0.elf.dir/oslib/components/easylogger/port/elog_port.c.obj
                0x08009c54                elog_port_get_p_info
 .text.elog_port_get_t_info
                0x08009c5c        0x8 CMakeFiles/dji_driver_v2.0.elf.dir/oslib/components/easylogger/port/elog_port.c.obj
                0x08009c5c                elog_port_get_t_info
 .text.elog_async_output_notice
                0x08009c64       0x1c CMakeFiles/dji_driver_v2.0.elf.dir/oslib/components/easylogger/port/elog_port.c.obj
                0x08009c64                elog_async_output_notice
 .text.Command_Log_SetTagFiltLVL
                0x08009c80       0xe4 CMakeFiles/dji_driver_v2.0.elf.dir/oslib/components/easylogger/port/elog_cmd.c.obj
 .text.Command_Log_SetFiltLVL
                0x08009d64       0xd4 CMakeFiles/dji_driver_v2.0.elf.dir/oslib/components/easylogger/port/elog_cmd.c.obj
 .text.Command_Log_ColorEnable
                0x08009e38       0x5c CMakeFiles/dji_driver_v2.0.elf.dir/oslib/components/easylogger/port/elog_cmd.c.obj
 .text.Command_Log_OutPutEnable
                0x08009e94       0x5c CMakeFiles/dji_driver_v2.0.elf.dir/oslib/components/easylogger/port/elog_cmd.c.obj
 .text.OSLIB_UART_CLI_AddElogCMD
                0x08009ef0       0x64 CMakeFiles/dji_driver_v2.0.elf.dir/oslib/components/easylogger/port/elog_cmd.c.obj
                0x08009ef0                OSLIB_UART_CLI_AddElogCMD
 .text.elog_set_filter_tag_lvl_default
                0x08009f54       0x48 CMakeFiles/dji_driver_v2.0.elf.dir/oslib/components/easylogger/src/elog.c.obj
 .text.elog_set_output_enabled
                0x08009f9c        0xc CMakeFiles/dji_driver_v2.0.elf.dir/oslib/components/easylogger/src/elog.c.obj
                0x08009f9c                elog_set_output_enabled
 .text.elog_set_text_color_enabled
                0x08009fa8        0xc CMakeFiles/dji_driver_v2.0.elf.dir/oslib/components/easylogger/src/elog.c.obj
                0x08009fa8                elog_set_text_color_enabled
 .text.elog_output_lock
                0x08009fb4       0x28 CMakeFiles/dji_driver_v2.0.elf.dir/oslib/components/easylogger/src/elog.c.obj
                0x08009fb4                elog_output_lock
 .text.elog_output_unlock
                0x08009fdc       0x28 CMakeFiles/dji_driver_v2.0.elf.dir/oslib/components/easylogger/src/elog.c.obj
                0x08009fdc                elog_output_unlock
 .text.elog_output
                0x0800a004      0x394 CMakeFiles/dji_driver_v2.0.elf.dir/oslib/components/easylogger/src/elog.c.obj
                0x0800a004                elog_output
 .text.elog_start
                0x0800a398       0x50 CMakeFiles/dji_driver_v2.0.elf.dir/oslib/components/easylogger/src/elog.c.obj
                0x0800a398                elog_start
 .text.elog_set_fmt
                0x0800a3e8       0x68 CMakeFiles/dji_driver_v2.0.elf.dir/oslib/components/easylogger/src/elog.c.obj
                0x0800a3e8                elog_set_fmt
 .text.elog_set_filter_lvl
                0x0800a450       0x60 CMakeFiles/dji_driver_v2.0.elf.dir/oslib/components/easylogger/src/elog.c.obj
                0x0800a450                elog_set_filter_lvl
 .text.elog_set_filter_tag_lvl
                0x0800a4b0      0x174 CMakeFiles/dji_driver_v2.0.elf.dir/oslib/components/easylogger/src/elog.c.obj
                0x0800a4b0                elog_set_filter_tag_lvl
 .text.elog_get_filter_tag_lvl
                0x0800a624       0xb4 CMakeFiles/dji_driver_v2.0.elf.dir/oslib/components/easylogger/src/elog.c.obj
                0x0800a624                elog_get_filter_tag_lvl
 .text.get_fmt_enabled
                0x0800a6d8       0x70 CMakeFiles/dji_driver_v2.0.elf.dir/oslib/components/easylogger/src/elog.c.obj
 .text.elog_output_lock_enabled
                0x0800a748       0x34 CMakeFiles/dji_driver_v2.0.elf.dir/oslib/components/easylogger/src/elog.c.obj
                0x0800a748                elog_output_lock_enabled
 .text.elog_init
                0x0800a77c       0x54 CMakeFiles/dji_driver_v2.0.elf.dir/oslib/components/easylogger/src/elog.c.obj
                0x0800a77c                elog_init
 .text.elog_async_get_buf_used
                0x0800a7d0       0x40 CMakeFiles/dji_driver_v2.0.elf.dir/oslib/components/easylogger/src/elog_async.c.obj
 .text.async_get_buf_space
                0x0800a810        0xc CMakeFiles/dji_driver_v2.0.elf.dir/oslib/components/easylogger/src/elog_async.c.obj
 .text.elog_async_lock
                0x0800a81c        0x8 CMakeFiles/dji_driver_v2.0.elf.dir/oslib/components/easylogger/src/elog_async.c.obj
                0x0800a81c                elog_async_lock
 .text.elog_async_unlock
                0x0800a824        0x8 CMakeFiles/dji_driver_v2.0.elf.dir/oslib/components/easylogger/src/elog_async.c.obj
                0x0800a824                elog_async_unlock
 .text.async_put_log
                0x0800a82c       0x84 CMakeFiles/dji_driver_v2.0.elf.dir/oslib/components/easylogger/src/elog_async.c.obj
 .text.elog_async_get_log
                0x0800a8b0       0x8c CMakeFiles/dji_driver_v2.0.elf.dir/oslib/components/easylogger/src/elog_async.c.obj
                0x0800a8b0                elog_async_get_log
 .text.elog_async_output
                0x0800a93c       0x28 CMakeFiles/dji_driver_v2.0.elf.dir/oslib/components/easylogger/src/elog_async.c.obj
                0x0800a93c                elog_async_output
 .text.elog_async_enabled
                0x0800a964        0xc CMakeFiles/dji_driver_v2.0.elf.dir/oslib/components/easylogger/src/elog_async.c.obj
                0x0800a964                elog_async_enabled
 .text.elog_async_init
                0x0800a970       0x14 CMakeFiles/dji_driver_v2.0.elf.dir/oslib/components/easylogger/src/elog_async.c.obj
                0x0800a970                elog_async_init
 .text.elog_strcpy
                0x0800a984       0xac CMakeFiles/dji_driver_v2.0.elf.dir/oslib/components/easylogger/src/elog_utils.c.obj
                0x0800a984                elog_strcpy
 .text.CanCallback_EchoID
                0x0800aa30       0x18 CMakeFiles/dji_driver_v2.0.elf.dir/oslib/example/can_func.c.obj
 .text.Command_CanSend2