###############################################################################
#
# IAR ELF Linker V9.30.1.335/W64 for ARM                  02/Jul/2023  17:16:46
# Copyright 2007-2022 IAR Systems AB.
#
#    Output file  =
#        e:\ptyzlyy_doc\BUPT\Robot\Code\Project\DJI_Ctrl\dji_driver_v2\EWARM\dji_driver_v2.0\Exe\dji_driver_v2.0.out
#    Map file     =
#        e:\ptyzlyy_doc\BUPT\Robot\Code\Project\DJI_Ctrl\dji_driver_v2\EWARM\dji_driver_v2.0\List\dji_driver_v2.0.map
#    Command line =
#        -f
#        e:\ptyzlyy_doc\BUPT\Robot\Code\Project\DJI_Ctrl\dji_driver_v2\EWARM\dji_driver_v2.0\Exe\dji_driver_v2.0.out.rsp
#        (e:\ptyzlyy_doc\BUPT\Robot\Code\Project\DJI_Ctrl\dji_driver_v2\EWARM\dji_driver_v2.0\Obj\Application\User\Core\can.o
#        e:\ptyzlyy_doc\BUPT\Robot\Code\Project\DJI_Ctrl\dji_driver_v2\EWARM\dji_driver_v2.0\Obj\Application\oslib\app\can_func.o
#        e:\ptyzlyy_doc\BUPT\Robot\Code\Project\DJI_Ctrl\dji_driver_v2\EWARM\dji_driver_v2.0\Obj\Application\oslib\app\cmd_func.o
#        e:\ptyzlyy_doc\BUPT\Robot\Code\Project\DJI_Ctrl\dji_driver_v2\EWARM\dji_driver_v2.0\Obj\Middlewares\FreeRTOS\cmsis_os2.o
#        e:\ptyzlyy_doc\BUPT\Robot\Code\Project\DJI_Ctrl\dji_driver_v2\EWARM\dji_driver_v2.0\Obj\Application\User\Core\command.o
#        e:\ptyzlyy_doc\BUPT\Robot\Code\Project\DJI_Ctrl\dji_driver_v2\EWARM\dji_driver_v2.0\Obj\Middlewares\FreeRTOS\croutine.o
#        e:\ptyzlyy_doc\BUPT\Robot\Code\Project\DJI_Ctrl\dji_driver_v2\EWARM\dji_driver_v2.0\Obj\Application\User\Core\ctrl.o
#        e:\ptyzlyy_doc\BUPT\Robot\Code\Project\DJI_Ctrl\dji_driver_v2\EWARM\dji_driver_v2.0\Obj\Application\User\Core\dma.o
#        e:\ptyzlyy_doc\BUPT\Robot\Code\Project\DJI_Ctrl\dji_driver_v2\EWARM\dji_driver_v2.0\Obj\Middlewares\FreeRTOS\event_groups.o
#        e:\ptyzlyy_doc\BUPT\Robot\Code\Project\DJI_Ctrl\dji_driver_v2\EWARM\dji_driver_v2.0\Obj\Application\User\Core\freertos.o
#        e:\ptyzlyy_doc\BUPT\Robot\Code\Project\DJI_Ctrl\dji_driver_v2\EWARM\dji_driver_v2.0\Obj\Application\User\Core\gpio.o
#        e:\ptyzlyy_doc\BUPT\Robot\Code\Project\DJI_Ctrl\dji_driver_v2\EWARM\dji_driver_v2.0\Obj\Middlewares\FreeRTOS\heap_4.o
#        e:\ptyzlyy_doc\BUPT\Robot\Code\Project\DJI_Ctrl\dji_driver_v2\EWARM\dji_driver_v2.0\Obj\Middlewares\FreeRTOS\list.o
#        e:\ptyzlyy_doc\BUPT\Robot\Code\Project\DJI_Ctrl\dji_driver_v2\EWARM\dji_driver_v2.0\Obj\Application\User\Core\main.o
#        e:\ptyzlyy_doc\BUPT\Robot\Code\Project\DJI_Ctrl\dji_driver_v2\EWARM\dji_driver_v2.0\Obj\Application\User\Core\motorflash.o
#        e:\ptyzlyy_doc\BUPT\Robot\Code\Project\DJI_Ctrl\dji_driver_v2\EWARM\dji_driver_v2.0\Obj\Application\User\Core\motorTask.o
#        e:\ptyzlyy_doc\BUPT\Robot\Code\Project\DJI_Ctrl\dji_driver_v2\EWARM\dji_driver_v2.0\Obj\Application\oslib\oslib.o
#        e:\ptyzlyy_doc\BUPT\Robot\Code\Project\DJI_Ctrl\dji_driver_v2\EWARM\dji_driver_v2.0\Obj\Application\oslib\can\oslib_can.o
#        e:\ptyzlyy_doc\BUPT\Robot\Code\Project\DJI_Ctrl\dji_driver_v2\EWARM\dji_driver_v2.0\Obj\Application\oslib\can\oslib_can_dispatch.o
#        e:\ptyzlyy_doc\BUPT\Robot\Code\Project\DJI_Ctrl\dji_driver_v2\EWARM\dji_driver_v2.0\Obj\Application\oslib\can\oslib_can_example.o
#        e:\ptyzlyy_doc\BUPT\Robot\Code\Project\DJI_Ctrl\dji_driver_v2\EWARM\dji_driver_v2.0\Obj\Application\oslib\utils\oslib_hash.o
#        e:\ptyzlyy_doc\BUPT\Robot\Code\Project\DJI_Ctrl\dji_driver_v2\EWARM\dji_driver_v2.0\Obj\Application\oslib\uart\oslib_uart.o
#        e:\ptyzlyy_doc\BUPT\Robot\Code\Project\DJI_Ctrl\dji_driver_v2\EWARM\dji_driver_v2.0\Obj\Application\oslib\uart\oslib_uart_cmd.o
#        e:\ptyzlyy_doc\BUPT\Robot\Code\Project\DJI_Ctrl\dji_driver_v2\EWARM\dji_driver_v2.0\Obj\Middlewares\FreeRTOS\port.o
#        e:\ptyzlyy_doc\BUPT\Robot\Code\Project\DJI_Ctrl\dji_driver_v2\EWARM\dji_driver_v2.0\Obj\Middlewares\FreeRTOS\portasm.o
#        e:\ptyzlyy_doc\BUPT\Robot\Code\Project\DJI_Ctrl\dji_driver_v2\EWARM\dji_driver_v2.0\Obj\Middlewares\FreeRTOS\queue.o
#        e:\ptyzlyy_doc\BUPT\Robot\Code\Project\DJI_Ctrl\dji_driver_v2\EWARM\dji_driver_v2.0\Obj\Application\oslib\debug\SEGGER_RTT.o
#        e:\ptyzlyy_doc\BUPT\Robot\Code\Project\DJI_Ctrl\dji_driver_v2\EWARM\dji_driver_v2.0\Obj\Application\oslib\debug\SEGGER_RTT_ASM_ARMv7M.o
#        e:\ptyzlyy_doc\BUPT\Robot\Code\Project\DJI_Ctrl\dji_driver_v2\EWARM\dji_driver_v2.0\Obj\Application\oslib\debug\SEGGER_RTT_printf.o
#        e:\ptyzlyy_doc\BUPT\Robot\Code\Project\DJI_Ctrl\dji_driver_v2\EWARM\dji_driver_v2.0\Obj\Application\EWARM\startup_stm32f405xx.o
#        e:\ptyzlyy_doc\BUPT\Robot\Code\Project\DJI_Ctrl\dji_driver_v2\EWARM\dji_driver_v2.0\Obj\Drivers\STM32F4xx_HAL_Driver\stm32f4xx_hal.o
#        e:\ptyzlyy_doc\BUPT\Robot\Code\Project\DJI_Ctrl\dji_driver_v2\EWARM\dji_driver_v2.0\Obj\Drivers\STM32F4xx_HAL_Driver\stm32f4xx_hal_can.o
#        e:\ptyzlyy_doc\BUPT\Robot\Code\Project\DJI_Ctrl\dji_driver_v2\EWARM\dji_driver_v2.0\Obj\Drivers\STM32F4xx_HAL_Driver\stm32f4xx_hal_cortex.o
#        e:\ptyzlyy_doc\BUPT\Robot\Code\Project\DJI_Ctrl\dji_driver_v2\EWARM\dji_driver_v2.0\Obj\Drivers\STM32F4xx_HAL_Driver\stm32f4xx_hal_dma.o
#        e:\ptyzlyy_doc\BUPT\Robot\Code\Project\DJI_Ctrl\dji_driver_v2\EWARM\dji_driver_v2.0\Obj\Drivers\STM32F4xx_HAL_Driver\stm32f4xx_hal_dma_ex.o
#        e:\ptyzlyy_doc\BUPT\Robot\Code\Project\DJI_Ctrl\dji_driver_v2\EWARM\dji_driver_v2.0\Obj\Drivers\STM32F4xx_HAL_Driver\stm32f4xx_hal_exti.o
#        e:\ptyzlyy_doc\BUPT\Robot\Code\Project\DJI_Ctrl\dji_driver_v2\EWARM\dji_driver_v2.0\Obj\Drivers\STM32F4xx_HAL_Driver\stm32f4xx_hal_flash.o
#        e:\ptyzlyy_doc\BUPT\Robot\Code\Project\DJI_Ctrl\dji_driver_v2\EWARM\dji_driver_v2.0\Obj\Drivers\STM32F4xx_HAL_Driver\stm32f4xx_hal_flash_ex.o
#        e:\ptyzlyy_doc\BUPT\Robot\Code\Project\DJI_Ctrl\dji_driver_v2\EWARM\dji_driver_v2.0\Obj\Drivers\STM32F4xx_HAL_Driver\stm32f4xx_hal_flash_ramfunc.o
#        e:\ptyzlyy_doc\BUPT\Robot\Code\Project\DJI_Ctrl\dji_driver_v2\EWARM\dji_driver_v2.0\Obj\Drivers\STM32F4xx_HAL_Driver\stm32f4xx_hal_gpio.o
#        e:\ptyzlyy_doc\BUPT\Robot\Code\Project\DJI_Ctrl\dji_driver_v2\EWARM\dji_driver_v2.0\Obj\Application\User\Core\stm32f4xx_hal_msp.o
#        e:\ptyzlyy_doc\BUPT\Robot\Code\Project\DJI_Ctrl\dji_driver_v2\EWARM\dji_driver_v2.0\Obj\Drivers\STM32F4xx_HAL_Driver\stm32f4xx_hal_pwr.o
#        e:\ptyzlyy_doc\BUPT\Robot\Code\Project\DJI_Ctrl\dji_driver_v2\EWARM\dji_driver_v2.0\Obj\Drivers\STM32F4xx_HAL_Driver\stm32f4xx_hal_pwr_ex.o
#        e:\ptyzlyy_doc\BUPT\Robot\Code\Project\DJI_Ctrl\dji_driver_v2\EWARM\dji_driver_v2.0\Obj\Drivers\STM32F4xx_HAL_Driver\stm32f4xx_hal_rcc.o
#        e:\ptyzlyy_doc\BUPT\Robot\Code\Project\DJI_Ctrl\dji_driver_v2\EWARM\dji_driver_v2.0\Obj\Drivers\STM32F4xx_HAL_Driver\stm32f4xx_hal_rcc_ex.o
#        e:\ptyzlyy_doc\BUPT\Robot\Code\Project\DJI_Ctrl\dji_driver_v2\EWARM\dji_driver_v2.0\Obj\Drivers\STM32F4xx_HAL_Driver\stm32f4xx_hal_tim.o
#        e:\ptyzlyy_doc\BUPT\Robot\Code\Project\DJI_Ctrl\dji_driver_v2\EWARM\dji_driver_v2.0\Obj\Drivers\STM32F4xx_HAL_Driver\stm32f4xx_hal_tim_ex.o
#        e:\ptyzlyy_doc\BUPT\Robot\Code\Project\DJI_Ctrl\dji_driver_v2\EWARM\dji_driver_v2.0\Obj\Application\User\Core\stm32f4xx_hal_timebase_tim.o
#        e:\ptyzlyy_doc\BUPT\Robot\Code\Project\DJI_Ctrl\dji_driver_v2\EWARM\dji_driver_v2.0\Obj\Drivers\STM32F4xx_HAL_Driver\stm32f4xx_hal_uart.o
#        e:\ptyzlyy_doc\BUPT\Robot\Code\Project\DJI_Ctrl\dji_driver_v2\EWARM\dji_driver_v2.0\Obj\Application\User\Core\stm32f4xx_it.o
#        e:\ptyzlyy_doc\BUPT\Robot\Code\Project\DJI_Ctrl\dji_driver_v2\EWARM\dji_driver_v2.0\Obj\Middlewares\FreeRTOS\stream_buffer.o
#        e:\ptyzlyy_doc\BUPT\Robot\Code\Project\DJI_Ctrl\dji_driver_v2\EWARM\dji_driver_v2.0\Obj\Drivers\CMSIS\system_stm32f4xx.o
#        e:\ptyzlyy_doc\BUPT\Robot\Code\Project\DJI_Ctrl\dji_driver_v2\EWARM\dji_driver_v2.0\Obj\Middlewares\FreeRTOS\tasks.o
#        e:\ptyzlyy_doc\BUPT\Robot\Code\Project\DJI_Ctrl\dji_driver_v2\EWARM\dji_driver_v2.0\Obj\Application\User\Core\tim.o
#        e:\ptyzlyy_doc\BUPT\Robot\Code\Project\DJI_Ctrl\dji_driver_v2\EWARM\dji_driver_v2.0\Obj\Middlewares\FreeRTOS\timers.o
#        e:\ptyzlyy_doc\BUPT\Robot\Code\Project\DJI_Ctrl\dji_driver_v2\EWARM\dji_driver_v2.0\Obj\Application\User\Core\toolBoxScope.o
#        e:\ptyzlyy_doc\BUPT\Robot\Code\Project\DJI_Ctrl\dji_driver_v2\EWARM\dji_driver_v2.0\Obj\Application\User\Core\usart.o
#        e:\ptyzlyy_doc\BUPT\Robot\Code\Project\DJI_Ctrl\dji_driver_v2\EWARM\dji_driver_v2.0\Obj\Application\oslib\utils\utils.o
#        --no_out_extension -o
#        e:\ptyzlyy_doc\BUPT\Robot\Code\Project\DJI_Ctrl\dji_driver_v2\EWARM\dji_driver_v2.0\Exe\dji_driver_v2.0.out
#        --redirect _Printf=_PrintfFullNoMb --redirect _Scanf=_ScanfFullNoMb
#        --map
#        e:\ptyzlyy_doc\BUPT\Robot\Code\Project\DJI_Ctrl\dji_driver_v2\EWARM\dji_driver_v2.0\List\dji_driver_v2.0.map
#        --config
#        e:\ptyzlyy_doc\BUPT\Robot\Code\Project\DJI_Ctrl\dji_driver_v2\EWARM/stm32f405xx_flash.icf
#        --semihosting --entry __iar_program_start --vfe --text_out locale
#        --cpu=Cortex-M4 --fpu=VFPv4_sp)
#
###############################################################################

*******************************************************************************
*** RUNTIME MODEL ATTRIBUTES
***

CppFlavor       = *
__CPP_Runtime   = 1
__Heap_Handler  = Basic
__SystemLibrary = DLib
__dlib_version  = 6


*******************************************************************************
*** HEAP SELECTION
***

The basic heap was selected because --advanced_heap
was not specified and the application did not appear to
be primarily optimized for speed.


*******************************************************************************
*** PLACEMENT SUMMARY
***

"A0":  place at address 0x800'0000 { ro section .intvec };
"P1":  place in [from 0x800'0000 to 0x80f'ffff] { ro };
define block CSTACK with size = 1K, alignment = 8 { };
define block HEAP with size = 512, alignment = 8 { };
"P2":  place in [from 0x2000'0000 to 0x2001'ffff] {
          rw, block CSTACK, block HEAP };
initialize by copy { rw };

  Section            Kind         Address    Size  Object
  -------            ----         -------    ----  ------
"A0":                                       0x188
  .intvec            ro code   0x800'0000   0x188  startup_stm32f405xx.o [1]
                             - 0x800'0188   0x188

"P1":                                      0xb487
  .text              ro code   0x800'0188   0xeaa  xprintffull_nomb.o [12]
  .text              ro code   0x800'1032    0x7e  lz77_init_single.o [14]
  .text              ro code   0x800'10b0    0x16  strchr.o [14]
  .text              ro code   0x800'10c6    0x1a  xsnprout.o [12]
  .text              ro code   0x800'10e0    0x40  xfail_s.o [12]
  .text              ro code   0x800'1120    0x14  strlen_small.o [14]
  .text              ro code   0x800'1134    0x58  memchr.o [14]
  .text              ro code   0x800'118c    0x18  ABImemcpy_small.o [14]
  .text              ro code   0x800'11a4    0x70  frexp.o [13]
  .text              ro code   0x800'1214    0x34  DblCmpLe.o [13]
  .text              ro code   0x800'1248    0x34  DblCmpGe.o [13]
  .text              ro code   0x800'127c   0x13a  ldexp.o [13]
  .text              ro code   0x800'13b6     0xa  xsprout.o [12]
  .text              ro code   0x800'13c0    0x36  DblToS32.o [13]
  .rodata            const     0x800'13f6     0x2  xlocale_c.o [12]
  .text              ro code   0x800'13f8    0x22  S32ToDbl.o [13]
  .rodata            const     0x800'141a     0x2  xlocale_c.o [12]
  .text              ro code   0x800'141c   0x25e  DblAddSub.o [13]
  .rodata            const     0x800'167a     0x1  xlocale_c.o [12]
  .text              ro code   0x800'167c   0x246  DblDiv.o [13]
  .text              ro code   0x800'18c4    0x22  DblToU32.o [13]
  .text              ro code   0x800'18e8    0x1c  U32ToDbl.o [13]
  .text              ro code   0x800'1904   0x1aa  DblMul.o [13]
  .text              ro code   0x800'1ab0    0x4c  xlocale_c.o [12]
  .text              ro code   0x800'1afc   0x106  I64DivMod_small.o [14]
  .text              ro code   0x800'1c02     0x6  abort.o [12]
  .text              ro code   0x800'1c08     0x2  I64DivZer.o [14]
  .text              ro code   0x800'1c0c    0x14  exit.o [15]
  .text              ro code   0x800'1c20   0xc24  cmd_func.o [4]
  .text              ro code   0x800'2844     0xe  math_wrappers64.o [13]
  .text              ro code   0x800'2854    0x48  FltToDbl.o [13]
  .text              ro code   0x800'289c   0x404  oslib_uart.o [7]
  .text              ro code   0x800'2ca0    0x68  DblToFlt.o [13]
  .text              ro code   0x800'2d08   0x300  command.o [2]
  .text              ro code   0x800'3008   0x14e  iar_Stoulx.o [12]
  .text              ro code   0x800'3158    0xd8  motorflash.o [2]
  .text              ro code   0x800'3230   0x734  ctrl.o [2]
  .text              ro code   0x800'3964   0x654  oslib_can.o [5]
  .text              ro code   0x800'3fb8    0x90  iar_Stolx.o [12]
  .text              ro code   0x800'4048   0x1ac  heap_4.o [11]
  .text              ro code   0x800'41f4   0xb68  tasks.o [11]
  .text              ro code   0x800'4d5c   0x1cc  oslib_uart_cmd.o [7]
  .text              ro code   0x800'4f28   0x36a  strto64.o [13]
  .text              ro code   0x800'5294   0x5ac  cmsis_os2.o [11]
  .text              ro code   0x800'5840   0x410  stm32f4xx_hal_dma.o [10]
  .text              ro code   0x800'5c50   0x56c  stm32f4xx_hal_uart.o [10]
  .text              ro code   0x800'61bc   0x35c  SEGGER_RTT_printf.o [6]
  .text              ro code   0x800'6518    0x3c  vsnprint.o [12]
  .text              ro code   0x800'6554    0x82  utils.o [8]
  .text              ro code   0x800'65d6    0x14  isspace.o [12]
  .text              ro code   0x800'65ea    0x14  tolower.o [12]
  .text              ro code   0x800'6600   0x1e0  stm32f4xx_hal_flash.o [10]
  .text              ro code   0x800'67e0   0x15c  stm32f4xx_hal_flash_ex.o [10]
  .text              ro code   0x800'693c     0x6  ABImemclr4.o [14]
  .text              ro code   0x800'6944   0x36c  motorTask.o [2]
  .text              ro code   0x800'6cb0    0xfa  toolBoxScope.o [2]
  .text              ro code   0x800'6dac   0x650  stm32f4xx_hal_can.o [10]
  .text              ro code   0x800'73fc   0x234  oslib_hash.o [8]
  .text              ro code   0x800'7630   0x5a8  oslib_can_dispatch.o [5]
  .text              ro code   0x800'7bd8   0x134  main.o [2]
  .text              ro code   0x800'7d0c    0x3a  ABImemset48.o [14]
  .text              ro code   0x800'7d46    0x92  list.o [11]
  .text              ro code   0x800'7dd8   0x1c6  port.o [11]
  .text              ro code   0x800'7fa0   0x358  timers.o [11]
  .text              ro code   0x800'82f8    0x40  sprintf.o [12]
  .text              ro code   0x800'8338    0x18  strcpy.o [14]
  .text              ro code   0x800'8350    0x4c  strtok.o [12]
  .text              ro code   0x800'839c   0x122  iar_Stopfx.o [12]
  .text              ro code   0x800'84c0   0x1b8  iar_Stoflt.o [12]
  .text              ro code   0x800'8678   0x208  iar_Stoxflt.o [12]
  .text              ro code   0x800'8880   0x938  queue.o [11]
  .text              ro code   0x800'91b8     0xc  stm32f4xx_hal.o [10]
  .text              ro code   0x800'91c4   0x134  usart.o [2]
  .text              ro code   0x800'92f8     0x2  stm32f4xx_hal_uart.o [10]
  .text              ro code   0x800'92fa     0x2  stm32f4xx_hal_uart.o [10]
  .text              ro code   0x800'92fc     0x2  stm32f4xx_hal_uart.o [10]
  .text              ro code   0x800'9300   0x184  stm32f4xx_hal_rcc.o [10]
  .text              ro code   0x800'9484   0x1d8  SEGGER_RTT.o [6]
  .text              ro code   0x800'965c   0x1a0  can.o [2]
  .text              ro code   0x800'97fc     0x2  stm32f4xx_hal_can.o [10]
  .text              ro code   0x800'97fe     0x2  stm32f4xx_hal_can.o [10]
  .text              ro code   0x800'9800     0x2  stm32f4xx_hal_can.o [10]
  .text              ro code   0x800'9802     0x2  stm32f4xx_hal_can.o [10]
  .text              ro code   0x800'9804     0x2  stm32f4xx_hal_can.o [10]
  .text              ro code   0x800'9808    0x12  strcmp.o [14]
  .text              ro code   0x800'981c    0x24  ABIassert.o [15]
  .text              ro code   0x800'9840    0x34  stm32f4xx_hal.o [10]
  .text              ro code   0x800'9874    0x94  gpio.o [2]
  .text              ro code   0x800'9908    0x44  dma.o [2]
  .text              ro code   0x800'994c    0xac  tim.o [2]
  .text              ro code   0x800'99f8   0x394  stm32f4xx_hal_tim.o [10]
  .text              ro code   0x800'9d8c    0xe0  freertos.o [2]
  .text              ro code   0x800'9e6c   0x314  stm32f4xx_hal_rcc.o [10]
  .text              ro code   0x800'a180   0x204  stm32f4xx_hal_gpio.o [10]
  .text              ro code   0x800'a384    0x10  stm32f4xx_hal.o [10]
  .text              ro code   0x800'a394    0x28  port.o [11]
  CODE               ro code   0x800'a3bc    0xb0  portasm.o [11]
  .text              ro code   0x800'a46c    0x22  strspn.o [12]
  .text              ro code   0x800'a48e    0x22  strcspn.o [12]
  .text              ro code   0x800'a4b0    0x14  isalpha.o [12]
  .text              ro code   0x800'a4c4    0x14  memset.o [14]
  .text              ro code   0x800'a4d8    0x98  stm32f4xx_hal_cortex.o [10]
  .text              ro code   0x800'a570    0x60  stm32f4xx_hal_rcc.o [10]
  .text              ro code   0x800'a5d0    0x7c  stm32f4xx_hal_timebase_tim.o [2]
  .text              ro code   0x800'a64c    0x40  stm32f4xx_hal_msp.o [2]
  .text              ro code   0x800'a68c    0x8c  stm32f4xx_hal_tim_ex.o [10]
  .text              ro code   0x800'a718     0x2  stm32f4xx_hal_tim.o [10]
  .text              ro code   0x800'a71a     0x2  stm32f4xx_hal_tim.o [10]
  .text              ro code   0x800'a71c     0x2  stm32f4xx_hal_tim_ex.o [10]
  .text              ro code   0x800'a71e     0x2  stm32f4xx_hal_tim.o [10]
  .text              ro code   0x800'a720     0x2  stm32f4xx_hal_tim_ex.o [10]
  .text              ro code   0x800'a722     0x2  stm32f4xx_hal_tim.o [10]
  .text              ro code   0x800'a724    0x48  oslib.o [3]
  .text              ro code   0x800'a76c    0x12  ABImemset_small.o [14]
  .rodata            const     0x800'a780   0x200  toolBoxScope.o [2]
  .rodata            const     0x800'a980   0x190  cmd_func.o [4]
  .rodata            const     0x800'ab10   0x10c  cmd_func.o [4]
  .rodata            const     0x800'ac1c    0x90  freertos.o [2]
  .rodata            const     0x800'acac    0x90  oslib_can_dispatch.o [5]
  .text              ro code   0x800'ad3c    0x6e  stm32f4xx_it.o [2]
  .rodata            const     0x800'adac    0x64  cmd_func.o [4]
  .rodata            const     0x800'ae10    0x5c  cmd_func.o [4]
  .rodata            const     0x800'ae6c    0x5c  oslib_hash.o [8]
  .rodata            const     0x800'aec8    0x50  cmd_func.o [4]
  .rodata            const     0x800'af18    0x50  cmd_func.o [4]
  .rodata            const     0x800'af68    0x50  iar_Stoulx.o [12]
  .rodata            const     0x800'afb8    0x4c  cmd_func.o [4]
  .rodata            const     0x800'b004    0x2c  cmd_func.o [4]
  .rodata            const     0x800'b030    0x48  strto64.o [13]
  .rodata            const     0x800'b078    0x38  cmd_func.o [4]
  .rodata            const     0x800'b0b0    0x38  cmd_func.o [4]
  .text              ro code   0x800'b0e8    0x38  zero_init3.o [14]
  .rodata            const     0x800'b120    0x30  cmd_func.o [4]
  .rodata            const     0x800'b150    0x30  cmd_func.o [4]
  .rodata            const     0x800'b180    0x30  cmd_func.o [4]
  .text              ro code   0x800'b1b0    0x2c  system_stm32f4xx.o [9]
  .rodata            const     0x800'b1dc    0x28  cmd_func.o [4]
  .rodata            const     0x800'b204    0x28  cmd_func.o [4]
  .text              ro code   0x800'b22c    0x28  data_init.o [14]
  .rodata            const     0x800'b254    0x24  command.o [2]
  .rodata            const     0x800'b278    0x24  oslib_uart_cmd.o [7]
  .text              ro code   0x800'b29c    0x24  can_func.o [4]
  .text              ro code   0x800'b2c0    0x22  fpinit_M.o [13]
  .iar.init_table    const     0x800'b2e4    0x20  - Linker created -
  .text              ro code   0x800'b304    0x1e  cmain.o [14]
  .text              ro code   0x800'b322     0x4  low_level_init.o [12]
  .text              ro code   0x800'b326     0x4  exit.o [12]
  .text              ro code   0x800'b32c     0xa  cexit.o [14]
  .text              ro code   0x800'b338    0x1c  cstartup_M.o [14]
  .rodata            const     0x800'b354    0x14  freertos.o [2]
  .rodata            const     0x800'b368    0x14  freertos.o [2]
  .rodata            const     0x800'b37c    0x14  oslib_uart_cmd.o [7]
  .rodata            const     0x800'b390    0x10  freertos.o [2]
  .rodata            const     0x800'b3a0    0x10  freertos.o [2]
  .rodata            const     0x800'b3b0    0x10  freertos.o [2]
  .rodata            const     0x800'b3c0    0x10  freertos.o [2]
  .rodata            const     0x800'b3d0    0x10  oslib_can_dispatch.o [5]
  .rodata            const     0x800'b3e0    0x10  oslib_can_dispatch.o [5]
  .text              ro code   0x800'b3f0    0x10  startup_stm32f405xx.o [1]
  .rodata            const     0x800'b400     0xc  freertos.o [2]
  .rodata            const     0x800'b40c     0xc  freertos.o [2]
  .rodata            const     0x800'b418     0xc  oslib_can.o [5]
  .rodata            const     0x800'b424     0xc  oslib_can.o [5]
  .rodata            const     0x800'b430     0xc  oslib_can_dispatch.o [5]
  .rodata            const     0x800'b43c     0xc  oslib_can_dispatch.o [5]
  .rodata            const     0x800'b448     0xc  oslib_uart.o [7]
  .rodata            const     0x800'b454     0xc  oslib_uart.o [7]
  .rodata            const     0x800'b460     0xc  oslib_uart_cmd.o [7]
  .rodata            const     0x800'b46c     0x8  system_stm32f4xx.o [9]
  .text              ro code   0x800'b474     0x4  startup_stm32f405xx.o [1]
  .text              ro code   0x800'b478     0x4  startup_stm32f405xx.o [1]
  .text              ro code   0x800'b47c     0x4  startup_stm32f405xx.o [1]
  .text              ro code   0x800'b480     0x4  startup_stm32f405xx.o [1]
  .text              ro code   0x800'b484     0x4  startup_stm32f405xx.o [1]
  .text              ro code   0x800'b488     0x4  startup_stm32f405xx.o [1]
  .text              ro code   0x800'b48c     0x4  startup_stm32f405xx.o [1]
  .text              ro code   0x800'b490     0x4  startup_stm32f405xx.o [1]
  .text              ro code   0x800'b494     0x4  startup_stm32f405xx.o [1]
  .text              ro code   0x800'b498     0x4  startup_stm32f405xx.o [1]
  .text              ro code   0x800'b49c     0x4  startup_stm32f405xx.o [1]
  .text              ro code   0x800'b4a0     0x4  startup_stm32f405xx.o [1]
  .text              ro code   0x800'b4a4     0x4  startup_stm32f405xx.o [1]
  .text              ro code   0x800'b4a8     0x4  startup_stm32f405xx.o [1]
  .text              ro code   0x800'b4ac     0x4  startup_stm32f405xx.o [1]
  .text              ro code   0x800'b4b0     0x4  startup_stm32f405xx.o [1]
  .text              ro code   0x800'b4b4     0x4  startup_stm32f405xx.o [1]
  .text              ro code   0x800'b4b8     0x4  startup_stm32f405xx.o [1]
  .text              ro code   0x800'b4bc     0x4  startup_stm32f405xx.o [1]
  .text              ro code   0x800'b4c0     0x4  startup_stm32f405xx.o [1]
  .text              ro code   0x800'b4c4     0x4  startup_stm32f405xx.o [1]
  .text              ro code   0x800'b4c8     0x4  startup_stm32f405xx.o [1]
  .text              ro code   0x800'b4cc     0x4  startup_stm32f405xx.o [1]
  .text              ro code   0x800'b4d0     0x4  startup_stm32f405xx.o [1]
  .text              ro code   0x800'b4d4     0x4  startup_stm32f405xx.o [1]
  .text              ro code   0x800'b4d8     0x4  startup_stm32f405xx.o [1]
  .text              ro code   0x800'b4dc     0x4  startup_stm32f405xx.o [1]
  .text              ro code   0x800'b4e0     0x4  startup_stm32f405xx.o [1]
  .text              ro code   0x800'b4e4     0x4  startup_stm32f405xx.o [1]
  .text              ro code   0x800'b4e8     0x4  startup_stm32f405xx.o [1]
  .text              ro code   0x800'b4ec     0x4  startup_stm32f405xx.o [1]
  .text              ro code   0x800'b4f0     0x4  startup_stm32f405xx.o [1]
  .text              ro code   0x800'b4f4     0x4  startup_stm32f405xx.o [1]
  .text              ro code   0x800'b4f8     0x4  startup_stm32f405xx.o [1]
  .text              ro code   0x800'b4fc     0x4  startup_stm32f405xx.o [1]
  .text              ro code   0x800'b500     0x4  startup_stm32f405xx.o [1]
  .text              ro code   0x800'b504     0x4  startup_stm32f405xx.o [1]
  .text              ro code   0x800'b508     0x4  startup_stm32f405xx.o [1]
  .text              ro code   0x800'b50c     0x4  startup_stm32f405xx.o [1]
  .text              ro code   0x800'b510     0x4  startup_stm32f405xx.o [1]
  .text              ro code   0x800'b514     0x4  startup_stm32f405xx.o [1]
  .text              ro code   0x800'b518     0x4  startup_stm32f405xx.o [1]
  .text              ro code   0x800'b51c     0x4  startup_stm32f405xx.o [1]
  .text              ro code   0x800'b520     0x4  startup_stm32f405xx.o [1]
  .text              ro code   0x800'b524     0x4  startup_stm32f405xx.o [1]
  .text              ro code   0x800'b528     0x4  startup_stm32f405xx.o [1]
  .text              ro code   0x800'b52c     0x4  startup_stm32f405xx.o [1]
  .text              ro code   0x800'b530     0x4  startup_stm32f405xx.o [1]
  .text              ro code   0x800'b534     0x4  startup_stm32f405xx.o [1]
  .text              ro code   0x800'b538     0x4  startup_stm32f405xx.o [1]
  .text              ro code   0x800'b53c     0x4  startup_stm32f405xx.o [1]
  .text              ro code   0x800'b540     0x4  startup_stm32f405xx.o [1]
  .text              ro code   0x800'b544     0x4  startup_stm32f405xx.o [1]
  .text              ro code   0x800'b548     0x4  startup_stm32f405xx.o [1]
  .text              ro code   0x800'b54c     0x4  startup_stm32f405xx.o [1]
  .text              ro code   0x800'b550     0x4  startup_stm32f405xx.o [1]
  .text              ro code   0x800'b554     0x4  startup_stm32f405xx.o [1]
  .text              ro code   0x800'b558     0x4  startup_stm32f405xx.o [1]
  .text              ro code   0x800'b55c     0x4  startup_stm32f405xx.o [1]
  .text              ro code   0x800'b560     0x4  startup_stm32f405xx.o [1]
  .text              ro code   0x800'b564     0x4  startup_stm32f405xx.o [1]
  .text              ro code   0x800'b568     0x4  startup_stm32f405xx.o [1]
  .text              ro code   0x800'b56c     0x4  startup_stm32f405xx.o [1]
  .text              ro code   0x800'b570     0x4  startup_stm32f405xx.o [1]
  .text              ro code   0x800'b574     0x4  startup_stm32f405xx.o [1]
  .text              ro code   0x800'b578     0x4  startup_stm32f405xx.o [1]
  .text              ro code   0x800'b57c     0x4  startup_stm32f405xx.o [1]
  .rodata            const     0x800'b580     0x0  zero_init3.o [14]
  .rodata            const     0x800'b580     0x0  lz77_init_single.o [14]
  Initializer bytes  const     0x800'b580    0x8f  <for P2-1>
                             - 0x800'b60f  0xb487

"P2", part 1 of 3:                          0x198
  P2-1                        0x2000'0000   0x198  <Init block>
    .data            inited   0x2000'0000    0x70  can_func.o [4]
    .data            inited   0x2000'0070     0x4  can_func.o [4]
    .data            inited   0x2000'0074    0x60  can_func.o [4]
    .data            inited   0x2000'00d4     0x4  can_func.o [4]
    .data            inited   0x2000'00d8    0x18  ctrl.o [2]
    .data            inited   0x2000'00f0     0xc  oslib_uart_cmd.o [7]
    .data            inited   0x2000'00fc     0xc  port.o [11]
    .data            inited   0x2000'0108     0xc  stm32f4xx_hal.o [10]
    .data            inited   0x2000'0114     0x4  system_stm32f4xx.o [9]
    .data            inited   0x2000'0118    0x38  xlocale_c.o [12]
    .data            inited   0x2000'0150    0x48  xlocale_c.o [12]
                            - 0x2000'0198   0x198

"P2", part 2 of 3:                         0x56e4
  .bss               zero     0x2000'0198  0x3c18  heap_4.o [11]
  .bss               zero     0x2000'3db0   0x4b8  SEGGER_RTT.o [6]
  .bss               zero     0x2000'4268   0x460  tasks.o [11]
  .bss               zero     0x2000'46c8   0x45c  cmsis_os2.o [11]
  .bss               zero     0x2000'4b24   0x2b0  ctrl.o [2]
  .bss               zero     0x2000'4dd4   0x25c  cmsis_os2.o [11]
  .bss               zero     0x2000'5030   0x188  oslib_uart.o [7]
  .bss               zero     0x2000'51b8   0x12c  timers.o [11]
  .bss               zero     0x2000'52e4   0x100  cmd_func.o [4]
  .bss               zero     0x2000'53e4    0xc0  usart.o [2]
  .bss               zero     0x2000'54a4    0x9c  tasks.o [11]
  .bss               zero     0x2000'5540    0x78  ctrl.o [2]
  .bss               zero     0x2000'55b8    0x58  oslib_can.o [5]
  .bss               zero     0x2000'5610    0x58  oslib_can.o [5]
  .bss               zero     0x2000'5668    0x40  queue.o [11]
  .bss               zero     0x2000'56a8    0x40  stm32f4xx_hal_timebase_tim.o [2]
  .bss               zero     0x2000'56e8    0x40  tim.o [2]
  .bss               zero     0x2000'5728    0x40  usart.o [2]
  .bss               zero     0x2000'5768    0x38  oslib_can_dispatch.o [5]
  .bss               zero     0x2000'57a0    0x28  can.o [2]
  .bss               zero     0x2000'57c8    0x28  can.o [2]
  .bss               zero     0x2000'57f0    0x20  freertos.o [2]
  .bss               zero     0x2000'5810    0x20  motorTask.o [2]
  .bss               zero     0x2000'5830    0x20  stm32f4xx_hal_flash.o [10]
  .bss               zero     0x2000'5850    0x10  motorTask.o [2]
  .bss               zero     0x2000'5860     0x8  oslib_can.o [5]
  .bss               zero     0x2000'5868     0x4  can.o [2]
  .bss               zero     0x2000'586c     0x4  cmsis_os2.o [11]
  .bss               zero     0x2000'5870     0x4  main.o [2]
  .bss               zero     0x2000'5874     0x4  strtok.o [12]
  .bss               zero     0x2000'5878     0x4  xfail_s.o [12]
                            - 0x2000'587c  0x56e4

"P2", part 3 of 3:                          0x400
  CSTACK                      0x2000'5880   0x400  <Block>
    CSTACK           uninit   0x2000'5880   0x400  <Block tail>
                            - 0x2000'5c80   0x400

Unused ranges:

         From           To      Size
         ----           --      ----
   0x800'b60f   0x80f'ffff  0xf'49f1
  0x2000'587c  0x2000'587f       0x4
  0x2000'5c80  0x2001'ffff  0x1'a380


*******************************************************************************
*** INIT TABLE
***

          Address      Size
          -------      ----
Zero (__iar_zero_init3)
    1 destination range, total size 0x56e4:
          0x2000'0198  0x56e4

Copy/lz77 (__iar_lz77_init_single3)
    1 source range, total size 0x8f (35% of destination):
           0x800'b580    0x8f
    1 destination range, total size 0x198:
          0x2000'0000   0x198



*******************************************************************************
*** MODULE SUMMARY
***

    Module                        ro code  ro data  rw data
    ------                        -------  -------  -------
command line/config:
    -------------------------------------------------------
    Total:

e:\ptyzlyy_doc\BUPT\Robot\Code\Project\DJI_Ctrl\dji_driver_v2\EWARM\dji_driver_v2.0\Obj\Application\EWARM: [1]
    startup_stm32f405xx.o             676
    -------------------------------------------------------
    Total:                            676

e:\ptyzlyy_doc\BUPT\Robot\Code\Project\DJI_Ctrl\dji_driver_v2\EWARM\dji_driver_v2.0\Obj\Application\User\Core: [2]
    can.o                             416                84
    command.o                         768       36
    ctrl.o                          1'844        9      832
    dma.o                              68
    freertos.o                        224      272       32
    gpio.o                            148
    main.o                            308                 4
    motorTask.o                       876                48
    motorflash.o                      216
    stm32f4xx_hal_msp.o                64
    stm32f4xx_hal_timebase_tim.o      124                64
    stm32f4xx_it.o                    110
    tim.o                             172                64
    toolBoxScope.o                    250      512
    usart.o                           308               256
    -------------------------------------------------------
    Total:                          5'896      829    1'384

e:\ptyzlyy_doc\BUPT\Robot\Code\Project\DJI_Ctrl\dji_driver_v2\EWARM\dji_driver_v2.0\Obj\Application\oslib: [3]
    oslib.o                            72
    -------------------------------------------------------
    Total:                             72

e:\ptyzlyy_doc\BUPT\Robot\Code\Project\DJI_Ctrl\dji_driver_v2\EWARM\dji_driver_v2.0\Obj\Application\oslib\app: [4]
    can_func.o                         36       75      216
    cmd_func.o                      3'108    1'476      256
    -------------------------------------------------------
    Total:                          3'144    1'551      472

e:\ptyzlyy_doc\BUPT\Robot\Code\Project\DJI_Ctrl\dji_driver_v2\EWARM\dji_driver_v2.0\Obj\Application\oslib\can: [5]
    oslib_can.o                     1'620       24      184
    oslib_can_dispatch.o            1'448      200       56
    -------------------------------------------------------
    Total:                          3'068      224      240

e:\ptyzlyy_doc\BUPT\Robot\Code\Project\DJI_Ctrl\dji_driver_v2\EWARM\dji_driver_v2.0\Obj\Application\oslib\debug: [6]
    SEGGER_RTT.o                      472             1'208
    SEGGER_RTT_printf.o               860
    -------------------------------------------------------
    Total:                          1'332             1'208

e:\ptyzlyy_doc\BUPT\Robot\Code\Project\DJI_Ctrl\dji_driver_v2\EWARM\dji_driver_v2.0\Obj\Application\oslib\uart: [7]
    oslib_uart.o                    1'028       24      392
    oslib_uart_cmd.o                  460       72       12
    -------------------------------------------------------
    Total:                          1'488       96      404

e:\ptyzlyy_doc\BUPT\Robot\Code\Project\DJI_Ctrl\dji_driver_v2\EWARM\dji_driver_v2.0\Obj\Application\oslib\utils: [8]
    oslib_hash.o                      564       92
    utils.o                           130
    -------------------------------------------------------
    Total:                            694       92

e:\ptyzlyy_doc\BUPT\Robot\Code\Project\DJI_Ctrl\dji_driver_v2\EWARM\dji_driver_v2.0\Obj\Drivers\CMSIS: [9]
    system_stm32f4xx.o                 44       10        4
    -------------------------------------------------------
    Total:                             44       10        4

e:\ptyzlyy_doc\BUPT\Robot\Code\Project\DJI_Ctrl\dji_driver_v2\EWARM\dji_driver_v2.0\Obj\Drivers\STM32F4xx_HAL_Driver: [10]
    stm32f4xx_hal.o                    80        4       12
    stm32f4xx_hal_can.o             1'626
    stm32f4xx_hal_cortex.o            152
    stm32f4xx_hal_dma.o             1'040
    stm32f4xx_hal_flash.o             480                32
    stm32f4xx_hal_flash_ex.o          348
    stm32f4xx_hal_gpio.o              516
    stm32f4xx_hal_rcc.o             1'272
    stm32f4xx_hal_tim.o               924
    stm32f4xx_hal_tim_ex.o            144
    stm32f4xx_hal_uart.o            1'394
    -------------------------------------------------------
    Total:                          7'976        4       44

e:\ptyzlyy_doc\BUPT\Robot\Code\Project\DJI_Ctrl\dji_driver_v2\EWARM\dji_driver_v2.0\Obj\Middlewares\FreeRTOS: [11]
    cmsis_os2.o                     1'452             1'724
    heap_4.o                          428            15'384
    list.o                            146
    port.o                            494        4       12
    portasm.o                         176
    queue.o                         2'360                64
    tasks.o                         2'920             1'276
    timers.o                          856               300
    -------------------------------------------------------
    Total:                          8'832        4   18'760

dl7M_tlf.a: [12]
    abort.o                             6
    exit.o                              4
    iar_Stoflt.o                      440
    iar_Stolx.o                       144
    iar_Stopfx.o                      290
    iar_Stoulx.o                      334       80
    iar_Stoxflt.o                     520
    isalpha.o                          20
    isspace.o                          20
    low_level_init.o                    4
    sprintf.o                          64
    strcspn.o                          34
    strspn.o                           34
    strtok.o                           76                 4
    tolower.o                          20
    vsnprint.o                         60
    xfail_s.o                          64                 4
    xlocale_c.o                        76       50      128
    xprintffull_nomb.o              3'754
    xsnprout.o                         26
    xsprout.o                          10
    -------------------------------------------------------
    Total:                          6'000      130      136

m7M_tls.a: [13]
    DblAddSub.o                       606
    DblCmpGe.o                         52
    DblCmpLe.o                         52
    DblDiv.o                          582
    DblMul.o                          426
    DblToFlt.o                        104
    DblToS32.o                         54
    DblToU32.o                         34
    FltToDbl.o                         72
    S32ToDbl.o                         34
    U32ToDbl.o                         28
    fpinit_M.o                         34
    frexp.o                           112
    ldexp.o                           314
    math_wrappers64.o                  14
    strto64.o                         874       72
    -------------------------------------------------------
    Total:                          3'392       72

rt7M_tl.a: [14]
    ABImemclr4.o                        6
    ABImemcpy_small.o                  24
    ABImemset48.o                      58
    ABImemset_small.o                  18
    I64DivMod_small.o                 262
    I64DivZer.o                         2
    cexit.o                            10
    cmain.o                            30
    cstartup_M.o                       28
    data_init.o                        40
    lz77_init_single.o                126
    memchr.o                           88
    memset.o                           20
    strchr.o                           22
    strcmp.o                           18
    strcpy.o                           24
    strlen_small.o                     20
    zero_init3.o                       56
    -------------------------------------------------------
    Total:                            852

shb_l.a: [15]
    ABIassert.o                        36
    exit.o                             20
    -------------------------------------------------------
    Total:                             56

    Gaps                               35        6
    Linker created                              32    1'024
-----------------------------------------------------------
    Grand Total:                   43'557    3'050   23'676


*******************************************************************************
*** ENTRY LIST
***

Entry                       Address    Size  Type      Object
-----                       -------    ----  ----      ------
.iar.init_table$$Base    0x800'b2e4           --   Gb  - Linker created -
.iar.init_table$$Limit   0x800'b304           --   Gb  - Linker created -
?main                    0x800'b305          Code  Gb  cmain.o [14]
ADC_IRQHandler           0x800'b4b5          Code  Wk  startup_stm32f405xx.o [1]
AHBPrescTable            0x800'b1cc    0x10  Data  Gb  system_stm32f4xx.o [9]
APBPrescTable            0x800'b46c     0x8  Data  Gb  system_stm32f4xx.o [9]
BusFault_Handler         0x800'ad43     0x2  Code  Gb  stm32f4xx_it.o [2]
CAN1_CallbackHashTable  0x2000'5770     0x4  Data  Lc  oslib_can_dispatch.o [5]
CAN1_CallbackTask        0x800'7631    0x46  Code  Gb  oslib_can_dispatch.o [5]
CAN1_CallbackTask{1}{2}::msg
                        0x2000'5780    0x10  Data  Lc  oslib_can_dispatch.o [5]
CAN1_NormList           0x2000'0000    0x70  Data  Gb  can_func.o [4]
CAN1_NormSize           0x2000'0070     0x4  Data  Gb  can_func.o [4]
CAN1_QueueHashTable     0x2000'5768     0x4  Data  Gb  oslib_can_dispatch.o [5]
CAN1_RX0_IRQHandler      0x800'ad59     0x2  Code  Gb  stm32f4xx_it.o [2]
CAN1_RX1_IRQHandler      0x800'ad61     0x2  Code  Gb  stm32f4xx_it.o [2]
CAN1_RxCbQueue          0x2000'5774     0x4  Data  Gb  oslib_can_dispatch.o [5]
CAN1_SCE_IRQHandler      0x800'b4b9          Code  Wk  startup_stm32f405xx.o [1]
CAN1_TX_IRQHandler       0x800'ad55     0x2  Code  Gb  stm32f4xx_it.o [2]
CAN1_TxSema             0x2000'5860     0x4  Data  Lc  oslib_can.o [5]
CAN2_CallbackHashTable  0x2000'5778     0x4  Data  Lc  oslib_can_dispatch.o [5]
CAN2_CallbackTask        0x800'767f    0x46  Code  Gb  oslib_can_dispatch.o [5]
CAN2_CallbackTask{1}{2}::msg
                        0x2000'5790    0x10  Data  Lc  oslib_can_dispatch.o [5]
CAN2_NormList           0x2000'0074    0x60  Data  Gb  can_func.o [4]
CAN2_NormSize           0x2000'00d4     0x4  Data  Gb  can_func.o [4]
CAN2_QueueHashTable     0x2000'576c     0x4  Data  Gb  oslib_can_dispatch.o [5]
CAN2_RX0_IRQHandler      0x800'ad85     0x2  Code  Gb  stm32f4xx_it.o [2]
CAN2_RX1_IRQHandler      0x800'ada9     0x2  Code  Gb  stm32f4xx_it.o [2]
CAN2_RxCbQueue          0x2000'577c     0x4  Data  Gb  oslib_can_dispatch.o [5]
CAN2_SCE_IRQHandler      0x800'b549          Code  Wk  startup_stm32f405xx.o [1]
CAN2_TX_IRQHandler       0x800'ad81     0x2  Code  Gb  stm32f4xx_it.o [2]
CAN2_TxSema             0x2000'5864     0x4  Data  Lc  oslib_can.o [5]
CSTACK$$Base            0x2000'5880           --   Gb  - Linker created -
CSTACK$$Limit           0x2000'5c80           --   Gb  - Linker created -
Can1CallbackTaskHandle_Attributes
                         0x800'acf4    0x24  Data  Gb  oslib_can_dispatch.o [5]
Can1RxCbQueue_Attributes
                         0x800'7ba8    0x18  Data  Gb  oslib_can_dispatch.o [5]
Can1TxSema_Attributes    0x800'3f80    0x10  Data  Gb  oslib_can.o [5]
Can2CallbackTaskHandle_Attributes
                         0x800'ad18    0x24  Data  Gb  oslib_can_dispatch.o [5]
Can2RxCbQueue_Attributes
                         0x800'7bc0    0x18  Data  Gb  oslib_can_dispatch.o [5]
Can2TxSema_Attributes    0x800'3f90    0x10  Data  Gb  oslib_can.o [5]
CanCallback_EchoID       0x800'b29d     0xc  Code  Lc  can_func.o [4]
CommandHashTable        0x2000'00f4     0x4  Data  Lc  oslib_uart_cmd.o [7]
Command_CanSend          0x800'21b9    0x42  Code  Lc  cmd_func.o [4]
Command_CanSend2         0x800'21fb    0x44  Code  Lc  cmd_func.o [4]
Command_Echo             0x800'1d2b    0x2a  Code  Lc  cmd_func.o [4]
Command_Hello            0x800'1d1f     0xc  Code  Lc  cmd_func.o [4]
Command_Help             0x800'4e1b     0xc  Code  Lc  oslib_uart_cmd.o [7]
Command_Homing           0x800'1ed9    0x7e  Code  Lc  cmd_func.o [4]
Command_Init             0x800'229f   0x11e  Code  Gb  cmd_func.o [4]
Command_Motor_Curcfg     0x800'1e9d    0x2e  Code  Lc  cmd_func.o [4]
Command_Motor_Curctrl    0x800'1fff    0x40  Code  Lc  cmd_func.o [4]
Command_Motor_LimitVelcfg
                         0x800'1e13    0x2c  Code  Lc  cmd_func.o [4]
Command_Motor_Off        0x800'1d99    0x44  Code  Lc  cmd_func.o [4]
Command_Motor_On         0x800'1d55    0x44  Code  Lc  cmd_func.o [4]
Command_Motor_Poscfg     0x800'1e55    0x48  Code  Lc  cmd_func.o [4]
Command_Motor_Posctrl    0x800'1f9d    0x40  Code  Lc  cmd_func.o [4]
Command_Motor_PrintInfo
                         0x800'2085    0xa2  Code  Lc  cmd_func.o [4]
Command_Motor_Sendwave   0x800'203f    0x46  Code  Lc  cmd_func.o [4]
Command_Motor_Velcfg     0x800'1de5    0x2e  Code  Lc  cmd_func.o [4]
Command_Motor_Velctrl    0x800'1f57    0x40  Code  Lc  cmd_func.o [4]
Command_SetMotor         0x800'2131    0x84  Code  Lc  cmd_func.o [4]
Command_SetPosPID        0x800'1c21    0x56  Code  Lc  cmd_func.o [4]
Command_SetVelPID        0x800'1c83    0x54  Code  Lc  cmd_func.o [4]
Command_Task             0x800'226f    0x30  Code  Lc  cmd_func.o [4]
CurLoopCfg               0x800'2e0f    0x28  Code  Gb  command.o [2]
DMA1_Stream0_IRQHandler
                         0x800'b4a1          Code  Wk  startup_stm32f405xx.o [1]
DMA1_Stream1_IRQHandler
                         0x800'ad49     0x6  Code  Gb  stm32f4xx_it.o [2]
DMA1_Stream2_IRQHandler
                         0x800'b4a5          Code  Wk  startup_stm32f405xx.o [1]
DMA1_Stream3_IRQHandler
                         0x800'ad4f     0x6  Code  Gb  stm32f4xx_it.o [2]
DMA1_Stream4_IRQHandler
                         0x800'b4a9          Code  Wk  startup_stm32f405xx.o [1]
DMA1_Stream5_IRQHandler
                         0x800'b4ad          Code  Wk  startup_stm32f405xx.o [1]
DMA1_Stream6_IRQHandler
                         0x800'b4b1          Code  Wk  startup_stm32f405xx.o [1]
DMA1_Stream7_IRQHandler
                         0x800'b511          Code  Wk  startup_stm32f405xx.o [1]
DMA2_Stream0_IRQHandler
                         0x800'b535          Code  Wk  startup_stm32f405xx.o [1]
DMA2_Stream1_IRQHandler
                         0x800'b539          Code  Wk  startup_stm32f405xx.o [1]
DMA2_Stream2_IRQHandler
                         0x800'b53d          Code  Wk  startup_stm32f405xx.o [1]
DMA2_Stream3_IRQHandler
                         0x800'b541          Code  Wk  startup_stm32f405xx.o [1]
DMA2_Stream4_IRQHandler
                         0x800'b545          Code  Wk  startup_stm32f405xx.o [1]
DMA2_Stream5_IRQHandler
                         0x800'b551          Code  Wk  startup_stm32f405xx.o [1]
DMA2_Stream6_IRQHandler
                         0x800'b555          Code  Wk  startup_stm32f405xx.o [1]
DMA2_Stream7_IRQHandler
                         0x800'b559          Code  Wk  startup_stm32f405xx.o [1]
DMA_CalcBaseAndBitshift
                         0x800'5c21    0x26  Code  Lc  stm32f4xx_hal_dma.o [10]
DMA_CalcBaseAndBitshift::flagBitshiftOffset
                         0x800'5c48     0x8  Data  Lc  stm32f4xx_hal_dma.o [10]
DMA_SetConfig            0x800'5bff    0x20  Code  Lc  stm32f4xx_hal_dma.o [10]
DebugMon_Handler         0x800'ad47     0x2  Code  Gb  stm32f4xx_it.o [2]
DriverInit               0x800'3343    0xd4  Code  Gb  ctrl.o [2]
Dtentox                  0x800'4f29   0x1e0  Code  Lc  strto64.o [13]
EXTI0_IRQHandler         0x800'b48d          Code  Wk  startup_stm32f405xx.o [1]
EXTI15_10_IRQHandler     0x800'b4f9          Code  Wk  startup_stm32f405xx.o [1]
EXTI1_IRQHandler         0x800'b491          Code  Wk  startup_stm32f405xx.o [1]
EXTI2_IRQHandler         0x800'b495          Code  Wk  startup_stm32f405xx.o [1]
EXTI3_IRQHandler         0x800'b499          Code  Wk  startup_stm32f405xx.o [1]
EXTI4_IRQHandler         0x800'b49d          Code  Wk  startup_stm32f405xx.o [1]
EXTI9_5_IRQHandler       0x800'b4bd          Code  Wk  startup_stm32f405xx.o [1]
Error_Handler            0x800'7d09     0x4  Code  Gb  main.o [2]
FLASH_Erase_Sector       0x800'6893    0x4c  Code  Gb  stm32f4xx_hal_flash_ex.o [10]
FLASH_FlushCaches        0x800'68df    0x50  Code  Gb  stm32f4xx_hal_flash_ex.o [10]
FLASH_IRQHandler         0x800'b485          Code  Wk  startup_stm32f405xx.o [1]
FLASH_MassErase          0x800'6873    0x20  Code  Lc  stm32f4xx_hal_flash_ex.o [10]
FLASH_Program_Byte       0x800'6753    0x14  Code  Lc  stm32f4xx_hal_flash.o [10]
FLASH_Program_DoubleWord
                         0x800'66ed    0x28  Code  Lc  stm32f4xx_hal_flash.o [10]
FLASH_Program_HalfWord   0x800'6727    0x12  Code  Lc  stm32f4xx_hal_flash.o [10]
FLASH_Program_Word       0x800'6715    0x12  Code  Lc  stm32f4xx_hal_flash.o [10]
FLASH_SetErrorCode       0x800'6767    0x60  Code  Lc  stm32f4xx_hal_flash.o [10]
FLASH_WaitForLastOperation
                         0x800'669f    0x4e  Code  Gb  stm32f4xx_hal_flash.o [10]
FPU_IRQHandler           0x800'b57d          Code  Wk  startup_stm32f405xx.o [1]
FSMC_IRQHandler          0x800'b515          Code  Wk  startup_stm32f405xx.o [1]
GM_6020_init             0x800'32f7    0x4c  Code  Gb  ctrl.o [2]
GetCur                   0x800'2fab    0x16  Code  Gb  command.o [2]
GetPos                   0x800'2fc1     0xe  Code  Gb  command.o [2]
GetVel                   0x800'2f9d     0xe  Code  Gb  command.o [2]
HAL_CAN_ActivateNotification
                         0x800'71e7    0x16  Code  Gb  stm32f4xx_hal_can.o [10]
HAL_CAN_AddTxMessage     0x800'6fed    0xc4  Code  Gb  stm32f4xx_hal_can.o [10]
HAL_CAN_ConfigFilter     0x800'6eb7    0xc0  Code  Gb  stm32f4xx_hal_can.o [10]
HAL_CAN_ErrorCallback    0x800'3bf1    0x7c  Code  Gb  oslib_can.o [5]
HAL_CAN_GetRxMessage     0x800'70ef    0xe4  Code  Gb  stm32f4xx_hal_can.o [10]
HAL_CAN_GetTxMailboxesFreeLevel
                         0x800'70c3    0x2c  Code  Gb  stm32f4xx_hal_can.o [10]
HAL_CAN_IRQHandler       0x800'7203   0x1fa  Code  Gb  stm32f4xx_hal_can.o [10]
HAL_CAN_Init             0x800'6dad    0xf8  Code  Gb  stm32f4xx_hal_can.o [10]
HAL_CAN_MspInit          0x800'96c5    0xde  Code  Gb  can.o [2]
HAL_CAN_RxFifo0FullCallback
                         0x800'3b17     0x2  Code  Gb  oslib_can.o [5]
HAL_CAN_RxFifo0MsgPendingCallback
                         0x800'3a51    0xbe  Code  Gb  oslib_can.o [5]
HAL_CAN_RxFifo0MsgPendingCallback{1}{2}::hdr
                        0x2000'55b8    0x1c  Data  Lc  oslib_can.o [5]
HAL_CAN_RxFifo0MsgPendingCallback{1}{2}::msg
                        0x2000'55f0    0x10  Data  Lc  oslib_can.o [5]
HAL_CAN_RxFifo0MsgPendingCallback{1}{5}{6}{7}::hdr
                        0x2000'55d4    0x1c  Data  Lc  oslib_can.o [5]
HAL_CAN_RxFifo0MsgPendingCallback{1}{5}{6}{7}::msg
                        0x2000'5600    0x10  Data  Lc  oslib_can.o [5]
HAL_CAN_RxFifo1FullCallback
                         0x800'3bed     0x2  Code  Gb  oslib_can.o [5]
HAL_CAN_RxFifo1MsgPendingCallback
                         0x800'3b19    0xb0  Code  Gb  oslib_can.o [5]
HAL_CAN_RxFifo1MsgPendingCallback{1}{2}::hdr
                        0x2000'5610    0x1c  Data  Lc  oslib_can.o [5]
HAL_CAN_RxFifo1MsgPendingCallback{1}{2}::msg
                        0x2000'5648    0x10  Data  Lc  oslib_can.o [5]
HAL_CAN_RxFifo1MsgPendingCallback{1}{5}{6}{7}::hdr
                        0x2000'562c    0x1c  Data  Lc  oslib_can.o [5]
HAL_CAN_RxFifo1MsgPendingCallback{1}{5}{6}{7}::msg
                        0x2000'5658    0x10  Data  Lc  oslib_can.o [5]
HAL_CAN_SleepCallback    0x800'9803     0x2  Code  Wk  stm32f4xx_hal_can.o [10]
HAL_CAN_Start            0x800'6f89    0x4c  Code  Gb  stm32f4xx_hal_can.o [10]
HAL_CAN_TxMailbox0AbortCallback
                         0x800'97fd     0x2  Code  Wk  stm32f4xx_hal_can.o [10]
HAL_CAN_TxMailbox0CompleteCallback
                         0x800'3965    0x3e  Code  Gb  oslib_can.o [5]
HAL_CAN_TxMailbox1AbortCallback
                         0x800'97ff     0x2  Code  Wk  stm32f4xx_hal_can.o [10]
HAL_CAN_TxMailbox1CompleteCallback
                         0x800'39a3    0x3a  Code  Gb  oslib_can.o [5]
HAL_CAN_TxMailbox2AbortCallback
                         0x800'9801     0x2  Code  Wk  stm32f4xx_hal_can.o [10]
HAL_CAN_TxMailbox2CompleteCallback
                         0x800'39f9    0x38  Code  Gb  oslib_can.o [5]
HAL_CAN_WakeUpFromRxMsgCallback
                         0x800'9805     0x2  Code  Wk  stm32f4xx_hal_can.o [10]
HAL_DMA_Abort            0x800'599b    0x78  Code  Gb  stm32f4xx_hal_dma.o [10]
HAL_DMA_Abort_IT         0x800'5a13    0x24  Code  Gb  stm32f4xx_hal_dma.o [10]
HAL_DMA_GetState         0x800'5bf9     0x6  Code  Gb  stm32f4xx_hal_dma.o [10]
HAL_DMA_IRQHandler       0x800'5a37   0x188  Code  Gb  stm32f4xx_hal_dma.o [10]
HAL_DMA_Init             0x800'5841    0xee  Code  Gb  stm32f4xx_hal_dma.o [10]
HAL_DMA_Start_IT         0x800'592f    0x6c  Code  Gb  stm32f4xx_hal_dma.o [10]
HAL_FLASHEx_Erase        0x800'67e1    0x92  Code  Gb  stm32f4xx_hal_flash_ex.o [10]
HAL_FLASH_Lock           0x800'668f     0xa  Code  Gb  stm32f4xx_hal_flash.o [10]
HAL_FLASH_Program        0x800'6601    0x6e  Code  Gb  stm32f4xx_hal_flash.o [10]
HAL_FLASH_Unlock         0x800'666f    0x20  Code  Gb  stm32f4xx_hal_flash.o [10]
HAL_GPIO_Init            0x800'a181   0x1c0  Code  Gb  stm32f4xx_hal_gpio.o [10]
HAL_GPIO_TogglePin       0x800'a349     0xe  Code  Gb  stm32f4xx_hal_gpio.o [10]
HAL_GPIO_WritePin        0x800'a341     0x8  Code  Gb  stm32f4xx_hal_gpio.o [10]
HAL_GetTick              0x800'91b9     0xc  Code  Wk  stm32f4xx_hal.o [10]
HAL_IncTick              0x800'a385    0x10  Code  Wk  stm32f4xx_hal.o [10]
HAL_Init                 0x800'9841    0x30  Code  Gb  stm32f4xx_hal.o [10]
HAL_InitTick             0x800'a5d1    0x6c  Code  Gb  stm32f4xx_hal_timebase_tim.o [2]
HAL_MspInit              0x800'a64d    0x40  Code  Gb  stm32f4xx_hal_msp.o [2]
HAL_NVIC_EnableIRQ       0x800'a547    0x16  Code  Gb  stm32f4xx_hal_cortex.o [10]
HAL_NVIC_SetPriority     0x800'a50d    0x3a  Code  Gb  stm32f4xx_hal_cortex.o [10]
HAL_NVIC_SetPriorityGrouping
                         0x800'a4f3    0x1a  Code  Gb  stm32f4xx_hal_cortex.o [10]
HAL_RCC_CAN1_CLK_ENABLED
                        0x2000'5868     0x4  Data  Lc  can.o [2]
HAL_RCC_ClockConfig      0x800'9301   0x100  Code  Gb  stm32f4xx_hal_rcc.o [10]
HAL_RCC_GetClockConfig   0x800'9431    0x36  Code  Gb  stm32f4xx_hal_rcc.o [10]
HAL_RCC_GetPCLK1Freq     0x800'940d    0x10  Code  Gb  stm32f4xx_hal_rcc.o [10]
HAL_RCC_GetPCLK2Freq     0x800'941d     0xe  Code  Gb  stm32f4xx_hal_rcc.o [10]
HAL_RCC_GetSysClockFreq
                         0x800'a571    0x60  Code  Wk  stm32f4xx_hal_rcc.o [10]
HAL_RCC_OscConfig        0x800'9e6d   0x314  Code  Wk  stm32f4xx_hal_rcc.o [10]
HAL_TIMEx_BreakCallback
                         0x800'a71d     0x2  Code  Wk  stm32f4xx_hal_tim_ex.o [10]
HAL_TIMEx_CommutCallback
                         0x800'a721     0x2  Code  Wk  stm32f4xx_hal_tim_ex.o [10]
HAL_TIMEx_MasterConfigSynchronization
                         0x800'a68d    0x6e  Code  Gb  stm32f4xx_hal_tim_ex.o [10]
HAL_TIM_Base_Init        0x800'99f9    0x1a  Code  Gb  stm32f4xx_hal_tim.o [10]
HAL_TIM_Base_MspInit     0x800'99b7    0x38  Code  Gb  tim.o [2]
HAL_TIM_Base_Start_IT    0x800'9a13    0x20  Code  Gb  stm32f4xx_hal_tim.o [10]
HAL_TIM_ConfigClockSource
                         0x800'9b9f    0x90  Code  Gb  stm32f4xx_hal_tim.o [10]
HAL_TIM_IC_CaptureCallback
                         0x800'a719     0x2  Code  Wk  stm32f4xx_hal_tim.o [10]
HAL_TIM_IRQHandler       0x800'9a57   0x142  Code  Gb  stm32f4xx_hal_tim.o [10]
HAL_TIM_OC_DelayElapsedCallback
                         0x800'a71b     0x2  Code  Wk  stm32f4xx_hal_tim.o [10]
HAL_TIM_PWM_PulseFinishedCallback
                         0x800'a723     0x2  Code  Wk  stm32f4xx_hal_tim.o [10]
HAL_TIM_PeriodElapsedCallback
                         0x800'7cad    0x42  Code  Gb  main.o [2]
HAL_TIM_TriggerCallback
                         0x800'a71f     0x2  Code  Wk  stm32f4xx_hal_tim.o [10]
HAL_UART_ErrorCallback   0x800'28e1    0xa8  Code  Gb  oslib_uart.o [7]
HAL_UART_IRQHandler      0x800'5de7   0x15e  Code  Gb  stm32f4xx_hal_uart.o [10]
HAL_UART_Init            0x800'5c51    0x1e  Code  Gb  stm32f4xx_hal_uart.o [10]
HAL_UART_MspInit         0x800'91f3    0xee  Code  Gb  usart.o [2]
HAL_UART_Receive_DMA     0x800'5d43    0x98  Code  Gb  stm32f4xx_hal_uart.o [10]
HAL_UART_RxCpltCallback
                         0x800'92fb     0x2  Code  Wk  stm32f4xx_hal_uart.o [10]
HAL_UART_RxHalfCpltCallback
                         0x800'92fd     0x2  Code  Wk  stm32f4xx_hal_uart.o [10]
HAL_UART_Transmit_DMA    0x800'5ccb    0x78  Code  Gb  stm32f4xx_hal_uart.o [10]
HAL_UART_TxCpltCallback
                         0x800'289d    0x42  Code  Gb  oslib_uart.o [7]
HAL_UART_TxHalfCpltCallback
                         0x800'92f9     0x2  Code  Wk  stm32f4xx_hal_uart.o [10]
HASH_RNG_IRQHandler      0x800'b579          Code  Wk  startup_stm32f405xx.o [1]
HardFault_Handler        0x800'ad3f     0x2  Code  Gb  stm32f4xx_it.o [2]
HashTable_create         0x800'743b    0x44  Code  Gb  oslib_hash.o [8]
HashTable_get            0x800'7511    0x56  Code  Gb  oslib_hash.o [8]
HashTable_insert         0x800'7481    0x88  Code  Gb  oslib_hash.o [8]
HashTable_map            0x800'7575    0x6c  Code  Gb  oslib_hash.o [8]
HomingMode               0x800'3735    0x92  Code  Gb  ctrl.o [2]
HomingModeCfg            0x800'2e89    0x7c  Code  Gb  command.o [2]
I2C1_ER_IRQHandler       0x800'b4dd          Code  Wk  startup_stm32f405xx.o [1]
I2C1_EV_IRQHandler       0x800'b4d9          Code  Wk  startup_stm32f405xx.o [1]
I2C2_ER_IRQHandler       0x800'b4e5          Code  Wk  startup_stm32f405xx.o [1]
I2C2_EV_IRQHandler       0x800'b4e1          Code  Wk  startup_stm32f405xx.o [1]
I2C3_ER_IRQHandler       0x800'b565          Code  Wk  startup_stm32f405xx.o [1]
I2C3_EV_IRQHandler       0x800'b561          Code  Wk  startup_stm32f405xx.o [1]
Idle_Stack              0x2000'4e30   0x200  Data  Lc  cmsis_os2.o [11]
Idle_TCB                0x2000'4dd4    0x5c  Data  Lc  cmsis_os2.o [11]
InformHomingOver         0x800'36ff     0xe  Code  Gb  ctrl.o [2]
InformPosArrival         0x800'35eb    0x10  Code  Gb  ctrl.o [2]
KernelState             0x2000'586c     0x4  Data  Lc  cmsis_os2.o [11]
LimitVelCfg              0x800'2e51    0x32  Code  Gb  command.o [2]
MX_CAN1_Init             0x800'965d    0x34  Code  Gb  can.o [2]
MX_CAN2_Init             0x800'9691    0x2c  Code  Gb  can.o [2]
MX_DMA_Init              0x800'9909    0x44  Code  Gb  dma.o [2]
MX_FREERTOS_Init         0x800'9d8d    0x74  Code  Gb  freertos.o [2]
MX_GPIO_Init             0x800'9875    0x94  Code  Gb  gpio.o [2]
MX_TIM2_Init             0x800'994d    0x6a  Code  Gb  tim.o [2]
MX_USART3_UART_Init      0x800'91c5    0x2e  Code  Gb  usart.o [2]
M_2006_init              0x800'326f    0x32  Code  Gb  ctrl.o [2]
MaxMinLimit              0x800'3815    0x22  Code  Gb  ctrl.o [2]
MemManage_Handler        0x800'ad41     0x2  Code  Gb  stm32f4xx_it.o [2]
MotorCtrl                0x800'3421   0x174  Code  Gb  ctrl.o [2]
MotorCtrl::putcnt       0x2000'55b4     0x4  Data  Lc  ctrl.o [2]
MotorOff                 0x800'2d39     0xe  Code  Gb  command.o [2]
MotorOn                  0x800'2d09    0x30  Code  Gb  command.o [2]
NMI_Handler              0x800'ad3d     0x2  Code  Gb  stm32f4xx_it.o [2]
NoInitPosCfg             0x800'2dbf    0x50  Code  Gb  command.o [2]
OSLIB_CAN_Dispatch_Init
                         0x800'7715   0x334  Code  Gb  oslib_can_dispatch.o [5]
OSLIB_CAN_Init           0x800'3c71    0xc6  Code  Gb  oslib_can.o [5]
OSLIB_CAN_ListFilterConfig
                         0x800'76cd    0x42  Code  Lc  oslib_can_dispatch.o [5]
OSLIB_CAN_SendMessage    0x800'3d45    0x90  Code  Gb  oslib_can.o [5]
OSLIB_Init               0x800'a725    0x28  Code  Gb  oslib.o [3]
OSLIB_UART_RxIdleCallback
                         0x800'2989    0xb0  Code  Gb  oslib_uart.o [7]
OSLIB_UartCmd_AddCommand
                         0x800'4e59    0x4a  Code  Gb  oslib_uart_cmd.o [7]
OSLIB_UartCmd_Init       0x800'4e29    0x30  Code  Gb  oslib_uart_cmd.o [7]
OSLIB_Uart_Init          0x800'2a4d    0x3c  Code  Gb  oslib_uart.o [7]
OSLIB_Uart_Printf        0x800'2a89    0x86  Code  Gb  oslib_uart.o [7]
OSLIB_Uart_SendData      0x800'2b1d    0x7e  Code  Gb  oslib_uart.o [7]
OTG_FS_IRQHandler        0x800'b54d          Code  Wk  startup_stm32f405xx.o [1]
OTG_FS_WKUP_IRQHandler   0x800'b501          Code  Wk  startup_stm32f405xx.o [1]
OTG_HS_EP1_IN_IRQHandler
                         0x800'b56d          Code  Wk  startup_stm32f405xx.o [1]
OTG_HS_EP1_OUT_IRQHandler
                         0x800'b569          Code  Wk  startup_stm32f405xx.o [1]
OTG_HS_IRQHandler        0x800'b575          Code  Wk  startup_stm32f405xx.o [1]
OTG_HS_WKUP_IRQHandler   0x800'b571          Code  Wk  startup_stm32f405xx.o [1]
PID_Release              0x800'6555    0x70  Code  Gb  utils.o [8]
PVD_IRQHandler           0x800'b479          Code  Wk  startup_stm32f405xx.o [1]
PendSV_Handler           0x800'a3bd          Code  Gb  portasm.o [11]
PosCtrl                  0x800'35fd    0x4e  Code  Gb  ctrl.o [2]
PosCtrlAll               0x800'6c11    0x4e  Code  Gb  motorTask.o [2]
PosLoopCfg               0x800'2d6f    0x50  Code  Gb  command.o [2]
RCC_IRQHandler           0x800'b489          Code  Wk  startup_stm32f405xx.o [1]
RM_3508_init             0x800'3231    0x3e  Code  Gb  ctrl.o [2]
RTC_Alarm_IRQHandler     0x800'b4fd          Code  Wk  startup_stm32f405xx.o [1]
RTC_WKUP_IRQHandler      0x800'b481          Code  Wk  startup_stm32f405xx.o [1]
Region$$Table$$Base      0x800'b2e4           --   Gb  - Linker created -
Region$$Table$$Limit     0x800'b304           --   Gb  - Linker created -
Reset_Handler            0x800'b3f1          Code  Wk  startup_stm32f405xx.o [1]
SDIO_IRQHandler          0x800'b519          Code  Wk  startup_stm32f405xx.o [1]
SEGGER_RTT_Write         0x800'9601    0x14  Code  Gb  SEGGER_RTT.o [6]
SEGGER_RTT_WriteNoLock   0x800'9599    0x3e  Code  Gb  SEGGER_RTT.o [6]
SEGGER_RTT_printf        0x800'64f3    0x14  Code  Gb  SEGGER_RTT_printf.o [6]
SEGGER_RTT_vprintf       0x800'62c5   0x218  Code  Gb  SEGGER_RTT_printf.o [6]
SPI1_IRQHandler          0x800'b4e9          Code  Wk  startup_stm32f405xx.o [1]
SPI2_IRQHandler          0x800'b4ed          Code  Wk  startup_stm32f405xx.o [1]
SPI3_IRQHandler          0x800'b521          Code  Wk  startup_stm32f405xx.o [1]
SVC_Handler              0x800'a415          Code  Gb  portasm.o [11]
SetCur                   0x800'6a47    0x70  Code  Gb  motorTask.o [2]
SetCurCtrl               0x800'2f69    0x34  Code  Gb  command.o [2]
SetPosCtrl               0x800'2f31    0x36  Code  Gb  command.o [2]
SetVelCtrl               0x800'2f05    0x20  Code  Gb  command.o [2]
SpeedLimitMode           0x800'365d    0x90  Code  Gb  ctrl.o [2]
StartDefaultTask         0x800'9e15     0x6  Code  Gb  freertos.o [2]
SysTick_Handler          0x800'7f11    0x26  Code  Gb  port.o [11]
SystemClock_Config       0x800'7c0f    0x9e  Code  Gb  main.o [2]
SystemCoreClock         0x2000'0114     0x4  Data  Gb  system_stm32f4xx.o [9]
SystemInit               0x800'b1b1    0x14  Code  Gb  system_stm32f4xx.o [9]
TAMP_STAMP_IRQHandler    0x800'b47d          Code  Wk  startup_stm32f405xx.o [1]
TIM1_BRK_TIM9_IRQHandler
                         0x800'b4c1          Code  Wk  startup_stm32f405xx.o [1]
TIM1_CC_IRQHandler       0x800'b4cd          Code  Wk  startup_stm32f405xx.o [1]
TIM1_TRG_COM_TIM11_IRQHandler
                         0x800'b4c9          Code  Wk  startup_stm32f405xx.o [1]
TIM1_UP_TIM10_IRQHandler
                         0x800'b4c5          Code  Wk  startup_stm32f405xx.o [1]
TIM2_IRQHandler          0x800'ad63     0x6  Code  Gb  stm32f4xx_it.o [2]
TIM3_IRQHandler          0x800'b4d1          Code  Wk  startup_stm32f405xx.o [1]
TIM4_IRQHandler          0x800'b4d5          Code  Wk  startup_stm32f405xx.o [1]
TIM5_IRQHandler          0x800'b51d          Code  Wk  startup_stm32f405xx.o [1]
TIM6_DAC_IRQHandler      0x800'b52d          Code  Wk  startup_stm32f405xx.o [1]
TIM7_IRQHandler          0x800'b531          Code  Wk  startup_stm32f405xx.o [1]
TIM8_BRK_TIM12_IRQHandler
                         0x800'b505          Code  Wk  startup_stm32f405xx.o [1]
TIM8_CC_IRQHandler       0x800'b50d          Code  Wk  startup_stm32f405xx.o [1]
TIM8_TRG_COM_TIM14_IRQHandler
                         0x800'ad7b     0x6  Code  Gb  stm32f4xx_it.o [2]
TIM8_UP_TIM13_IRQHandler
                         0x800'b509          Code  Wk  startup_stm32f405xx.o [1]
TIM_Base_SetConfig       0x800'9c5b    0x96  Code  Gb  stm32f4xx_hal_tim.o [10]
TIM_ETR_SetConfig        0x800'9d73    0x14  Code  Gb  stm32f4xx_hal_tim.o [10]
TIM_ITRx_SetConfig       0x800'9d63    0x10  Code  Lc  stm32f4xx_hal_tim.o [10]
TIM_TI1_ConfigInputStage
                         0x800'9d21    0x1e  Code  Lc  stm32f4xx_hal_tim.o [10]
TIM_TI2_ConfigInputStage
                         0x800'9d3f    0x24  Code  Lc  stm32f4xx_hal_tim.o [10]
Timer_Stack             0x2000'4724   0x400  Data  Lc  cmsis_os2.o [11]
Timer_TCB               0x2000'46c8    0x5c  Data  Lc  cmsis_os2.o [11]
UART3_DMABuffer         0x2000'5178    0x40  Data  Lc  oslib_uart.o [7]
UART3_RxSema            0x2000'5074     0x4  Data  Gb  oslib_uart.o [7]
UART3_TaskBuffer        0x2000'5030    0x40  Data  Gb  oslib_uart.o [7]
UART3_TxBuffer          0x2000'5078   0x100  Data  Lc  oslib_uart.o [7]
UART3_TxSema            0x2000'5070     0x4  Data  Lc  oslib_uart.o [7]
UART4_IRQHandler         0x800'b525          Code  Wk  startup_stm32f405xx.o [1]
UART5_IRQHandler         0x800'b529          Code  Wk  startup_stm32f405xx.o [1]
UART_DMAAbortOnError     0x800'6035     0xe  Code  Lc  stm32f4xx_hal_uart.o [10]
UART_DMAError            0x800'5fb9    0x4a  Code  Lc  stm32f4xx_hal_uart.o [10]
UART_DMAReceiveCplt      0x800'5f79    0x38  Code  Lc  stm32f4xx_hal_uart.o [10]
UART_DMARxHalfCplt       0x800'5fb1     0x6  Code  Lc  stm32f4xx_hal_uart.o [10]
UART_DMATransmitCplt     0x800'5f45    0x2a  Code  Lc  stm32f4xx_hal_uart.o [10]
UART_DMATxHalfCplt       0x800'5f71     0x6  Code  Lc  stm32f4xx_hal_uart.o [10]
UART_EndRxTransfer       0x800'6015    0x1c  Code  Lc  stm32f4xx_hal_uart.o [10]
UART_EndTxTransfer       0x800'6003    0x12  Code  Lc  stm32f4xx_hal_uart.o [10]
UART_Receive_IT          0x800'6045    0x92  Code  Lc  stm32f4xx_hal_uart.o [10]
UART_SetConfig           0x800'60d7    0xcc  Code  Lc  stm32f4xx_hal_uart.o [10]
USART1_IRQHandler        0x800'b4f1          Code  Wk  startup_stm32f405xx.o [1]
USART2_IRQHandler        0x800'b4f5          Code  Wk  startup_stm32f405xx.o [1]
USART3_IRQHandler        0x800'ad69    0x12  Code  Gb  stm32f4xx_it.o [2]
USART6_IRQHandler        0x800'b55d          Code  Wk  startup_stm32f405xx.o [1]
Uart3RxSema_Attributes   0x800'2c90    0x10  Data  Gb  oslib_uart.o [7]
Uart3TxSema_Attributes   0x800'2c80    0x10  Data  Gb  oslib_uart.o [7]
UartCmdTask_Attributes   0x800'b278    0x24  Data  Gb  oslib_uart_cmd.o [7]
UartCommandTask          0x800'4d5d    0xb0  Code  Gb  oslib_uart_cmd.o [7]
UartCommandTaskHandle   0x2000'00f8     0x4  Data  Gb  oslib_uart_cmd.o [7]
UpdateSpeedPos           0x800'35a1    0x4a  Code  Gb  ctrl.o [2]
UsageFault_Handler       0x800'ad45     0x2  Code  Gb  stm32f4xx_it.o [2]
VelCtrl                  0x800'364b    0x12  Code  Gb  ctrl.o [2]
VelCtrlAll               0x800'6be3    0x2e  Code  Gb  motorTask.o [2]
VelLoopCfg               0x800'2d47    0x28  Code  Gb  command.o [2]
WWDG_IRQHandler          0x800'b475          Code  Wk  startup_stm32f405xx.o [1]
WelcomeMessage          0x2000'00f0     0x4  Data  Gb  oslib_uart_cmd.o [7]
_Command_Help            0x800'4e0d     0xe  Code  Lc  oslib_uart_cmd.o [7]
_DoInit                  0x800'9485    0x62  Code  Lc  SEGGER_RTT.o [6]
_GetAvailWriteSpace      0x800'9583    0x16  Code  Lc  SEGGER_RTT.o [6]
_LC                      0x800'0189     0x6  Code  Lc  xprintffull_nomb.o [12]
_LitobFullNoMb           0x800'0e51   0x114  Code  Lc  xprintffull_nomb.o [12]
_LocaleC_isalpha         0x800'1ab7     0xc  Code  Gb  xlocale_c.o [12]
_LocaleC_islower         0x800'1ab1     0x4  Code  Gb  xlocale_c.o [12]
_LocaleC_isspace         0x800'1acd    0x14  Code  Gb  xlocale_c.o [12]
_LocaleC_isupper         0x800'1ab5     0x2  Code  Gb  xlocale_c.o [12]
_LocaleC_tolower         0x800'1ae1     0xc  Code  Gb  xlocale_c.o [12]
_Locale_lconv           0x2000'0118    0x38  Data  Lc  xlocale_c.o [12]
_PrintUnsigned           0x800'61fd    0xc8  Code  Lc  SEGGER_RTT_printf.o [6]
_PrintUnsigned::_aV2C    0x800'6508    0x10  Data  Lc  SEGGER_RTT_printf.o [6]
_PrintfFullNoMb          0x800'018f   0xc92  Code  Gb  xprintffull_nomb.o [12]
_PutcharsFullNoMb        0x800'0fbd    0x2e  Code  Lc  xprintffull_nomb.o [12]
_SEGGER_RTT             0x2000'3db0    0xa8  Data  Gb  SEGGER_RTT.o [6]
_SNProut                 0x800'10c7    0x1a  Code  Gb  xsnprout.o [12]
_SProut                  0x800'13b7     0xa  Code  Gb  xsprout.o [12]
_StoreChar               0x800'61bd    0x3e  Code  Lc  SEGGER_RTT_printf.o [6]
_Strtok_ssave           0x2000'5874     0x4  Data  Lc  strtok.o [12]
_WriteBlocking           0x800'94e9    0x58  Code  Lc  SEGGER_RTT.o [6]
_WriteNoCheck            0x800'9541    0x42  Code  Lc  SEGGER_RTT.o [6]
__NVIC_SetPriority       0x800'a4d9    0x1a  Code  Lc  stm32f4xx_hal_cortex.o [10]
__aeabi_assert           0x800'981d    0x24  Code  Gb  ABIassert.o [15]
__aeabi_cdcmple          0x800'1215          Code  Gb  DblCmpLe.o [13]
__aeabi_cdrcmple         0x800'1249          Code  Gb  DblCmpGe.o [13]
__aeabi_d2f              0x800'2ca1          Code  Gb  DblToFlt.o [13]
__aeabi_d2iz             0x800'13c1          Code  Gb  DblToS32.o [13]
__aeabi_d2uiz            0x800'18c5          Code  Gb  DblToU32.o [13]
__aeabi_dadd             0x800'141d          Code  Gb  DblAddSub.o [13]
__aeabi_ddiv             0x800'167d          Code  Gb  DblDiv.o [13]
__aeabi_dmul             0x800'1905          Code  Gb  DblMul.o [13]
__aeabi_dsub             0x800'1599          Code  Gb  DblAddSub.o [13]
__aeabi_f2d              0x800'2855          Code  Gb  FltToDbl.o [13]
__aeabi_i2d              0x800'13f9          Code  Gb  S32ToDbl.o [13]
__aeabi_ldiv0            0x800'1c09          Code  Gb  I64DivZer.o [14]
__aeabi_memclr4          0x800'693d          Code  Gb  ABImemclr4.o [14]
__aeabi_memset4          0x800'7d0d          Code  Gb  ABImemset48.o [14]
__aeabi_memset8          0x800'7d0d          Code  Gb  ABImemset48.o [14]
__aeabi_ui2d             0x800'18e9          Code  Gb  U32ToDbl.o [13]
__cmain                  0x800'b305          Code  Gb  cmain.o [14]
__exit                   0x800'1c0d    0x14  Code  Gb  exit.o [15]
__iar_Fail_s             0x800'10e1    0x1c  Code  Gb  xfail_s.o [12]
__iar_Memchr             0x800'1135          Code  Gb  memchr.o [14]
__iar_Memset4_word       0x800'7d15          Code  Gb  ABImemset48.o [14]
__iar_Memset8_word       0x800'7d15          Code  Gb  ABImemset48.o [14]
__iar_Sto                0x800'5289     0x4  Code  Lc  strto64.o [13]
__iar_Sto64              0x800'5111   0x140  Code  Gb  strto64.o [13]
__iar_Stoflt             0x800'84c1   0x1b8  Code  Gb  iar_Stoflt.o [12]
__iar_Stolx              0x800'3fb9    0x8c  Code  Gb  iar_Stolx.o [12]
__iar_Stopfx             0x800'839d   0x122  Code  Gb  iar_Stopfx.o [12]
__iar_Stoul              0x800'3149     0x2  Code  Gb  iar_Stoulx.o [12]
__iar_Stoulx             0x800'3009   0x13a  Code  Gb  iar_Stoulx.o [12]
__iar_Stoxflt            0x800'8679   0x1d4  Code  Gb  iar_Stoxflt.o [12]
__iar_Stoxflt::digits    0x800'8850    0x18  Data  Lc  iar_Stoxflt.o [12]
__iar_Stoxflt::vals      0x800'8868    0x18  Data  Lc  iar_Stoxflt.o [12]
__iar_Strchr             0x800'10b1          Code  Gb  strchr.o [14]
__iar_data_init3         0x800'b22d    0x28  Code  Gb  data_init.o [14]
__iar_frexp              0x800'11b1          Code  Gb  frexp.o [13]
__iar_frexpl             0x800'11b1          Code  Gb  frexp.o [13]
__iar_globLocale        0x2000'0150    0x48  Data  Lc  xlocale_c.o [12]
__iar_global_Locale      0x800'1aed     0x4  Code  Gb  xlocale_c.o [12]
__iar_init_vfp           0x800'b2c1          Code  Gb  fpinit_M.o [13]
__iar_ldexp64            0x800'127d          Code  Gb  ldexp.o [13]
__iar_lz77_init_single3
                         0x800'1033    0x7e  Code  Gb  lz77_init_single.o [14]
__iar_program_start      0x800'b339          Code  Gb  cstartup_M.o [14]
__iar_scalbln64          0x800'127d          Code  Gb  ldexp.o [13]
__iar_scalbn64           0x800'127d          Code  Gb  ldexp.o [13]
__iar_small_Memcpy       0x800'1191          Code  Gb  ABImemcpy_small.o [14]
__iar_small_Memset       0x800'a76d          Code  Gb  ABImemset_small.o [14]
__iar_small_Memset_word
                         0x800'a76d          Code  Gb  ABImemset_small.o [14]
__iar_small_memcpy       0x800'118d          Code  Gb  ABImemcpy_small.o [14]
__iar_small_memcpy4      0x800'118d          Code  Gb  ABImemcpy_small.o [14]
__iar_small_memcpy8      0x800'118d          Code  Gb  ABImemcpy_small.o [14]
__iar_small_memset       0x800'a76d          Code  Gb  ABImemset_small.o [14]
__iar_small_strlen       0x800'1121          Code  Gb  strlen_small.o [14]
__iar_small_uldivmod     0x800'1afd          Code  Gb  I64DivMod_small.o [14]
__iar_softfp___iar_frexp64
                         0x800'11a5          Code  Gb  frexp.o [13]
__iar_softfp_frexp       0x800'11a5          Code  Gb  frexp.o [13]
__iar_softfp_frexpl      0x800'11a5          Code  Gb  frexp.o [13]
__iar_vfp_atof           0x800'284b     0x8  Code  Gb  math_wrappers64.o [13]
__iar_zero_init3         0x800'b0e9    0x38  Code  Gb  zero_init3.o [14]
__low_level_init         0x800'b323     0x4  Code  Gb  low_level_init.o [12]
__vector_table           0x800'0000          Data  Gb  startup_stm32f405xx.o [1]
_acDownBuffer           0x2000'4258    0x10  Data  Lc  SEGGER_RTT.o [6]
_acUpBuffer             0x2000'3e58   0x400  Data  Lc  SEGGER_RTT.o [6]
_call_main               0x800'b311          Code  Gb  cmain.o [14]
_exit                    0x800'b32d          Code  Gb  cexit.o [14]
abort                    0x800'1c03     0x6  Code  Gb  abort.o [12]
atof                     0x800'528d     0x6  Code  Gb  strto64.o [13]
atoi                     0x800'314b     0x2  Code  Gb  iar_Stoulx.o [12]
can1RecieveFunc          0x800'6945    0xb6  Code  Gb  motorTask.o [2]
can1RecieveFunc{4}{5}::msg
                        0x2000'5810    0x10  Data  Lc  motorTask.o [2]
can1RecieveQueueHandle  0x2000'5800     0x4  Data  Gb  freertos.o [2]
can1RecieveQueue_attributes
                         0x800'9e1c    0x18  Data  Gb  freertos.o [2]
can1RecieveTaskHandle   0x2000'57f8     0x4  Data  Gb  freertos.o [2]
can1RecieveTask_attributes
                         0x800'ac64    0x24  Data  Gb  freertos.o [2]
can1SendFunc             0x800'6a41     0x6  Code  Gb  motorTask.o [2]
can1SendTaskHandle      0x2000'57f4     0x4  Data  Gb  freertos.o [2]
can1SendTask_attributes
                         0x800'ac40    0x24  Data  Gb  freertos.o [2]
can1sendSemaHandle      0x2000'580c     0x4  Data  Gb  freertos.o [2]
can1sendSema_attributes
                         0x800'9e5c    0x10  Data  Gb  freertos.o [2]
can2Handle               0x800'6ab9    0xa6  Code  Gb  motorTask.o [2]
can2RecieveFunc          0x800'69fb    0x46  Code  Gb  motorTask.o [2]
can2RecieveFunc{1}{2}::msg
                        0x2000'5850    0x10  Data  Lc  motorTask.o [2]
can2RecieveQueueHandle  0x2000'5804     0x4  Data  Gb  freertos.o [2]
can2RecieveQueue_attributes
                         0x800'9e34    0x18  Data  Gb  freertos.o [2]
can2RecieveTaskHandle   0x2000'57fc     0x4  Data  Gb  freertos.o [2]
can2RecieveTask_attributes
                         0x800'ac88    0x24  Data  Gb  freertos.o [2]
cmpAtom                  0x800'73fd     0xc  Code  Lc  oslib_hash.o [8]
cmpStr                   0x800'740f     0xe  Code  Gb  oslib_hash.o [8]
crc16                    0x800'6cb1    0x28  Code  Gb  toolBoxScope.o [2]
crc16_tab                0x800'a780   0x200  Data  Gb  toolBoxScope.o [2]
defaultTaskHandle       0x2000'57f0     0x4  Data  Gb  freertos.o [2]
defaultTask_attributes   0x800'ac1c    0x24  Data  Gb  freertos.o [2]
digits                   0x800'af90    0x28  Data  Lc  iar_Stoulx.o [12]
drivers                 0x2000'4b24   0x2b0  Data  Gb  ctrl.o [2]
eTaskGetState            0x800'4481    0x66  Code  Gb  tasks.o [11]
exit                     0x800'b327     0x4  Code  Gb  exit.o [12]
firstFlag               0x2000'5820    0x10  Data  Gb  motorTask.o [2]
freeKeyAtom              0x800'740d     0x2  Code  Lc  oslib_hash.o [8]
hashAtom                 0x800'7409     0x4  Code  Lc  oslib_hash.o [8]
hashStr                  0x800'741d    0x1e  Code  Gb  oslib_hash.o [8]
hcan1                   0x2000'57a0    0x28  Data  Gb  can.o [2]
hcan2                   0x2000'57c8    0x28  Data  Gb  can.o [2]
hdma_usart3_rx          0x2000'53e4    0x60  Data  Gb  usart.o [2]
hdma_usart3_tx          0x2000'5444    0x60  Data  Gb  usart.o [2]
htim14                  0x2000'56a8    0x40  Data  Gb  stm32f4xx_hal_timebase_tim.o [2]
htim2                   0x2000'56e8    0x40  Data  Gb  tim.o [2]
huart3                  0x2000'5728    0x40  Data  Gb  usart.o [2]
isalpha                  0x800'a4b1    0x14  Code  Gb  isalpha.o [12]
isspace                  0x800'65d7    0x14  Code  Gb  isspace.o [12]
ldexp                    0x800'127d          Code  Gb  ldexp.o [13]
ldexpl                   0x800'127d          Code  Gb  ldexp.o [13]
localeconv               0x800'1af1     0x4  Code  Gb  xlocale_c.o [12]
main                     0x800'7bd9    0x36  Code  Gb  main.o [2]
maxPosVel               0x2000'00e0    0x10  Data  Gb  ctrl.o [2]
memchr                   0x800'1135          Code  Gb  memchr.o [14]
memset                   0x800'a4c5    0x14  Code  Gb  memset.o [14]
motorControlMode        0x2000'00dc     0x4  Data  Gb  ctrl.o [2]
motorType               0x2000'00d8     0x4  Data  Gb  ctrl.o [2]
motor_ReadParam          0x800'31e1    0x3e  Code  Gb  motorflash.o [2]
motor_WriteParam         0x800'3159    0x80  Code  Gb  motorflash.o [2]
motors                  0x2000'5540    0x50  Data  Gb  ctrl.o [2]
motorsMutexHandle       0x2000'5808     0x4  Data  Gb  freertos.o [2]
motorsMutex_attributes   0x800'9e4c    0x10  Data  Gb  freertos.o [2]
ndigs                    0x800'af68    0x28  Data  Lc  iar_Stoulx.o [12]
osDelay                  0x800'53cd    0x2e  Code  Gb  cmsis_os2.o [11]
osKernelInitialize       0x800'5295    0x2c  Code  Gb  cmsis_os2.o [11]
osKernelStart            0x800'52c9    0x36  Code  Gb  cmsis_os2.o [11]
osMessageQueueGet        0x800'57a1    0x62  Code  Gb  cmsis_os2.o [11]
osMessageQueueNew        0x800'56b5    0x76  Code  Gb  cmsis_os2.o [11]
osMessageQueuePut        0x800'573b    0x66  Code  Gb  cmsis_os2.o [11]
osMutexAcquire           0x800'5493    0x60  Code  Gb  cmsis_os2.o [11]
osMutexNew               0x800'541d    0x76  Code  Gb  cmsis_os2.o [11]
osMutexRelease           0x800'54f3    0x4e  Code  Gb  cmsis_os2.o [11]
osSemaphoreAcquire       0x800'55f1    0x5e  Code  Gb  cmsis_os2.o [11]
osSemaphoreNew           0x800'5541    0xa6  Code  Gb  cmsis_os2.o [11]
osSemaphoreRelease       0x800'564f    0x4e  Code  Gb  cmsis_os2.o [11]
osThreadExit             0x800'53bd     0x8  Code  Gb  cmsis_os2.o [11]
osThreadNew              0x800'530b    0xac  Code  Gb  cmsis_os2.o [11]
pFlash                  0x2000'5830    0x20  Data  Gb  stm32f4xx_hal_flash.o [10]
perCur                  0x2000'55a0    0x10  Data  Gb  ctrl.o [2]
pows                     0x800'b030    0x48  Data  Lc  strto64.o [13]
prvAddCurrentTaskToDelayedList
                         0x800'4ce9    0x4e  Code  Lc  tasks.o [11]
prvAddNewTaskToReadyList
                         0x800'4341    0xb0  Code  Lc  tasks.o [11]
prvCheckForValidListAndQueue
                         0x800'8291    0x4e  Code  Lc  timers.o [11]
prvCheckForValidListAndQueue{1}{2}{3}{4}::ucStaticTimerQueueStorage
                        0x2000'5244    0xa0  Data  Lc  timers.o [11]
prvCheckForValidListAndQueue{1}{2}{3}{4}::xStaticTimerQueue
                        0x2000'51f4    0x50  Data  Lc  timers.o [11]
prvCopyDataFromQueue     0x800'907d    0x28  Code  Lc  queue.o [11]
prvCopyDataToQueue       0x800'9015    0x68  Code  Lc  queue.o [11]
prvDeleteTCB             0x800'4a3d    0x2e  Code  Lc  tasks.o [11]
prvIdleTask              0x800'4925    0x40  Code  Lc  tasks.o [11]
prvInitialiseMutex       0x800'89b3    0x12  Code  Lc  queue.o [11]
prvInitialiseNewQueue    0x800'8993    0x20  Code  Lc  queue.o [11]
prvInitialiseNewTask     0x800'42b3    0x8e  Code  Lc  tasks.o [11]
prvInsertBlockIntoFreeList
                         0x800'41a9    0x46  Code  Lc  heap_4.o [11]
prvInsertTimerInActiveList
                         0x800'825b    0x34  Code  Lc  timers.o [11]
prvIsQueueEmpty          0x800'910d    0x16  Code  Lc  queue.o [11]
prvListTasksWithinSingleList
                         0x800'49cf    0x4a  Code  Lc  tasks.o [11]
prvResetNextTaskUnblockTime
                         0x800'4a6b    0x1a  Code  Lc  tasks.o [11]
prvSampleTimeNow         0x800'81e5    0x76  Code  Lc  timers.o [11]
prvSampleTimeNow::xLastTime
                        0x2000'51c8     0x4  Data  Lc  timers.o [11]
prvTaskCheckFreeStackSpace
                         0x800'4a27    0x16  Code  Lc  tasks.o [11]
prvTaskExitError         0x800'7e01    0x1c  Code  Lc  port.o [11]
prvTimerTask             0x800'8059   0x18c  Code  Lc  timers.o [11]
prvUnlockQueue           0x800'90a5    0x68  Code  Lc  queue.o [11]
pvPortMalloc             0x800'4049    0xfe  Code  Gb  heap_4.o [11]
pvTaskIncrementMutexHeldCount
                         0x800'4caf    0x14  Code  Gb  tasks.o [11]
pxCurrentTCB            0x2000'54cc     0x4  Data  Gb  tasks.o [11]
pxCurrentTimerList      0x2000'51b8     0x4  Data  Lc  timers.o [11]
pxDelayedTaskList       0x2000'54d0     0x4  Data  Lc  tasks.o [11]
pxEnd                   0x2000'01a0     0x4  Data  Lc  heap_4.o [11]
pxOverflowDelayedTaskList
                        0x2000'54d4     0x4  Data  Lc  tasks.o [11]
pxOverflowTimerList     0x2000'51bc     0x4  Data  Lc  timers.o [11]
pxPortInitialiseStack    0x800'7dd9    0x26  Code  Gb  port.o [11]
pxReadyTasksLists       0x2000'4268   0x460  Data  Lc  tasks.o [11]
reset_PID                0x800'65cd     0xa  Code  Gb  utils.o [8]
returnInfo               0x800'6b61    0x82  Code  Gb  motorTask.o [2]
scalbln                  0x800'127d          Code  Gb  ldexp.o [13]
scalblnl                 0x800'127d          Code  Gb  ldexp.o [13]
scalbn                   0x800'127d          Code  Gb  ldexp.o [13]
scalbnl                  0x800'127d          Code  Gb  ldexp.o [13]
scale                    0x800'0f65    0x46  Code  Lc  xprintffull_nomb.o [12]
sec_hand                0x2000'5878     0x4  Data  Lc  xfail_s.o [12]
sprintf                  0x800'82f9    0x40  Code  Gb  sprintf.o [12]
strchr                   0x800'10b1          Code  Gb  strchr.o [14]
strcmp                   0x800'9809          Code  Gb  strcmp.o [14]
strcpy                   0x800'8339          Code  Gb  strcpy.o [14]
strcspn                  0x800'a48f    0x22  Code  Gb  strcspn.o [12]
strspn                   0x800'a46d    0x22  Code  Gb  strspn.o [12]
strtok                   0x800'8351    0x4c  Code  Gb  strtok.o [12]
strtol                   0x800'4045     0x4  Code  Gb  iar_Stolx.o [12]
tasklist_buffer         0x2000'52e4   0x100  Data  Lc  cmd_func.o [4]
time_1ms_cnt            0x2000'5870     0x4  Data  Gb  main.o [2]
tolower                  0x800'65eb    0x14  Code  Gb  tolower.o [12]
toolBox_scope            0x800'6cd9    0xaa  Code  Gb  toolBoxScope.o [2]
ucHeap                  0x2000'01b0  0x3c00  Data  Lc  heap_4.o [11]
ucMaxSysCallPriority    0x2000'00fc     0x1  Data  Lc  port.o [11]
ulMaxPRIGROUPValue      0x2000'0104     0x4  Data  Lc  port.o [11]
uwTick                  0x2000'010c     0x4  Data  Gb  stm32f4xx_hal.o [10]
uwTickFreq              0x2000'0108     0x1  Data  Gb  stm32f4xx_hal.o [10]
uwTickPrio              0x2000'0110     0x4  Data  Gb  stm32f4xx_hal.o [10]
uxCriticalNesting       0x2000'0100     0x4  Data  Lc  port.o [11]
uxCurrentNumberOfTasks  0x2000'54f0     0x4  Data  Lc  tasks.o [11]
uxDeletedTasksWaitingCleanUp
                        0x2000'54d8     0x4  Data  Lc  tasks.o [11]
uxListRemove             0x800'7db3    0x26  Code  Gb  list.o [11]
uxPendedTicks           0x2000'5500     0x4  Data  Lc  tasks.o [11]
uxSchedulerSuspended    0x2000'5514     0x4  Data  Lc  tasks.o [11]
uxTaskGetSystemState     0x800'462f    0x8c  Code  Gb  tasks.o [11]
uxTaskNumber            0x2000'550c     0x4  Data  Lc  tasks.o [11]
uxTopReadyPriority      0x2000'54f8     0x4  Data  Lc  tasks.o [11]
vApplicationGetIdleTaskMemory
                         0x800'5811    0x10  Code  Gb  cmsis_os2.o [11]
vApplicationGetTimerTaskMemory
                         0x800'5821    0x12  Code  Gb  cmsis_os2.o [11]
vListInitialise          0x800'7d47    0x1a  Code  Gb  list.o [11]
vListInitialiseItem      0x800'7d61     0x6  Code  Gb  list.o [11]
vListInsert              0x800'7d81    0x32  Code  Gb  list.o [11]
vListInsertEnd           0x800'7d67    0x1a  Code  Gb  list.o [11]
vPortEnableVFP           0x800'a451          Code  Gb  portasm.o [11]
vPortEnterCritical       0x800'7ebd    0x32  Code  Gb  port.o [11]
vPortExitCritical        0x800'7eef    0x22  Code  Gb  port.o [11]
vPortFree                0x800'4155    0x4e  Code  Gb  heap_4.o [11]
vPortSetupTimerInterrupt
                         0x800'a395    0x28  Code  Wk  port.o [11]
vPortStartFirstTask      0x800'a431          Code  Gb  portasm.o [11]
vPortValidateInterruptPriority
                         0x800'7f39    0x34  Code  Gb  port.o [11]
vQueueAddToRegistry      0x800'9123    0x20  Code  Gb  queue.o [11]
vQueueDelete             0x800'8ff3    0x22  Code  Gb  queue.o [11]
vQueueUnregisterQueue    0x800'9143    0x22  Code  Gb  queue.o [11]
vQueueWaitForMessageRestricted
                         0x800'9171    0x48  Code  Gb  queue.o [11]
vTaskDelay               0x800'4453    0x2e  Code  Gb  tasks.o [11]
vTaskDelete              0x800'43f1    0x62  Code  Gb  tasks.o [11]
vTaskGetInfo             0x800'4965    0x6a  Code  Gb  tasks.o [11]
vTaskInternalSetTimeOutState
                         0x800'48a7     0xe  Code  Gb  tasks.o [11]
vTaskList                0x800'4bf9    0xb6  Code  Gb  tasks.o [11]
vTaskMissedYield         0x800'491b     0xa  Code  Gb  tasks.o [11]
vTaskPlaceOnEventList    0x800'47d7    0x20  Code  Gb  tasks.o [11]
vTaskPlaceOnEventListRestricted
                         0x800'4811    0x2c  Code  Gb  tasks.o [11]
vTaskPriorityDisinheritAfterTimeout
                         0x800'4b85    0x72  Code  Gb  tasks.o [11]
vTaskStartScheduler      0x800'44fd    0x6c  Code  Gb  tasks.o [11]
vTaskSuspendAll          0x800'4571     0xc  Code  Gb  tasks.o [11]
vTaskSwitchContext       0x800'477f    0x50  Code  Gb  tasks.o [11]
vsnprintf                0x800'6519    0x3c  Code  Gb  vsnprint.o [12]
wave                    0x2000'5590    0x10  Data  Gb  ctrl.o [2]
waveNum                 0x2000'55b0     0x4  Data  Gb  ctrl.o [2]
xActiveTimerList1       0x2000'51cc    0x14  Data  Lc  timers.o [11]
xActiveTimerList2       0x2000'51e0    0x14  Data  Lc  timers.o [11]
xBlockAllocatedBit      0x2000'01ac     0x4  Data  Lc  heap_4.o [11]
xDelayedTaskList1       0x2000'5518    0x14  Data  Lc  tasks.o [11]
xDelayedTaskList2       0x2000'552c    0x14  Data  Lc  tasks.o [11]
xFreeBytesRemaining     0x2000'01a4     0x4  Data  Lc  heap_4.o [11]
xMinimumEverFreeBytesRemaining
                        0x2000'01a8     0x4  Data  Lc  heap_4.o [11]
xNextTaskUnblockTime    0x2000'5510     0x4  Data  Lc  tasks.o [11]
xNumOfOverflows         0x2000'5508     0x4  Data  Lc  tasks.o [11]
xPendingReadyList       0x2000'54a4    0x14  Data  Lc  tasks.o [11]
xPortGetFreeHeapSize     0x800'41a3     0x6  Code  Gb  heap_4.o [11]
xPortStartScheduler      0x800'7e1d    0xa0  Code  Gb  port.o [11]
xQueueCreateCountingSemaphore
                         0x800'8a9f    0x2e  Code  Gb  queue.o [11]
xQueueCreateCountingSemaphoreStatic
                         0x800'8a6b    0x34  Code  Gb  queue.o [11]
xQueueCreateMutex        0x800'89c5    0x16  Code  Gb  queue.o [11]
xQueueCreateMutexStatic
                         0x800'89db    0x1a  Code  Gb  queue.o [11]
xQueueGenericCreate      0x800'8955    0x3e  Code  Gb  queue.o [11]
xQueueGenericCreateStatic
                         0x800'88f3    0x62  Code  Gb  queue.o [11]
xQueueGenericReset       0x800'8881    0x72  Code  Gb  queue.o [11]
xQueueGenericSend        0x800'8acd   0x126  Code  Gb  queue.o [11]
xQueueGenericSendFromISR
                         0x800'8bfb    0x8a  Code  Gb  queue.o [11]
xQueueGiveFromISR        0x800'8c85    0x70  Code  Gb  queue.o [11]
xQueueGiveMutexRecursive
                         0x800'89f5    0x32  Code  Gb  queue.o [11]
xQueueReceive            0x800'8d09   0x104  Code  Gb  queue.o [11]
xQueueReceiveFromISR     0x800'8f71    0x82  Code  Gb  queue.o [11]
xQueueRegistry          0x2000'5668    0x40  Data  Gb  queue.o [11]
xQueueSemaphoreTake      0x800'8e0d   0x12e  Code  Gb  queue.o [11]
xQueueTakeMutexRecursive
                         0x800'8a27    0x34  Code  Gb  queue.o [11]
xSchedulerRunning       0x2000'54fc     0x4  Data  Lc  tasks.o [11]
xStart                  0x2000'0198     0x8  Data  Lc  heap_4.o [11]
xSuspendedTaskList      0x2000'54dc    0x14  Data  Lc  tasks.o [11]
xTaskCheckForTimeOut     0x800'48b5    0x66  Code  Gb  tasks.o [11]
xTaskCreate              0x800'4257    0x5c  Code  Gb  tasks.o [11]
xTaskCreateStatic        0x800'41f5    0x62  Code  Gb  tasks.o [11]
xTaskGetCurrentTaskHandle
                         0x800'4a85     0x8  Code  Gb  tasks.o [11]
xTaskGetSchedulerState   0x800'4a8d    0x18  Code  Gb  tasks.o [11]
xTaskGetTickCount        0x800'4627     0x8  Code  Gb  tasks.o [11]
xTaskIncrementTick       0x800'46c1    0xbe  Code  Gb  tasks.o [11]
xTaskPriorityDisinherit
                         0x800'4b13    0x5a  Code  Gb  tasks.o [11]
xTaskPriorityInherit     0x800'4aa5    0x68  Code  Gb  tasks.o [11]
xTaskRemoveFromEventList
                         0x800'4849    0x4c  Code  Gb  tasks.o [11]
xTaskResumeAll           0x800'457d    0x9a  Code  Gb  tasks.o [11]
xTasksWaitingTermination
                        0x2000'54b8    0x14  Data  Lc  tasks.o [11]
xTickCount              0x2000'54f4     0x4  Data  Lc  tasks.o [11]
xTimerCreateTimerTask    0x800'7fa1    0x54  Code  Gb  timers.o [11]
xTimerGenericCommand     0x800'7ffb    0x4e  Code  Gb  timers.o [11]
xTimerQueue             0x2000'51c0     0x4  Data  Lc  timers.o [11]
xTimerTaskHandle        0x2000'51c4     0x4  Data  Lc  timers.o [11]
xYieldPending           0x2000'5504     0x4  Data  Lc  tasks.o [11]


[1] = e:\ptyzlyy_doc\BUPT\Robot\Code\Project\DJI_Ctrl\dji_driver_v2\EWARM\dji_driver_v2.0\Obj\Application\EWARM
[2] = e:\ptyzlyy_doc\BUPT\Robot\Code\Project\DJI_Ctrl\dji_driver_v2\EWARM\dji_driver_v2.0\Obj\Application\User\Core
[3] = e:\ptyzlyy_doc\BUPT\Robot\Code\Project\DJI_Ctrl\dji_driver_v2\EWARM\dji_driver_v2.0\Obj\Application\oslib
[4] = e:\ptyzlyy_doc\BUPT\Robot\Code\Project\DJI_Ctrl\dji_driver_v2\EWARM\dji_driver_v2.0\Obj\Application\oslib\app
[5] = e:\ptyzlyy_doc\BUPT\Robot\Code\Project\DJI_Ctrl\dji_driver_v2\EWARM\dji_driver_v2.0\Obj\Application\oslib\can
[6] = e:\ptyzlyy_doc\BUPT\Robot\Code\Project\DJI_Ctrl\dji_driver_v2\EWARM\dji_driver_v2.0\Obj\Application\oslib\debug
[7] = e:\ptyzlyy_doc\BUPT\Robot\Code\Project\DJI_Ctrl\dji_driver_v2\EWARM\dji_driver_v2.0\Obj\Application\oslib\uart
[8] = e:\ptyzlyy_doc\BUPT\Robot\Code\Project\DJI_Ctrl\dji_driver_v2\EWARM\dji_driver_v2.0\Obj\Application\oslib\utils
[9] = e:\ptyzlyy_doc\BUPT\Robot\Code\Project\DJI_Ctrl\dji_driver_v2\EWARM\dji_driver_v2.0\Obj\Drivers\CMSIS
[10] = e:\ptyzlyy_doc\BUPT\Robot\Code\Project\DJI_Ctrl\dji_driver_v2\EWARM\dji_driver_v2.0\Obj\Drivers\STM32F4xx_HAL_Driver
[11] = e:\ptyzlyy_doc\BUPT\Robot\Code\Project\DJI_Ctrl\dji_driver_v2\EWARM\dji_driver_v2.0\Obj\Middlewares\FreeRTOS
[12] = dl7M_tlf.a
[13] = m7M_tls.a
[14] = rt7M_tl.a
[15] = shb_l.a

  43'557 bytes of readonly  code memory
   3'050 bytes of readonly  data memory
  23'676 bytes of readwrite data memory

Errors: none
Warnings: none
